******************************************************************************
        TMS320C2000 COFF Linker PC v5.0.0                      
******************************************************************************
>> Linked Fri Apr 24 10:53:41 2015

OUTPUT FILE NAME:   <./Debug/PEC_10.out>
ENTRY POINT SYMBOL: "code_start"  address: 00140000


MEMORY CONFIGURATION

         name            origin    length      used     unused   attr    fill
----------------------  --------  ---------  --------  --------  ----  --------
PAGE 0:
  ZONE0                 00004000   00001000  00000000  00001000  RWIX
  RAML1                 00008000   00002000  00000b63  0000149d  RWIX
  BEGIN                 00140000   00000002  00000002  00000000  RWIX
  list_head             00140100   00000010  00000001  0000000f  RWIX
  mod_list              00140110   00000190  0000005a  00000136  RWIX
  DR_list_head          00140300   00000010  00000001  0000000f  RWIX
  DR_list               00140310   00000190  00000028  00000168  RWIX
  FLASHA                00140500   00035b00  00030d9a  00004d66  RWIX
  ZONE7A                00200000   0000fc00  00000000  0000fc00  RWIX
  CSM_RSVD              00336f80   00000076  00000000  00000076  RWIX
  CSM_PWL               0033fff8   00000008  00000000  00000008  RWIX
  ADC_CAL               00380080   00000009  00000007  00000002  RWIX
  OTP                   00380400   00000400  00000000  00000400  RWIX
  IQTABLES              003fe000   00000b50  00000000  00000b50  RWIX
  IQTABLES2             003feb50   0000008c  00000000  0000008c  RWIX
  FPUTABLES             003febdc   000006a0  00000000  000006a0  RWIX
  ROM                   003ff27c   00000d44  00000000  00000d44  RWIX
  RESET                 003fffc0   00000002  00000000  00000002  RWIX
  VECTORS               003fffc2   0000003e  00000000  0000003e  RWIX

PAGE 1:
  BOOT_RSVD             00000000   00000050  00000000  00000050  RWIX
  RAMM0                 00000050   000003b0  00000000  000003b0  RWIX
  RAMM1                 00000400   00000400  000003b0  00000050  RWIX
  DEV_EMU               00000880   00000180  000000d0  000000b0  RWIX
  FLASH_REGS            00000a80   00000060  00000008  00000058  RWIX
  CSM                   00000ae0   00000010  00000010  00000000  RWIX
  ADC_MIRROR            00000b00   00000010  00000010  00000000  RWIX
  XINTF                 00000b20   00000020  0000001e  00000002  RWIX
  CPU_TIMER0            00000c00   00000008  00000008  00000000  RWIX
  CPU_TIMER1            00000c08   00000008  00000008  00000000  RWIX
  CPU_TIMER2            00000c10   00000008  00000008  00000000  RWIX
  PIE_CTRL              00000ce0   00000020  0000001a  00000006  RWIX
  PIE_VECT              00000d00   00000100  00000100  00000000  RWIX
  DMA                   00001000   00000200  000000e0  00000120  RWIX
  MCBSPA                00005000   00000040  00000025  0000001b  RWIX
  MCBSPB                00005040   00000040  00000025  0000001b  RWIX
  ECANA                 00006000   00000040  00000034  0000000c  RWIX
  ECANA_LAM             00006040   00000040  00000040  00000000  RWIX
  ECANA_MOTS            00006080   00000040  00000040  00000000  RWIX
  ECANA_MOTO            000060c0   00000040  00000040  00000000  RWIX
  ECANA_MBOX            00006100   00000100  00000100  00000000  RWIX
  ECANB                 00006200   00000040  00000034  0000000c  RWIX
  ECANB_LAM             00006240   00000040  00000040  00000000  RWIX
  ECANB_MOTS            00006280   00000040  00000040  00000000  RWIX
  ECANB_MOTO            000062c0   00000040  00000040  00000000  RWIX
  ECANB_MBOX            00006300   00000100  00000100  00000000  RWIX
  EPWM1                 00006800   00000022  00000022  00000000  RWIX
  EPWM2                 00006840   00000022  00000022  00000000  RWIX
  EPWM3                 00006880   00000022  00000022  00000000  RWIX
  EPWM4                 000068c0   00000022  00000022  00000000  RWIX
  EPWM5                 00006900   00000022  00000022  00000000  RWIX
  EPWM6                 00006940   00000022  00000022  00000000  RWIX
  ECAP1                 00006a00   00000020  00000020  00000000  RWIX
  ECAP2                 00006a20   00000020  00000020  00000000  RWIX
  ECAP3                 00006a40   00000020  00000020  00000000  RWIX
  ECAP4                 00006a60   00000020  00000020  00000000  RWIX
  ECAP5                 00006a80   00000020  00000020  00000000  RWIX
  ECAP6                 00006aa0   00000020  00000020  00000000  RWIX
  EQEP1                 00006b00   00000040  00000040  00000000  RWIX
  EQEP2                 00006b40   00000040  00000040  00000000  RWIX
  GPIOCTRL              00006f80   00000040  0000002e  00000012  RWIX
  GPIODAT               00006fc0   00000020  00000020  00000000  RWIX
  GPIOINT               00006fe0   00000020  0000000a  00000016  RWIX
  SYSTEM                00007010   00000020  00000020  00000000  RWIX
  SPIA                  00007040   00000010  00000010  00000000  RWIX
  SCIA                  00007050   00000010  00000010  00000000  RWIX
  XINTRUPT              00007070   00000010  00000010  00000000  RWIX
  ADC                   00007100   00000020  0000001e  00000002  RWIX
  SCIB                  00007750   00000010  00000010  00000000  RWIX
  SCIC                  00007770   00000010  00000010  00000000  RWIX
  I2CA                  00007900   00000040  00000022  0000001e  RWIX
  MY_FAST_RAM           0000a000   00003000  000021c0  00000e40  RWIX
  FFT_RAM               0000d000   00000c44  00000c06  0000003e  RWIX
  MY_STACK              0000e000   00002000  00001c8a  00000376  RWIX
  SRAM                  00100000   0003f000  00016745  000288bb  RWIX
  ZONE7B                0020fc00   00000400  00000000  00000400  RWIX
  CSM_PWL               0033fff8   00000008  00000008  00000000  RWIX


SECTION ALLOCATION MAP

 output                                  attributes/
section   page    origin      length       input sections
--------  ----  ----------  ----------   ----------------
.data      0    00000000    00000000     UNINITIALIZED

codestart 
*          0    00140000    00000002     
                  00140000    00000002     DSP2833x_CodeStartBranch.obj (codestart)

MOD_LIST_HEAD 
*          0    00140100    00000001     UNINITIALIZED
                  00140100    00000001     main.obj (MOD_LIST_HEAD)

MOD_LIST_ADDR 
*          0    00140110    0000005a     
                  00140110    00000006     app_BBmod.obj (MOD_LIST_ADDR)
                  00140116    00000006     app_DLparamJYmod.obj (MOD_LIST_ADDR)
                  0014011c    00000006     app_ERRmod.obj (MOD_LIST_ADDR)
                  00140122    00000006     app_FIL.obj (MOD_LIST_ADDR)
                  00140128    00000006     app_PTCTmod.obj (MOD_LIST_ADDR)
                  0014012e    00000006     app_RMmod.obj (MOD_LIST_ADDR)
                  00140134    00000006     app_Searchmod.obj (MOD_LIST_ADDR)
                  0014013a    00000006     app_TIME_ERRmod.obj (MOD_LIST_ADDR)
                  00140140    00000006     app_VMmod.obj (MOD_LIST_ADDR)
                  00140146    00000006     app_WIRmod.obj (MOD_LIST_ADDR)
                  0014014c    00000006     app_XBmod.obj (MOD_LIST_ADDR)
                  00140152    00000006     app_XCERRmod.obj (MOD_LIST_ADDR)
                  00140158    00000006     app_ZZmod.obj (MOD_LIST_ADDR)
                  0014015e    00000006     app_startmod.obj (MOD_LIST_ADDR)
                  00140164    00000006     app_wavemod.obj (MOD_LIST_ADDR)

DR_LIST_HEAD 
*          0    00140300    00000001     UNINITIALIZED
                  00140300    00000001     main.obj (DR_LIST_HEAD)

DR_LIST_ADDR 
*          0    00140310    00000028     
                  00140310    00000028     OSdriver.obj (DR_LIST_ADDR)

.pinit     0    00140500    00000000     UNINITIALIZED

.text      0    00140500    00023d26     
                  00140500    00000604     cfft32i.od (.text)
                  00140b04    00000020     rts2800_fpu32.lib : sqrt.obj (.text)
                  00140b24    00006040     app_RMmod.obj (.text)
                  00146b64    0000262e     app_WIRmod.obj (.text)
                  00149192    000024fc     measuredriver.obj (.text)
                  0014b68e    0000242f     FatFs.obj (.text)
                  0014dabd    0000228e     app_XCERRmod.obj (.text)
                  0014fd4b    00001f40     Gui_widget.obj (.text)
                  00151c8b    00001aee     OSdriver.obj (.text)
                  00153779    000018c6     app_VMmod.obj (.text)
                  0015503f    00001829     app_DLparamJYmod.obj (.text)
                  00156868    00001808     app_startmod.obj (.text)
                  00158070    00001376     app_ERRmod.obj (.text)
                  001593e6    000012c6     app_ZZmod.obj (.text)
                  0015a6ac    00000f99     app_TIME_ERRmod.obj (.text)
                  0015b645    00000a5c     key_input_method.obj (.text)
                  0015c0a1    000009bf     Gui_core.obj (.text)
                  0015ca60    000009a5     N_support.obj (.text)
                  0015d405    00000990     rts2800_fpu32.lib : _printfi.obj (.text)
                  0015dd95    000008fb     main_ext.obj (.text)
                  0015e690    000008b2     bsp.obj (.text)
                  0015ef42    0000082c     app_XBmod.obj (.text)
                  0015f76e    00000751     app_Searchmod.obj (.text)
                  0015febf    00000647     app_wavemod.obj (.text)
                  00160506    0000062e     os_connect.obj (.text)
                  00160b34    00000579     uCOS_II.obj (.text)
                  001610ad    00000468     app_PTCTmod.obj (.text)
                  00161515    00000393     USB_connect.obj (.text)
                  001618a8    00000366     Gui_lcd_connect.obj (.text)
                  00161c0e    000002c0     app_BBmod.obj (.text)
                  00161ece    0000026f     GUI_Polygon.obj (.text)
                  0016213d    00000235     GUI_circle.obj (.text)
                  00162372    000001ff     Gui_cursor.obj (.text)
                  00162571    000001e1     GUI_str.obj (.text)
                  00162752    00000162     app_FIL.obj (.text)
                  001628b4    00000161     key_GBcode.obj (.text)
                  00162a15    00000157     GUI_lcd_driver.obj (.text)
                  00162b6c    00000153     GUI_Msg.obj (.text)
                  00162cbf    00000152     os_cpu_c.obj (.text)
                  00162e11    0000013d     GUI_libext.obj (.text)
                  00162f4e    0000013d     Gui_front_connect.obj (.text)
                  0016308b    00000127     GUI_OS.obj (.text)
                  001631b2    00000125     GUI_Memdev.obj (.text)
                  001632d7    0000010a     cfft32c.od (.text)
                  001633e1    00000108     key_layer.obj (.text)
                  001634e9    00000107     rts2800_fpu32.lib : ll_div.obj (.text)
                  001635f0    00000102     GUI_hook.obj (.text)
                  001636f2    000000f0     rts2800_fpu32.lib : fs_div.obj (.text)
                  001637e2    000000af     main.obj (.text)
                  00163891    000000a7     rts2800_fpu32.lib : atan2.obj (.text)
                  00163938    000000a3     voice_buz.obj (.text)
                  001639db    0000009c     rts2800_fpu32.lib : fd_add.obj (.text)
                  00163a77    0000009a     GUI_mem.obj (.text)
                  00163b11    0000008b     rts2800_fpu32.lib : fd_div.obj (.text)
                  00163b9c    00000083                       : fd_mpy.obj (.text)
                  00163c1f    0000006f                       : acos.obj (.text)
                  00163c8e    00000066     GUI_liblocal.obj (.text)
                  00163cf4    00000066     rts2800_fpu32.lib : log10.obj (.text)
                  00163d5a    00000066     rfft32s.od (.text)
                  00163dc0    00000061     rts2800_fpu32.lib : cos.obj (.text)
                  00163e21    0000005f                       : sin.obj (.text)
                  00163e80    00000046                       : boot.obj (.text)
                  00163ec6    0000003a                       : atol.obj (.text)
                  00163f00    00000031                       : sprintf.obj (.text)
                  00163f31    00000031                       : atoi.obj (.text)
                  00163f62    0000002e                       : ltoa.obj (.text)
                  00163f90    0000002a                       : l_div.obj (.text)
                  00163fba    0000002a                       : fd_cmp.obj (.text)
                  00163fe4    00000025                       : fs_toull.obj (.text)
                  00164009    00000024     rfft32w.od (.text)
                  0016402d    00000022     rts2800_fpu32.lib : i_div.obj (.text)
                  0016404f    00000022     rfft32br.od (.text)
                  00164071    00000021     rts2800_fpu32.lib : fd_toi.obj (.text)
                  00164092    00000021                       : memcpy_ff.obj (.text)
                  001640b3    0000001f                       : fd_tol.obj (.text)
                  001640d2    0000001f                       : strncpy.obj (.text)
                  001640f1    0000001e                       : ll_cmp.obj (.text)
                  0016410f    0000001c                       : l_tofd.obj (.text)
                  0016412b    0000001c                       : fs_tofd.obj (.text)
                  00164147    00000018                       : exit.obj (.text)
                  0016415f    00000016                       : frexp.obj (.text)
                  00164175    00000015                       : args_main.obj (.text)
                  0016418a    00000014                       : ll_mpy.obj (.text)
                  0016419e    00000012                       : memccpy.obj (.text)
                  001641b0    0000000e                       : fd_sub.obj (.text)
                  001641be    0000000c     DSP2833x_CodeStartBranch.obj (.text)
                  001641ca    0000000c     rts2800_fpu32.lib : isalnum.obj (.text)
                  001641d6    0000000c                       : isdigit.obj (.text)
                  001641e2    0000000b                       : u_div.obj (.text)
                  001641ed    0000000a                       : strlen.obj (.text)
                  001641f7    00000009                       : _lock.obj (.text)
                  00164200    00000009                       : strcpy.obj (.text)
                  00164209    00000009                       : strchr.obj (.text)
                  00164212    00000009                       : memset.obj (.text)
                  0016421b    00000009                       : fd_neg.obj (.text)
                  00164224    00000001     GUI_arrow.obj (.text)
                  00164225    00000001     Gui_touch.obj (.text)

.econst    0    00164226    0000b2af     
                  00164226    000015ee     app_RMmod.obj (.econst)
                  00165814    000006e5     app_WIRmod.obj (.econst)
                  00165ef9    00000001     --HOLE-- [fill = 0]
                  00165efa    0000054c     app_XCERRmod.obj (.econst)
                  00166446    000003c0     app_ERRmod.obj (.econst)
                  00166806    00000391     app_startmod.obj (.econst)
                  00166b97    00000001     --HOLE-- [fill = 0]
                  00166b98    00000308     app_WIRmod.obj (.econst:_cha96)
                  00166ea0    00000302     app_ZZmod.obj (.econst)
                  001671a2    000002c5     app_DLparamJYmod.obj (.econst)
                  00167467    00000001     --HOLE-- [fill = 0]
                  00167468    00000238     OSdriver.obj (.econst)
                  001676a0    0000020c     app_VMmod.obj (.econst)
                  001678ac    00000180     app_WIRmod.obj (.econst:_cha48)
                  00167a2c    00000173     app_TIME_ERRmod.obj (.econst)
                  00167b9f    00000001     --HOLE-- [fill = 0]
                  00167ba0    0000014b     app_BBmod.obj (.econst)
                  00167ceb    00000001     --HOLE-- [fill = 0]
                  00167cec    00000122     main_ext.obj (.econst)
                  00167e0e    00000100     bsp.obj (.econst)
                  00167f0e    000000fd     app_Searchmod.obj (.econst)
                  0016800b    00000001     --HOLE-- [fill = 0]
                  0016800c    000000fb     app_XBmod.obj (.econst)
                  00168107    00000001     --HOLE-- [fill = 0]
                  00168108    000000f0     key_GBcode.obj (.econst)
                  001681f8    000000e2     GUI_liblocal.obj (.econst)
                  001682da    000000b7     app_PTCTmod.obj (.econst)
                  00168391    00000001     --HOLE-- [fill = 0]
                  00168392    000000ac     FatFs.obj (.econst)
                  0016843e    00000070     app_ERRmod.obj (.econst:_app_errmod_Idialogbox)
                  001684ae    0000006f     measuredriver.obj (.econst)
                  0016851d    00000001     --HOLE-- [fill = 0]
                  0016851e    00000067     app_wavemod.obj (.econst)
                  00168585    00000001     --HOLE-- [fill = 0]
                  00168586    00000054     Gui_widget.obj (.econst)
                  001685da    00000040     app_ERRmod.obj (.econst:_app_errmod_dialogbox)
                  0016861a    0000003c     rts2800_fpu32.lib : _printfi.obj (.econst)
                  00168656    00000036     GUI_libext.obj (.econst)
                  0016868c    00000030     app_BBmod.obj (.econst:_app_BBmod_dialogbox)
                  001686bc    00000030     app_DLparamJYmod.obj (.econst:_app_DLparamJYmod_dialogbox)
                  001686ec    00000030     app_XBmod.obj (.econst:_app_XBmod_dialogbox)
                  0016871c    00000020     measuredriver.obj (.econst:_m_Ulevel_tab)
                  0016873c    0000001c     key_input_method.obj (.econst)
                  00168758    0000001c     main.obj (.econst)
                  00168774    00000019     N_support.obj (.econst)
                  0016878d    00000001     --HOLE-- [fill = 0]
                  0016878e    00000018     app_WIRmod.obj (.econst:_m_WIR_move_step)
                  001687a6    00000012     app_FIL.obj (.econst)
                  001687b8    00000012     measuredriver.obj (.econst:__line_Iconst)
                  001687ca    00000012     app_ERRmod.obj (.econst:_mERRmod_Itable)
                  001687dc    00000012     measuredriver.obj (.econst:_m_DLSR_CT_const)
                  001687ee    00000010     app_ERRmod.obj (.econst:_app_errmod_Udialogbox)
                  001687fe    0000000e     uCOS_II.obj (.econst)
                  0016880c    0000000c     voice_buz.obj (.econst)
                  00168818    0000000c     app_DLparamJYmod.obj (.econst:_$P$T23$24)
                  00168824    0000000c     app_DLparamJYmod.obj (.econst:_$P$T24$25)
                  00168830    0000000c     app_ZZmod.obj (.econst:_$P$T3$4)
                  0016883c    0000000c     app_ZZmod.obj (.econst:_$P$T4$5)
                  00168848    0000000c     app_RMmod.obj (.econst:_$P$T5$6)
                  00168854    0000000c     app_RMmod.obj (.econst:_$P$T6$7)
                  00168860    00000008     app_PTCTmod.obj (.econst:_$P$T0$1)
                  00168868    00000008     measuredriver.obj (.econst:__line_Uconst)
                  00168870    00000008     rts2800_fpu32.lib : atan2.obj (.econst:_a$1)
                  00168878    00000008     measuredriver.obj (.econst:_m_I_level_Rconst)
                  00168880    00000008     measuredriver.obj (.econst:_m_U_level_Rconst)
                  00168888    00000006     app_PTCTmod.obj (.econst:_$P$T1$2)
                  0016888e    00000006     app_PTCTmod.obj (.econst:_$P$T2$3)
                  00168894    00000006     app_XCERRmod.obj (.econst:_$P$T9$10)
                  0016889a    00000004     GUI_str.obj (.econst)
                  0016889e    00000004     Gui_core.obj (.econst)
                  001688a2    00000004     key_layer.obj (.econst)
                  001688a6    00000004     app_DLparamJYmod.obj (.econst:_$P$T0$1)
                  001688aa    00000004     app_VMmod.obj (.econst:_$P$T0$1)
                  001688ae    00000004     app_WIRmod.obj (.econst:_$P$T0$1)
                  001688b2    00000004     app_ZZmod.obj (.econst:_$P$T0$1)
                  001688b6    00000004     app_DLparamJYmod.obj (.econst:_$P$T1$2)
                  001688ba    00000004     app_VMmod.obj (.econst:_$P$T1$2)
                  001688be    00000004     app_WIRmod.obj (.econst:_$P$T1$2)
                  001688c2    00000004     app_DLparamJYmod.obj (.econst:_$P$T10$11)
                  001688c6    00000004     app_VMmod.obj (.econst:_$P$T10$11)
                  001688ca    00000004     app_WIRmod.obj (.econst:_$P$T10$11)
                  001688ce    00000004     app_ZZmod.obj (.econst:_$P$T10$11)
                  001688d2    00000004     app_DLparamJYmod.obj (.econst:_$P$T11$12)
                  001688d6    00000004     app_VMmod.obj (.econst:_$P$T11$12)
                  001688da    00000004     app_WIRmod.obj (.econst:_$P$T11$12)
                  001688de    00000004     app_ZZmod.obj (.econst:_$P$T11$12)
                  001688e2    00000004     app_DLparamJYmod.obj (.econst:_$P$T12$13)
                  001688e6    00000004     app_VMmod.obj (.econst:_$P$T12$13)
                  001688ea    00000004     app_WIRmod.obj (.econst:_$P$T12$13)
                  001688ee    00000004     app_ZZmod.obj (.econst:_$P$T12$13)
                  001688f2    00000004     app_DLparamJYmod.obj (.econst:_$P$T13$14)
                  001688f6    00000004     app_VMmod.obj (.econst:_$P$T13$14)
                  001688fa    00000004     app_WIRmod.obj (.econst:_$P$T13$14)
                  001688fe    00000004     app_ZZmod.obj (.econst:_$P$T13$14)
                  00168902    00000004     app_DLparamJYmod.obj (.econst:_$P$T14$15)
                  00168906    00000004     app_VMmod.obj (.econst:_$P$T14$15)
                  0016890a    00000004     app_ZZmod.obj (.econst:_$P$T14$15)
                  0016890e    00000004     app_DLparamJYmod.obj (.econst:_$P$T15$16)
                  00168912    00000004     app_VMmod.obj (.econst:_$P$T15$16)
                  00168916    00000004     app_ZZmod.obj (.econst:_$P$T15$16)
                  0016891a    00000004     app_DLparamJYmod.obj (.econst:_$P$T16$17)
                  0016891e    00000004     app_VMmod.obj (.econst:_$P$T16$17)
                  00168922    00000004     app_ZZmod.obj (.econst:_$P$T16$17)
                  00168926    00000004     app_DLparamJYmod.obj (.econst:_$P$T17$18)
                  0016892a    00000004     app_VMmod.obj (.econst:_$P$T17$18)
                  0016892e    00000004     app_ZZmod.obj (.econst:_$P$T17$18)
                  00168932    00000004     app_DLparamJYmod.obj (.econst:_$P$T18$19)
                  00168936    00000004     app_VMmod.obj (.econst:_$P$T18$19)
                  0016893a    00000004     app_ZZmod.obj (.econst:_$P$T18$19)
                  0016893e    00000004     app_DLparamJYmod.obj (.econst:_$P$T19$20)
                  00168942    00000004     app_VMmod.obj (.econst:_$P$T19$20)
                  00168946    00000004     app_ZZmod.obj (.econst:_$P$T19$20)
                  0016894a    00000004     app_DLparamJYmod.obj (.econst:_$P$T2$3)
                  0016894e    00000004     app_RMmod.obj (.econst:_$P$T2$3)
                  00168952    00000004     app_VMmod.obj (.econst:_$P$T2$3)
                  00168956    00000004     app_WIRmod.obj (.econst:_$P$T2$3)
                  0016895a    00000004     app_DLparamJYmod.obj (.econst:_$P$T20$21)
                  0016895e    00000004     app_VMmod.obj (.econst:_$P$T20$21)
                  00168962    00000004     app_ZZmod.obj (.econst:_$P$T20$21)
                  00168966    00000004     app_VMmod.obj (.econst:_$P$T21$22)
                  0016896a    00000004     app_ZZmod.obj (.econst:_$P$T21$22)
                  0016896e    00000004     app_VMmod.obj (.econst:_$P$T22$23)
                  00168972    00000004     app_ZZmod.obj (.econst:_$P$T22$23)
                  00168976    00000004     app_VMmod.obj (.econst:_$P$T23$24)
                  0016897a    00000004     app_ZZmod.obj (.econst:_$P$T23$24)
                  0016897e    00000004     app_VMmod.obj (.econst:_$P$T24$25)
                  00168982    00000004     app_ZZmod.obj (.econst:_$P$T24$25)
                  00168986    00000004     app_DLparamJYmod.obj (.econst:_$P$T25$26)
                  0016898a    00000004     app_VMmod.obj (.econst:_$P$T25$26)
                  0016898e    00000004     app_ZZmod.obj (.econst:_$P$T25$26)
                  00168992    00000004     app_DLparamJYmod.obj (.econst:_$P$T26$27)
                  00168996    00000004     app_VMmod.obj (.econst:_$P$T26$27)
                  0016899a    00000004     app_ZZmod.obj (.econst:_$P$T26$27)
                  0016899e    00000004     app_VMmod.obj (.econst:_$P$T27$28)
                  001689a2    00000004     app_VMmod.obj (.econst:_$P$T28$29)
                  001689a6    00000004     app_VMmod.obj (.econst:_$P$T29$30)
                  001689aa    00000004     app_DLparamJYmod.obj (.econst:_$P$T3$4)
                  001689ae    00000004     app_VMmod.obj (.econst:_$P$T3$4)
                  001689b2    00000004     app_WIRmod.obj (.econst:_$P$T3$4)
                  001689b6    00000004     app_VMmod.obj (.econst:_$P$T30$31)
                  001689ba    00000004     app_VMmod.obj (.econst:_$P$T31$32)
                  001689be    00000004     app_VMmod.obj (.econst:_$P$T32$33)
                  001689c2    00000004     app_VMmod.obj (.econst:_$P$T33$34)
                  001689c6    00000004     app_DLparamJYmod.obj (.econst:_$P$T4$5)
                  001689ca    00000004     app_VMmod.obj (.econst:_$P$T4$5)
                  001689ce    00000004     app_WIRmod.obj (.econst:_$P$T4$5)
                  001689d2    00000004     app_DLparamJYmod.obj (.econst:_$P$T5$6)
                  001689d6    00000004     app_VMmod.obj (.econst:_$P$T5$6)
                  001689da    00000004     app_WIRmod.obj (.econst:_$P$T5$6)
                  001689de    00000004     app_ZZmod.obj (.econst:_$P$T5$6)
                  001689e2    00000004     app_DLparamJYmod.obj (.econst:_$P$T6$7)
                  001689e6    00000004     app_VMmod.obj (.econst:_$P$T6$7)
                  001689ea    00000004     app_WIRmod.obj (.econst:_$P$T6$7)
                  001689ee    00000004     app_ZZmod.obj (.econst:_$P$T6$7)
                  001689f2    00000004     app_DLparamJYmod.obj (.econst:_$P$T7$8)
                  001689f6    00000004     app_VMmod.obj (.econst:_$P$T7$8)
                  001689fa    00000004     app_WIRmod.obj (.econst:_$P$T7$8)
                  001689fe    00000004     app_ZZmod.obj (.econst:_$P$T7$8)
                  00168a02    00000004     app_DLparamJYmod.obj (.econst:_$P$T8$9)
                  00168a06    00000004     app_VMmod.obj (.econst:_$P$T8$9)
                  00168a0a    00000004     app_WIRmod.obj (.econst:_$P$T8$9)
                  00168a0e    00000004     app_ZZmod.obj (.econst:_$P$T8$9)
                  00168a12    00000004     app_DLparamJYmod.obj (.econst:_$P$T9$10)
                  00168a16    00000004     app_VMmod.obj (.econst:_$P$T9$10)
                  00168a1a    00000004     app_WIRmod.obj (.econst:_$P$T9$10)
                  00168a1e    00000004     app_ZZmod.obj (.econst:_$P$T9$10)
                  00168a22    00000004     rts2800_fpu32.lib : acos.obj (.econst:_b$1)
                  00168a26    00000004                       : acos.obj (.econst:_c$2)
                  00168a2a    0000183c     GUI_liblocal.obj (.econst:_ASC_16X32_code)
                  0016a266    000011a0     GUI_liblocal.obj (.econst:_ASC_16X24_code)
                  0016b406    00000e78     GUI_liblocal.obj (.econst:_gImage_flop)
                  0016c27e    00000dd0     GUI_liblocal.obj (.econst:_gImage_file)
                  0016d04e    00000630     GUI_liblocal.obj (.econst:_ASC_32X64_code)
                  0016d67e    000005e0     GUI_liblocal.obj (.econst:_ASC_8X16_code)
                  0016dc5e    000004c6     GUI_liblocal.obj (.econst:_ASC_8X13_code)
                  0016e124    0000040a     GUI_liblocal.obj (.econst:_ASC_8X11_code)
                  0016e52e    00000180     app_startmod.obj (.econst:_m_battery2_flag_icon)
                  0016e6ae    00000180     app_XCERRmod.obj (.econst:_m_battery_flag_icon)
                  0016e82e    00000161     app_WIRmod.obj (.econst:_m_ELELIB_BYQ3_4)
                  0016e98f    00000101     rts2800_fpu32.lib : ctype.obj (.econst:__ctypes_)
                  0016ea90    00000100     OSdriver.obj (.econst:_CRCTable)
                  0016eb90    00000100     uCOS_II.obj (.econst:_OSUnMapTbl)
                  0016ec90    00000100     app_RMmod.obj (.econst:_mFCS_crc_tab)
                  0016ed90    000000f7     app_WIRmod.obj (.econst:_m_ELELIB_BYQ3_3)
                  0016ee87    000000ae     app_WIRmod.obj (.econst:_m_ELELIB_MP)
                  0016ef35    00000082     app_WIRmod.obj (.econst:_m_ELELIB_HGQ)
                  0016efb7    00000048     GUI_liblocal.obj (.econst:_ASC_16X24_code2)
                  0016efff    00000048     GUI_liblocal.obj (.econst:_ASC_16X24_code3)
                  0016f047    00000042     GUI_liblocal.obj (.econst:_ASC_16X32_code1)
                  0016f089    00000040     app_startmod.obj (.econst:_m_adapter2_flag_icon)
                  0016f0c9    00000040     app_XCERRmod.obj (.econst:_m_adapter_flag_icon)
                  0016f109    00000040     app_startmod.obj (.econst:_m_charge2_flag_icon)
                  0016f149    00000040     app_XCERRmod.obj (.econst:_m_charge_flag_icon)
                  0016f189    00000040     app_startmod.obj (.econst:_m_extral2_flag_icon)
                  0016f1c9    00000040     app_XCERRmod.obj (.econst:_m_extral_flag_icon)
                  0016f209    00000030     GUI_liblocal.obj (.econst:_ASC_16X24_code1)
                  0016f239    0000002d     key_layer.obj (.econst:_g_Nkey_tab)
                  0016f266    0000002a     app_RMmod.obj (.econst:_$P$T20$21)
                  0016f290    0000001e     main_ext.obj (.econst:_$P$T0$1)
                  0016f2ae    00000018     GUI_liblocal.obj (.econst:_ASC_8X11_code1)
                  0016f2c6    00000017     app_RMmod.obj (.econst:_$P$T10$11)
                  0016f2dd    00000017     app_RMmod.obj (.econst:_$P$T7$8)
                  0016f2f4    00000017     app_RMmod.obj (.econst:_$P$T8$9)
                  0016f30b    00000017     app_RMmod.obj (.econst:_$P$T9$10)
                  0016f322    00000014     app_RMmod.obj (.econst:_$P$T12$13)
                  0016f336    00000014     app_RMmod.obj (.econst:_$P$T18$19)
                  0016f34a    00000012     measuredriver.obj (.econst:_m_pll_DATA)
                  0016f35c    00000010     GUI_liblocal.obj (.econst:_ASC_8X16_code1)
                  0016f36c    00000010     app_RMmod.obj (.econst:_m_cmd_97_DI0)
                  0016f37c    00000010     app_RMmod.obj (.econst:_m_cmd_97_DI1)
                  0016f38c    0000000d     app_DLparamJYmod.obj (.econst:_s_cmd_97_DI0)
                  0016f399    0000000d     app_DLparamJYmod.obj (.econst:_s_cmd_97_DI1)
                  0016f3a6    0000000c     app_XCERRmod.obj (.econst:_$P$T1$2)
                  0016f3b2    0000000c     app_XCERRmod.obj (.econst:_$P$T5$6)
                  0016f3be    0000000b     GUI_liblocal.obj (.econst:_ASC_8X11_code2)
                  0016f3c9    0000000a     app_RMmod.obj (.econst:_m_XLcmd_07_DI0)
                  0016f3d3    0000000a     app_RMmod.obj (.econst:_m_XLcmd_07_DI1)
                  0016f3dd    0000000a     app_RMmod.obj (.econst:_m_XLcmd_07_DI2)
                  0016f3e7    0000000a     app_RMmod.obj (.econst:_m_XLcmd_07_DI3)
                  0016f3f1    0000000a     app_RMmod.obj (.econst:_m_cmd_07_DI0)
                  0016f3fb    0000000a     app_RMmod.obj (.econst:_m_cmd_07_DI1)
                  0016f405    0000000a     app_RMmod.obj (.econst:_m_cmd_07_DI2)
                  0016f40f    0000000a     app_RMmod.obj (.econst:_m_cmd_07_DI3)
                  0016f419    00000009     app_RMmod.obj (.econst:_m_FLcmd_07_DI0)
                  0016f422    00000009     app_RMmod.obj (.econst:_m_FLcmd_07_DI1)
                  0016f42b    00000009     app_RMmod.obj (.econst:_m_FLcmd_07_DI2)
                  0016f434    00000009     app_RMmod.obj (.econst:_m_FLcmd_07_DI3)
                  0016f43d    00000009     app_RMmod.obj (.econst:_m_FLcmd_97_DI0)
                  0016f446    00000009     app_RMmod.obj (.econst:_m_FLcmd_97_DI1)
                  0016f44f    00000008     USB_connect.obj (.econst:_$P$T0$1)
                  0016f457    00000008     USB_connect.obj (.econst:_$P$T1$2)
                  0016f45f    00000006     Gui_core.obj (.econst:__aNeedle_1)
                  0016f465    00000006     app_wavemod.obj (.econst:_m_WaveCor)
                  0016f46b    00000006     app_RMmod.obj (.econst:_m_XLcmd_97_DI0)
                  0016f471    00000006     app_RMmod.obj (.econst:_m_XLcmd_97_DI1)
                  0016f477    00000006     app_DLparamJYmod.obj (.econst:_s_cmd_07_DI0)
                  0016f47d    00000006     app_DLparamJYmod.obj (.econst:_s_cmd_07_DI1)
                  0016f483    00000006     app_DLparamJYmod.obj (.econst:_s_cmd_07_DI2)
                  0016f489    00000006     app_DLparamJYmod.obj (.econst:_s_cmd_07_DI3)
                  0016f48f    00000005     app_startmod.obj (.econst:_$P$T0$1)
                  0016f494    00000005     app_RMmod.obj (.econst:_$P$T11$12)
                  0016f499    00000005     app_RMmod.obj (.econst:_m_SZcmd_07_DI0)
                  0016f49e    00000005     app_RMmod.obj (.econst:_m_SZcmd_07_DI1)
                  0016f4a3    00000005     app_RMmod.obj (.econst:_m_SZcmd_07_DI2)
                  0016f4a8    00000005     app_RMmod.obj (.econst:_m_SZcmd_07_DI3)
                  0016f4ad    00000004     app_XCERRmod.obj (.econst:_$P$T4$5)
                  0016f4b1    00000004     app_RMmod.obj (.econst:_m_SZcmd_97_DI0)
                  0016f4b5    00000004     app_RMmod.obj (.econst:_m_SZcmd_97_DI1)
                  0016f4b9    00000003     app_XCERRmod.obj (.econst:_$P$T0$1)
                  0016f4bc    00000003     app_XCERRmod.obj (.econst:_$P$T2$3)
                  0016f4bf    00000003     app_XCERRmod.obj (.econst:_$P$T3$4)
                  0016f4c2    00000003     app_XCERRmod.obj (.econst:_$P$T7$8)
                  0016f4c5    00000002     app_XCERRmod.obj (.econst:_$P$T6$7)
                  0016f4c7    00000002     app_XCERRmod.obj (.econst:_$P$T8$9)
                  0016f4c9    00000002     app_ZZmod.obj (.econst:_s_cmd_07_DI0)
                  0016f4cb    00000002     app_ZZmod.obj (.econst:_s_cmd_07_DI1)
                  0016f4cd    00000002     app_ZZmod.obj (.econst:_s_cmd_07_DI2)
                  0016f4cf    00000002     app_ZZmod.obj (.econst:_s_cmd_07_DI3)
                  0016f4d1    00000002     app_ZZmod.obj (.econst:_s_cmd_97_DI0)
                  0016f4d3    00000002     app_ZZmod.obj (.econst:_s_cmd_97_DI1)

.cinit     0    0016f4d5    0000120e     
                  0016f4d5    0000000a     rts2800_fpu32.lib : exit.obj (.cinit)
                  0016f4df    0000000a                       : _lock.obj (.cinit)
                  0016f4e9    0000003b     app_BBmod.obj (.cinit)
                  0016f524    0000005c     app_DLparamJYmod.obj (.cinit)
                  0016f580    00000034     app_ERRmod.obj (.cinit)
                  0016f5b4    00000004     app_FIL.obj (.cinit)
                  0016f5b8    00000013     app_PTCTmod.obj (.cinit)
                  0016f5cb    000002f3     app_RMmod.obj (.cinit)
                  0016f8be    00000032     app_Searchmod.obj (.cinit)
                  0016f8f0    00000078     app_startmod.obj (.cinit)
                  0016f968    0000004b     app_TIME_ERRmod.obj (.cinit)
                  0016f9b3    0000007c     app_VMmod.obj (.cinit)
                  0016fa2f    00000040     app_wavemod.obj (.cinit)
                  0016fa6f    00000143     app_WIRmod.obj (.cinit)
                  0016fbb2    00000017     app_XBmod.obj (.cinit)
                  0016fbc9    000001d5     app_XCERRmod.obj (.cinit)
                  0016fd9e    00000088     app_ZZmod.obj (.cinit)
                  0016fe26    0000003e     FatFs.obj (.cinit)
                  0016fe64    00000031     Gui_core.obj (.cinit)
                  0016fe95    00000004     Gui_cursor.obj (.cinit)
                  0016fe99    00000004     GUI_hook.obj (.cinit)
                  0016fe9d    00000005     GUI_lcd_driver.obj (.cinit)
                  0016fea2    00000014     GUI_libext.obj (.cinit)
                  0016feb6    00000005     GUI_mem.obj (.cinit)
                  0016febb    00000016     GUI_OS.obj (.cinit)
                  0016fed1    000000bf     Gui_widget.obj (.cinit)
                  0016ff90    00000398     key_GBcode.obj (.cinit)
                  00170328    00000035     key_input_method.obj (.cinit)
                  0017035d    00000009     key_layer.obj (.cinit)
                  00170366    0000009c     main_ext.obj (.cinit)
                  00170402    000000b3     measuredriver.obj (.cinit)
                  001704b5    0000000e     N_support.obj (.cinit)
                  001704c3    00000030     os_connect.obj (.cinit)
                  001704f3    000001ac     OSdriver.obj (.cinit)
                  0017069f    00000031     USB_connect.obj (.cinit)
                  001706d0    0000000e     voice_buz.obj (.cinit)
                  001706de    00000004     rts2800_fpu32.lib : errno.obj (.cinit)
                  001706e2    00000001     --HOLE-- [fill = 0]

ramfuncs   0    001706e3    00000b63     RUN ADDR = 00008000
                  001706e3    00000023     bsp.obj (ramfuncs)
                  00170706    00000504     measuredriver.obj (ramfuncs)
                  00170c0a    000000ef     os_cpu_a.obj (ramfuncs)
                  00170cf9    00000003     os_cpu_c.obj (ramfuncs)
                  00170cfc    000000cd     OSdriver.obj (ramfuncs)
                  00170dc9    00000450     uCOS_II.obj (ramfuncs)
                  00171219    00000007     Watchdog.obj (ramfuncs)
                  00171220    00000004     DSP2833x_usDelay.od (ramfuncs)
                  00171224    00000022     rfft32m.od (ramfuncs)

.switch    0    00171246    0000003e     
                  00171246    0000003e     measuredriver.obj (.switch)

IQmath     0    00171284    00000016     
                  00171284    00000016     IQmath_fpu32.lib : IQ30toF.obj (IQmath)

csm_rsvd   0    00336f80    00000000     UNINITIALIZED

csmpasswds 
*          0    0033fff8    00000000     UNINITIALIZED

.adc_cal   0    00380080    00000007     NOLOAD SECTION
                  00380080    00000007     DSP2833x_ADC_cal.od (.adc_cal)

IQmathTables 
*          0    003fe000    00000000     NOLOAD SECTION

FPUmathTables 
*          0    003febdc    00000000     NOLOAD SECTION

.reset     0    003fffc0    00000002     DSECT
                  003fffc0    00000002     rts2800_fpu32.lib : boot.obj (.reset)

vectors    0    003fffc2    00000000     DSECT

.bss       1    00000000    00000000     UNINITIALIZED

.esysmem   1    00000400    00000000     UNINITIALIZED

.stack     1    00000400    000003b0     UNINITIALIZED

DevEmuRegsFile 
*          1    00000880    000000d0     UNINITIALIZED
                  00000880    000000d0     bsp.obj (DevEmuRegsFile)

FlashRegsFile 
*          1    00000a80    00000008     UNINITIALIZED
                  00000a80    00000008     bsp.obj (FlashRegsFile)

CsmRegsFile 
*          1    00000ae0    00000010     UNINITIALIZED
                  00000ae0    00000010     bsp.obj (CsmRegsFile)

AdcMirrorFile 
*          1    00000b00    00000010     UNINITIALIZED
                  00000b00    00000010     bsp.obj (AdcMirrorFile)

XintfRegsFile 
*          1    00000b20    0000001e     UNINITIALIZED
                  00000b20    0000001e     bsp.obj (XintfRegsFile)

CpuTimer0RegsFile 
*          1    00000c00    00000008     UNINITIALIZED
                  00000c00    00000008     bsp.obj (CpuTimer0RegsFile)

CpuTimer1RegsFile 
*          1    00000c08    00000008     UNINITIALIZED
                  00000c08    00000008     bsp.obj (CpuTimer1RegsFile)

CpuTimer2RegsFile 
*          1    00000c10    00000008     UNINITIALIZED
                  00000c10    00000008     bsp.obj (CpuTimer2RegsFile)

PieCtrlRegsFile 
*          1    00000ce0    0000001a     UNINITIALIZED
                  00000ce0    0000001a     bsp.obj (PieCtrlRegsFile)

PieVectTableFile 
*          1    00000d00    00000100     UNINITIALIZED
                  00000d00    00000100     bsp.obj (PieVectTableFile)

DmaRegsFile 
*          1    00001000    000000e0     UNINITIALIZED
                  00001000    000000e0     bsp.obj (DmaRegsFile)

McbspaRegsFile 
*          1    00005000    00000025     UNINITIALIZED
                  00005000    00000025     bsp.obj (McbspaRegsFile)

McbspbRegsFile 
*          1    00005040    00000025     UNINITIALIZED
                  00005040    00000025     bsp.obj (McbspbRegsFile)

ECanaRegsFile 
*          1    00006000    00000034     UNINITIALIZED
                  00006000    00000034     bsp.obj (ECanaRegsFile)

ECanaLAMRegsFile 
*          1    00006040    00000040     UNINITIALIZED
                  00006040    00000040     bsp.obj (ECanaLAMRegsFile)

ECanaMOTSRegsFile 
*          1    00006080    00000040     UNINITIALIZED
                  00006080    00000040     bsp.obj (ECanaMOTSRegsFile)

ECanaMOTORegsFile 
*          1    000060c0    00000040     UNINITIALIZED
                  000060c0    00000040     bsp.obj (ECanaMOTORegsFile)

ECanaMboxesFile 
*          1    00006100    00000100     UNINITIALIZED
                  00006100    00000100     bsp.obj (ECanaMboxesFile)

ECanbRegsFile 
*          1    00006200    00000034     UNINITIALIZED
                  00006200    00000034     bsp.obj (ECanbRegsFile)

ECanbLAMRegsFile 
*          1    00006240    00000040     UNINITIALIZED
                  00006240    00000040     bsp.obj (ECanbLAMRegsFile)

ECanbMOTSRegsFile 
*          1    00006280    00000040     UNINITIALIZED
                  00006280    00000040     bsp.obj (ECanbMOTSRegsFile)

ECanbMOTORegsFile 
*          1    000062c0    00000040     UNINITIALIZED
                  000062c0    00000040     bsp.obj (ECanbMOTORegsFile)

ECanbMboxesFile 
*          1    00006300    00000100     UNINITIALIZED
                  00006300    00000100     bsp.obj (ECanbMboxesFile)

EPwm1RegsFile 
*          1    00006800    00000022     UNINITIALIZED
                  00006800    00000022     bsp.obj (EPwm1RegsFile)

EPwm2RegsFile 
*          1    00006840    00000022     UNINITIALIZED
                  00006840    00000022     bsp.obj (EPwm2RegsFile)

EPwm3RegsFile 
*          1    00006880    00000022     UNINITIALIZED
                  00006880    00000022     bsp.obj (EPwm3RegsFile)

EPwm4RegsFile 
*          1    000068c0    00000022     UNINITIALIZED
                  000068c0    00000022     bsp.obj (EPwm4RegsFile)

EPwm5RegsFile 
*          1    00006900    00000022     UNINITIALIZED
                  00006900    00000022     bsp.obj (EPwm5RegsFile)

EPwm6RegsFile 
*          1    00006940    00000022     UNINITIALIZED
                  00006940    00000022     bsp.obj (EPwm6RegsFile)

ECap1RegsFile 
*          1    00006a00    00000020     UNINITIALIZED
                  00006a00    00000020     bsp.obj (ECap1RegsFile)

ECap2RegsFile 
*          1    00006a20    00000020     UNINITIALIZED
                  00006a20    00000020     bsp.obj (ECap2RegsFile)

ECap3RegsFile 
*          1    00006a40    00000020     UNINITIALIZED
                  00006a40    00000020     bsp.obj (ECap3RegsFile)

ECap4RegsFile 
*          1    00006a60    00000020     UNINITIALIZED
                  00006a60    00000020     bsp.obj (ECap4RegsFile)

ECap5RegsFile 
*          1    00006a80    00000020     UNINITIALIZED
                  00006a80    00000020     bsp.obj (ECap5RegsFile)

ECap6RegsFile 
*          1    00006aa0    00000020     UNINITIALIZED
                  00006aa0    00000020     bsp.obj (ECap6RegsFile)

EQep1RegsFile 
*          1    00006b00    00000040     UNINITIALIZED
                  00006b00    00000040     bsp.obj (EQep1RegsFile)

EQep2RegsFile 
*          1    00006b40    00000040     UNINITIALIZED
                  00006b40    00000040     bsp.obj (EQep2RegsFile)

GpioCtrlRegsFile 
*          1    00006f80    0000002e     UNINITIALIZED
                  00006f80    0000002e     bsp.obj (GpioCtrlRegsFile)

GpioDataRegsFile 
*          1    00006fc0    00000020     UNINITIALIZED
                  00006fc0    00000020     bsp.obj (GpioDataRegsFile)

GpioIntRegsFile 
*          1    00006fe0    0000000a     UNINITIALIZED
                  00006fe0    0000000a     bsp.obj (GpioIntRegsFile)

SysCtrlRegsFile 
*          1    00007010    00000020     UNINITIALIZED
                  00007010    00000020     bsp.obj (SysCtrlRegsFile)

SpiaRegsFile 
*          1    00007040    00000010     UNINITIALIZED
                  00007040    00000010     bsp.obj (SpiaRegsFile)

SciaRegsFile 
*          1    00007050    00000010     UNINITIALIZED
                  00007050    00000010     bsp.obj (SciaRegsFile)

XIntruptRegsFile 
*          1    00007070    00000010     UNINITIALIZED
                  00007070    00000010     bsp.obj (XIntruptRegsFile)

AdcRegsFile 
*          1    00007100    0000001e     UNINITIALIZED
                  00007100    0000001e     bsp.obj (AdcRegsFile)

ScibRegsFile 
*          1    00007750    00000010     UNINITIALIZED
                  00007750    00000010     bsp.obj (ScibRegsFile)

ScicRegsFile 
*          1    00007770    00000010     UNINITIALIZED
                  00007770    00000010     bsp.obj (ScicRegsFile)

I2caRegsFile 
*          1    00007900    00000022     UNINITIALIZED
                  00007900    00000022     bsp.obj (I2caRegsFile)

FAST_RAM   1    0000a000    000021c0     UNINITIALIZED
                  0000a000    000021c0     measuredriver.obj (FAST_RAM)

FFTipcb    1    0000d000    00000804     UNINITIALIZED
                  0000d000    00000804     measuredriver.obj (FFTipcb)

FFTmag     1    0000d840    00000402     UNINITIALIZED
                  0000d840    00000402     measuredriver.obj (FFTmag)

MY_MEM     1    0000e000    00001c8a     UNINITIALIZED
                  0000e000    00001c8a     os_connect.obj (MY_MEM)

.ebss      1    00100000    00016745     UNINITIALIZED
                  00100000    0000b3cb     GUI_mem.obj (.ebss)
                  0010b3cb    00000001     rts2800_fpu32.lib : errno.obj (.ebss)
                  0010b3cc    0000002c     GUI_lcd_driver.obj (.ebss)
                  0010b3f8    00000008     GUI_libext.obj (.ebss)
                  0010b400    00003100     app_wavemod.obj (.ebss)
                  0010e500    000018ca     measuredriver.obj (.ebss)
                  0010fdca    00000020     app_BBmod.obj (.ebss)
                  0010fdea    00000014     Gui_lcd_connect.obj (.ebss)
                  0010fdfe    00000002     GUI_hook.obj (.ebss)
                  0010fe00    00000fb8     FatFs.obj (.ebss)
                  00110db8    00000008     app_PTCTmod.obj (.ebss)
                  00110dc0    00000e20     app_startmod.obj (.ebss)
                  00111be0    00000018     bsp.obj (.ebss)
                  00111bf8    00000004     rts2800_fpu32.lib : exit.obj (.ebss)
                  00111bfc    00000004                       : _lock.obj (.ebss)
                  00111c00    00000d00     app_RMmod.obj (.ebss)
                  00112900    000009c8     uCOS_II.obj (.ebss)
                  001132c8    0000000a     GUI_Memdev.obj (.ebss)
                  001132d2    00000009     voice_buz.obj (.ebss)
                  001132dc    00000004     key_layer.obj (.ebss)
                  001132e0    0000000f     GUI_Polygon.obj (.ebss)
                  00113300    00000900     OSdriver.obj (.ebss)
                  00113c00    000008c0     USB_connect.obj (.ebss)
                  001144c0    00000640     key_GBcode.obj (.ebss)
                  00114b00    000005d4     os_connect.obj (.ebss)
                  00115100    000002c0     app_WIRmod.obj (.ebss)
                  001153c0    000002b0     app_XBmod.obj (.ebss)
                  00115680    0000026e     main_ext.obj (.ebss)
                  00115900    0000025e     key_input_method.obj (.ebss)
                  00115b80    0000018f     app_VMmod.obj (.ebss)
                  00115d40    00000144     GUI_OS.obj (.ebss)
                  00115e84    00000033     app_FIL.obj (.ebss)
                  00115ec0    0000011c     app_XCERRmod.obj (.ebss)
                  00116000    00000108     Gui_core.obj (.ebss)
                  00116140    000000d8     N_support.obj (.ebss)
                  00116240    00000094     app_ERRmod.obj (.ebss)
                  00116300    00000080     app_ZZmod.obj (.ebss)
                  00116380    0000007c     app_DLparamJYmod.obj (.ebss)
                  00116400    00000072     app_Searchmod.obj (.ebss)
                  00116480    00000064     Gui_cursor.obj (.ebss)
                  00116500    0000005c     Gui_widget.obj (.ebss)
                  00116580    00000054     app_TIME_ERRmod.obj (.ebss)
                  00116600    00000145     Gui_front_connect.obj (.ebss)

ZONE7DATA 
*          1    0020fc00    00000000     UNINITIALIZED

CsmPwlFile 
*          1    0033fff8    00000008     UNINITIALIZED
                  0033fff8    00000008     bsp.obj (CsmPwlFile)


GLOBAL SYMBOLS: SORTED ALPHABETICALLY BY Name 

address    name
--------   ----
00000000   .bss
00000000   .data
00140500   .text
00164147   C$$EXIT
001639db   FD$$ADD
00163fba   FD$$CMP
00163b11   FD$$DIV
00163b9c   FD$$MPY
0016421b   FD$$NEG
001641b0   FD$$SUB
00164071   FD$$TOI
001640b3   FD$$TOL
001636f2   FS$$DIV
0016412b   FS$$TOFD
00163fe4   FS$$TOULL
0016402d   I$$DIV
0016403e   I$$MOD
00163f90   L$$DIV
00163f9f   L$$MOD
0016410f   L$$TOFD
001640f1   LL$$CMP
001634e9   LL$$DIV
00163525   LL$$MOD
0016418a   LL$$MPY
001641e2   U$$DIV
001641e7   U$$MOD
00163fad   UL$$DIV
00163fb4   UL$$MOD
00164103   ULL$$CMP
0016355f   ULL$$DIV
0016358e   ULL$$MOD
0015e84d   _ADCINT_ISR
00380080   _ADC_cal
0016a266   _ASC_16X24_code
0016f209   _ASC_16X24_code1
0016efb7   _ASC_16X24_code2
0016efff   _ASC_16X24_code3
00168a2a   _ASC_16X32_code
0016f047   _ASC_16X32_code1
0016d04e   _ASC_32X64_code
0016e124   _ASC_8X11_code
0016f2ae   _ASC_8X11_code1
0016f3be   _ASC_8X11_code2
0016dc5e   _ASC_8X13_code
0016d67e   _ASC_8X16_code
0016f35c   _ASC_8X16_code1
00113317   _AX_E
00113301   _AX_S
00113308   _AY_E
00113302   _AY_S
00000b00   _AdcMirror
00007100   _AdcRegs
00147099   _Angle0_360To180
001470bd   _AngleDisposal
00162e0a   _App_TCBInitHook
00162dfb   _App_TaskCreateHook
00162e01   _App_TaskDelHook
00162e07   _App_TaskIdleHook
00162e08   _App_TaskStatHook
00162e09   _App_TaskSwHook
00162e10   _App_TimeTickHook
00162af7   _BLKmem_free
00162aa9   _BLKmem_malloc
0015ef02   _BSP_Dly
0015ef09   _BSP_Dly_ms
0016746e   _C1
0016746a   _C2
0016746c   _C3
001632d7   _CFFT32_calc
00140500   _CFFT32_init
0011516c   _COSabc
0016ea90   _CRCTable
00157947   _ChangeCharToHex
00140e73   _CharToHex
00146fc8   _CheckLostUorI
0015e6d4   _ConfigCpuTimer
00111bf0   _CpuTimer0
00000c00   _CpuTimer0Regs
00111be8   _CpuTimer1
00000c08   _CpuTimer1Regs
00111be0   _CpuTimer2
00000c10   _CpuTimer2Regs
0033fff8   _CsmPwl
00000ae0   _CsmRegs
0015ecd2   _CsmUnlock
00110dd0   _Current_EX_line_address
00110dce   _Current_EX_sec_address
00110dea   _Current_load_address
0015e73b   _DATALOG_ISR
0010e580   _DC_Harm
0015e9c6   _DINTCH1_ISR
0015e9d3   _DINTCH2_ISR
0015e9e0   _DINTCH3_ISR
0015e9ed   _DINTCH4_ISR
0015e9fa   _DINTCH5_ISR
0015ea07   _DINTCH6_ISR
00142a0a   _DLMS_CalculateCRC
00142c0d   _DLMS_DisconetCom
00142bc5   _DLMS_ReadContrHeadInf
00142c72   _DLMS_SendMeterInf
00142cd5   _DLMS_SendMeterLowLevel
00142c49   _DLMS_SendRecRemnant
00142dc8   _DLMS_TypeToStrData
00142b2c   _DLMS_control_field_format
00142883   _DLMS_init_new_Command
00142864   _DLMS_init_old_Command
00008b3d   _DSP28x_usDelay
00157b5e   _DataLine_integrity_handle
00000880   _DevEmuRegs
0015ebc9   _DisableDog
0015eb5a   _DisenableInterrupts
00001000   _DmaRegs
0015ea7c   _ECAN0INTA_ISR
0015ea96   _ECAN0INTB_ISR
0015ea89   _ECAN1INTA_ISR
0015eaa3   _ECAN1INTB_ISR
0015e910   _ECAP1_INT_ISR
0015e91d   _ECAP2_INT_ISR
0015e92a   _ECAP3_INT_ISR
0015e937   _ECAP4_INT_ISR
0015e944   _ECAP5_INT_ISR
0015e951   _ECAP6_INT_ISR
00006040   _ECanaLAMRegs
000060c0   _ECanaMOTORegs
00006080   _ECanaMOTSRegs
00006100   _ECanaMboxes
00006000   _ECanaRegs
00006240   _ECanbLAMRegs
000062c0   _ECanbMOTORegs
00006280   _ECanbMOTSRegs
00006300   _ECanbMboxes
00006200   _ECanbRegs
00006a00   _ECap1Regs
00006a20   _ECap2Regs
00006a40   _ECap3Regs
00006a60   _ECap4Regs
00006a80   _ECap5Regs
00006aa0   _ECap6Regs
00147698   _ELEcomponent_creat
001476e0   _ELEcomponent_destory
001476eb   _ELEcomponent_destory_all
00147428   _ELEcomponent_display
00147635   _ELEcomponent_link
00147654   _ELEcomponent_link_EXT
00147683   _ELEcomponent_link_point
001476f2   _ELEcomponent_maneger_init
001474af   _ELEcomponent_point_link
00147324   _ELEcomponent_ponit_display
0015eb0b   _EMPTY_ISR
0015e755   _EMUINT_ISR
0015e8c2   _EPWM1_INT_ISR
0015e874   _EPWM1_TZINT_ISR
0015e8cf   _EPWM2_INT_ISR
0015e881   _EPWM2_TZINT_ISR
0015e8dc   _EPWM3_INT_ISR
0015e88e   _EPWM3_TZINT_ISR
0015e8e9   _EPWM4_INT_ISR
0015e89b   _EPWM4_TZINT_ISR
0015e8f6   _EPWM5_INT_ISR
0015e8a8   _EPWM5_TZINT_ISR
0015e903   _EPWM6_INT_ISR
0015e8b5   _EPWM6_TZINT_ISR
00006800   _EPwm1Regs
00006840   _EPwm2Regs
00006880   _EPwm3Regs
000068c0   _EPwm4Regs
00006900   _EPwm5Regs
00006940   _EPwm6Regs
0015e95e   _EQEP1_INT_ISR
0015e96b   _EQEP2_INT_ISR
00006b00   _EQep1Regs
00006b40   _EQep2Regs
0014aa7b   _EXTIOLOCK
0014aa81   _EXTIOUNLOCK
0014aaaa   _EXTIO_Bitrenew
00151cff   _EXTIO_buf_obtain
0014aa87   _EXTIO_buff_Bitrenew
0014aab9   _EXTIO_init
0010e510   _EXTIO_lock
00151ce1   _EXTIO_send_Ndata
0015eb51   _EnableInterrupts
00157e1c   _Exp_file_close
00157dd9   _Exp_file_open
001618a7   _FS_release
001618a0   _FS_req
0016188b   _FS_task_delete_req
0010e572   _F_A
0010e900   _F_Harm
0010eb80   _F_angle
0010fe16   _FatFs
0014d983   _File_txtView
0014d92e   _Fileview_ISexit
0014d973   _Fileview_close
0014d94c   _Fileview_open
0014d921   _Fileview_path_obtain
0014d918   _Fileview_sendMSG
0014d937   _Fileview_setARG
0014d92a   _Fileview_type_obtain
00000a80   _FlashRegs
0011516e   _Frequency
001622cd   _GL_DrawEllipse
00162006   _GL_FillPolygon
00140324   _GPIO_list
001535ef   _GPS_Date_obtian
00153642   _GPS_Protocol_analysis_GPRMC
00111dc0   _GPS_TD_buf
00113396   _GPS_Time_Date_buf
0015356f   _GPS_Time_obtian
00161535   _GPS_data_ISR
001533b9   _GPS_data_validity_analysis
00153753   _GPS_driver_init
00153701   _GPS_driver_ioctl
001536bb   _GPS_driver_read
00153760   _GPS_driver_register
0015375a   _GPS_driver_uninstall
001536aa   _GPS_driver_write
00140314   _GPS_list
00150466   _GUI_2state_button_assign
00150481   _GUI_2state_button_obtain
00150442   _GUI_2state_button_press_titlecopy
0014fede   _GUI_3D_widow_setFornt
00150099   _GUI_3D_window_init
00150048   _GUI_3D_window_title_mod
001623d8   _GUI_CSR_TMR_handle
0015c0a5   _GUI_CURwin_obtain
00162356   _GUI_DrawEllipse
00168268   _GUI_F16X24_ASCII
00168248   _GUI_F16X32_ASCII
00168278   _GUI_F16X32_ASCII1
00168258   _GUI_F32X64_ASCII
00168298   _GUI_F8X11_ASCII
00168288   _GUI_F8X11_ASCII1
001682b8   _GUI_F8X11_ASCII2
001682a8   _GUI_F8X13_ASCII
00168208   _GUI_F8X16_ASCII
00168228   _GUI_F8X16_ASCII1
00162e59   _GUI_FIL_Rbyte
001622b1   _GUI_FillEllipse
00162f4e   _GUI_GET_DEFGRONT
00163676   _GUI_GetEXTkey
00162f6d   _GUI_GetFront
0015c3f1   _GUI_Getchild
0015c997   _GUI_GetwinBgcor
0015c992   _GUI_GetwinFgcor
00162fcd   _GUI_HASCcode_display
00168656   _GUI_HZK16_EXTASCII
00168666   _GUI_HZK24_EXTASCII
0015c5cb   _GUI_IS_Topwidget
00162b47   _GUI_L0_DEVReg
00163138   _GUI_LOCK
00163130   _GUI_LOCK_state_obtain
0014fd76   _GUI_MarkWIN_obtain
001632a9   _GUI_Memdev_create
001632cd   _GUI_Memdev_destroy
001632d3   _GUI_Memdev_init
00163266   _GUI_Memdev_toLCD
00150ffa   _GUI_MsgBOX_SetFont
00150fef   _GUI_MsgBOX_Setcolor
00151002   _GUI_MsgBOX_Setlanguage
00151009   _GUI_MsgBox_creat
00162c81   _GUI_MsgFIFO_create
00162c3d   _GUI_MsgFIFO_del
00162c0a   _GUI_MsgFIFO_empty
00162c22   _GUI_MsgFIFO_read
00162c14   _GUI_MsgFIFO_write
00162f51   _GUI_SET_DEFFRONT
0014fd8b   _GUI_SUBordready
0016366d   _GUI_SetEXTkey
00162f56   _GUI_SetFront
00162f66   _GUI_SetLineHigh
0015c99d   _GUI_SetWin_desktop
0015c0db   _GUI_TopWIN_Set
0015c0ef   _GUI_TopWIN_cancel
00163122   _GUI_UNLOCK
00162f88   _GUI_VASCcode_display
00162395   _GUI_WIN_cursor_obtain
0014fecb   _GUI_WINdo
0014fd4b   _GUI_WINinvalid
0014fd5b   _GUI_WINinvalid_cancle
0014fdc5   _GUI_WINready
0015ca06   _GUI_WINrepaint
0014fe4a   _GUI_WINshift
00162c46   _GUI_WinID_post
0015c560   _GUI_WinSize_modify
00164224   _GUI_arrow_init
00161b6c   _GUI_bmp_display
00161bb1   _GUI_bmp_displayExt
001503c0   _GUI_button_SetFont
00150424   _GUI_button_Set_icon
00150459   _GUI_button_callback_mount
0015048c   _GUI_button_id_mod
001504a9   _GUI_button_init
00150409   _GUI_button_title_display
00150639   _GUI_checkBox_create
001506ac   _GUI_checkBox_select
001506c8   _GUI_checkbox_state_modify
001506a2   _GUI_checkbox_state_obtain
0015c3ca   _GUI_childobj_obtian
001618c8   _GUI_clean_dot
00161b24   _GUI_clean_screen
0015c937   _GUI_clean_window
0010fdea   _GUI_conText
0016256a   _GUI_cursor_init
00162490   _GUI_cursor_reload
00162451   _GUI_cursor_shift
001624ba   _GUI_cursor_start
001624b3   _GUI_cursor_state_obtain
00162539   _GUI_cursor_stop
00150707   _GUI_dialogBox_create
00150845   _GUI_dialogBox_init
001506e5   _GUI_dialogBox_member_obtain
00161a0e   _GUI_draw_Hline
00161af5   _GUI_draw_Rect
00161a33   _GUI_draw_Vline
0015c239   _GUI_draw_color_line
001618b6   _GUI_draw_dot
00161a67   _GUI_draw_line
00162179   _GUI_drawcircle
00150b42   _GUI_drop_list_member_assign
00150b57   _GUI_drop_list_member_obtain
00150a95   _GUI_drop_list_unfold
00163667   _GUI_dummy_press_Ekey
00150d26   _GUI_edit_Boffset_obtain
00150dc9   _GUI_edit_GetUNflag
00150daa   _GUI_edit_SetUNflag
00150b78   _GUI_edit_allmember_release
00150d4a   _GUI_edit_clean
00150d89   _GUI_edit_content_obtain
00150b9e   _GUI_edit_creat
00150f3e   _GUI_edit_csr_shift
001635f6   _GUI_edit_end_hook
00150ea8   _GUI_edit_float_display_at
00150d3a   _GUI_edit_id_obtain
00150fe5   _GUI_edit_init
00150e8f   _GUI_edit_int_display_At
00150b6c   _GUI_edit_mem_req
00150b62   _GUI_edit_member_set_color
00150bba   _GUI_edit_memeber_add
001635f9   _GUI_edit_run_hook
00150cc5   _GUI_edit_select
0016360d   _GUI_edit_setting
00150cec   _GUI_edit_shift
00150f7a   _GUI_edit_start
001635f0   _GUI_edit_start_hook
00150e10   _GUI_edit_string_display
00150e80   _GUI_edit_string_display_At
00148506   _GUI_edit_string_redisplay
00162f31   _GUI_extlib_init
001618da   _GUI_fill_Rect
001618f3   _GUI_fill_Rect_At
0015c9a5   _GUI_fill_window_area
001621d4   _GUI_fillcircle
0015c7fe   _GUI_float_display
0015c815   _GUI_float_display_At
0016266a   _GUI_float_putoff_point
0015c175   _GUI_foucus_area_divide
0015c12b   _GUI_foucus_dot_divide
00163ad6   _GUI_free
00162372   _GUI_free_cursor_obtain
00162680   _GUI_ftoa
0015c0a1   _GUI_hwin_obtain
0015c825   _GUI_int_display
0015c838   _GUI_int_display_At
0016365e   _GUI_keyExt_Lock
00163661   _GUI_keyExt_unLock
00162c93   _GUI_keyMSG_post
00163686   _GUI_key_create
00163664   _GUI_key_empty
00162c9e   _GUI_key_read
00161c07   _GUI_lcdDEV_Reg
00161c0d   _GUI_lcd_resource_release
00161c0a   _GUI_lcd_resource_req
00161b2c   _GUI_libASC_display
0015c883   _GUI_libASC_display_At
00163086   _GUI_lib_init
00151644   _GUI_listview_create
0015182f   _GUI_listview_curmember_obtain
00151892   _GUI_listview_init
0015179d   _GUI_listview_memeber_add
00151856   _GUI_listview_select
00151837   _GUI_listview_title_obtain
00163c8e   _GUI_local_ASC_data_obtain
0016260e   _GUI_ltoa
00163a77   _GUI_malloc
00100403   _GUI_malloc_mem
00162ca9   _GUI_mbox_post
00162cb4   _GUI_mbox_read
00100240   _GUI_mem_ctl
00163b09   _GUI_mem_maneger_init
00100040   _GUI_mem_pdest
00162596   _GUI_memcmp
001625b1   _GUI_memcpy
00162571   _GUI_memset
00163129   _GUI_msleep
001631a8   _GUI_os_exit
00163172   _GUI_os_init
0016316f   _GUI_os_jiffies_obtain
0016205f   _GUI_polygon_draw
001620b4   _GUI_polygon_fill
001620d0   _GUI_polygon_rotate
00163011   _GUI_print_string
001514e8   _GUI_radio_create
001515a9   _GUI_radio_curmember_obtain
00151514   _GUI_radio_memeber_add
001515ba   _GUI_radio_select
001515b1   _GUI_radio_title_obtain
00161914   _GUI_read_block
0016198d   _GUI_read_block_Extp
001619da   _GUI_read_memBlock
0015ca57   _GUI_resource_release
0015ca13   _GUI_resource_req
001518f3   _GUI_scrb_SetDeuCor
001618af   _GUI_set_Bgcolor
001618a8   _GUI_set_Fgcolor
00151c81   _GUI_slider_GetCURpos
00151c77   _GUI_slider_GetN
00151b4c   _GUI_slider_SetDeuCor
00151bfe   _GUI_slider_create
00151c61   _GUI_slider_setCURpos
00151c4b   _GUI_slider_setN
001625ce   _GUI_strcat
00162652   _GUI_strcpy
0015c75a   _GUI_string_display
0015c794   _GUI_string_display_At
0016272d   _GUI_string_locate
001625e4   _GUI_string_reversal
0015c7ba   _GUI_string_wide_display_At
0015c7a0   _GUI_string_window_display_At
00162588   _GUI_strlen
0015ca09   _GUI_task
00164225   _GUI_touch_correct
001518dc   _GUI_txtbox_print
001512e4   _GUI_waitWIN_CHmod
00151296   _GUI_waitWIN_create
00151305   _GUI_waitWIN_destory
001504a8   _GUI_wait_touch_release
0015c2aa   _GUI_widget_3D_DrawDownRect
0015c249   _GUI_widget_3D_paint
0015c30a   _GUI_widget_sink_3D_paint
0015c898   _GUI_window_angle_line_display
0015c715   _GUI_window_border_decide
0015c413   _GUI_window_child_creat
0015c4d1   _GUI_window_creat
0015c645   _GUI_window_destory
0015c845   _GUI_window_draw_dot
0015c6b2   _GUI_window_hwin_release
0015c697   _GUI_window_hwin_req
0015c853   _GUI_window_line_display
0015c367   _GUI_windows_paint
00161949   _GUI_write_block
001619be   _GUI_write_block_Extp
001619fa   _GUI_write_memBlock
0015c71e   _GUI_x_set
0015c72c   _GUI_x_shift
0015c745   _GUI_xy_set
0015c737   _GUI_y_set
00151eed   _GenerateCRC
00006f80   _GpioCtrlRegs
00006fc0   _GpioDataRegs
00006fe0   _GpioIntRegs
001503eb   _Gui_2state_button_dye
0014ffa0   _Gui_3D_window_creat
0014feea   _Gui_3D_window_set_color
0014fef8   _Gui_3D_window_title_nomal
0014ff50   _Gui_3D_window_title_press
0015128f   _Gui_MsgBox_init
001502ca   _Gui_button_creat
001503cd   _Gui_button_dye
001503b9   _Gui_button_insert_icon
001503ae   _Gui_button_set_color
0015094c   _Gui_drop_list_creat
00150858   _Gui_drop_list_init
0015084d   _Gui_drop_list_set_color
00151639   _Gui_listview_set_color
0015137b   _Gui_progress_bar_advance
00151328   _Gui_progress_bar_creat
00151407   _Gui_progress_bar_empty
001513bf   _Gui_progress_bar_setValue
00151363   _Gui_progress_mod_setp
00151b38   _Gui_scrb_Getpos
00151b42   _Gui_scrb_Getsize
00151b01   _Gui_scrb_SetVkey
00151b1e   _Gui_scrb_Setcorlor
00151aa5   _Gui_scrb_Setpos
00151ae4   _Gui_scrb_Setsize
00151a7c   _Gui_scrb_attach
00151a0f   _Gui_scrb_create
00151ac3   _Gui_scrb_shift
00151898   _Gui_txtbox_creat
0015ea14   _I2CINT1A_ISR
0015ea21   _I2CINT2A_ISR
00007900   _I2caRegs
0015e76f   _ILLEGAL_ISR
0015e721   _INT13_ISR
0015e72e   _INT14_ISR
00140330   _INText_list
00008624   _ISR_Extint_entery
00008068   _ISR_read_fpga_data
00115160   _Ia
00115156   _Ib
00115178   _Ic
0015e690   _InitCpuTimers
00008000   _InitFlash
0015ec24   _InitPeripheralClocks
0015eb32   _InitPieCtrl
0015eb60   _InitPieVectTable
0015ebd1   _InitPll
0015eb7c   _InitSpi
0015eb7d   _InitSpiGpio
0015eb80   _InitSpiaGpio
0015ebb6   _InitSysCtrl
0015ee25   _InitXintf16Gpio
0015ed8e   _InitXintf32Gpio
00115164   _JIab
00115162   _JIac
00115174   _JIbc
0011516a   _JUab
00115168   _JUac
00115166   _JUcb
0011515e   _Ja
00115180   _Jb
00115176   _Jc
0015c20f   _LCD_Color2Index_565
00162b5f   _LCD_L0_init
0015c22c   _LCD_RGB_565
0015eafe   _LUF_ISR
0015eaf1   _LVF_ISR
00115103   _Load_Model
0011518a   _LostIaTitle
00115186   _LostIbTitle
0011519a   _LostIcTitle
00115196   _LostUaTitle
00115192   _LostUbTitle
001151a2   _LostUcTitle
0015e9ac   _MRINTA_ISR
0015e992   _MRINTB_ISR
0015e9b9   _MXINTA_ISR
0015e99f   _MXINTB_ISR
00005000   _McbspaRegs
00005040   _McbspbRegs
0015eeeb   _MemCopy
001510c2   _MsgBox
0015126a   _MsgPasswordBox
00143352   _MsgPasswordBox_edit_callback_input
001433d5   _MsgPasswordBox_input
0015e762   _NMI_ISR
000085c7   _OSCtxSw
0011291a   _OSCtxSwCtr
00112918   _OSEventFreeList
00112a00   _OSEventTbl
0011290c   _OSIdleCtr
00160b34   _OSInit
00162de4   _OSInitHookBegin
00162de5   _OSInitHookEnd
0000856f   _OSIntCtxSw
000086e6   _OSIntEnter
000086f0   _OSIntExit
00112905   _OSIntNesting
00112904   _OSLockNesting
00160cd9   _OSMemCreate
0011290e   _OSMemFreeList
00160d1f   _OSMemGet
00160d40   _OSMemPut
00112924   _OSMemTbl
00112901   _OSPrioCur
00112900   _OSPrioHighRdy
000088b0   _OSQCreate
00160d84   _OSQFlush
00112910   _OSQFreeList
000088fe   _OSQPend
00008982   _OSQPost
00112940   _OSQTbl
00112903   _OSRdyGrp
0011291c   _OSRdyTbl
00112902   _OSRunning
00008715   _OSSchedLock
00008724   _OSSchedUnlock
000089c2   _OSSemAccept
000089d6   _OSSemCreate
000089fa   _OSSemDel
00008a60   _OSSemPend
00008abe   _OSSemPost
00008ae4   _OSSemQuery
00008b12   _OSSemSet
00160b45   _OSStart
000085a2   _OSStartHighRdy
0011290a   _OSTCBCur
00112916   _OSTCBFreeList
00112912   _OSTCBHighRdy
00162df5   _OSTCBInitHook
00112914   _OSTCBList
00112980   _OSTCBPrioTbl
00112d80   _OSTCBTbl
00160dc1   _OSTaskCreateExt
00162de6   _OSTaskCreateHook
00112906   _OSTaskCtr
00160e15   _OSTaskDel
00162dec   _OSTaskDelHook
00160ebb   _OSTaskDelReq
00162df2   _OSTaskIdleHook
0000e000   _OSTaskIdleStk
00160eea   _OSTaskNameGet
00160f27   _OSTaskNameSet
00160f6a   _OSTaskResume
00162df4   _OSTaskSWHook
00162df3   _OSTaskStatHook
00160fb6   _OSTaskStkChk
00162cbf   _OSTaskStkInit
00161001   _OSTaskSuspend
00008527   _OSTickISR
00112908   _OSTime
0016106b   _OSTimeDly
00161097   _OSTimeGet
001610a2   _OSTimeSet
0000873d   _OSTimeTick
00008616   _OSTimeTickHook
0016eb90   _OSUnMapTbl
00160b5c   _OSVersion
00160b5f   _OS_Dummy
0000878c   _OS_EventTaskRdy
0000880c   _OS_EventTaskRemove
000087d7   _OS_EventTaskWait
00160b60   _OS_EventWaitListInit
0000882b   _OS_MemClr
0000883a   _OS_MemCopy
00160d5e   _OS_MemInit
00160d9b   _OS_QInit
0000884d   _OS_Sched
0000887f   _OS_StrCopy
00008895   _OS_StrLen
00160c40   _OS_TCBInit
000088a3   _OS_TaskIdle
00160c25   _OS_TaskStatStkChk
00161055   _OS_TaskStkClr
0015eb18   _PIE_RESERVED
00114a00   _PY_hzboxf
001144cc   _PY_index_a
001145c0   _PY_index_b
00114880   _PY_index_c
00114780   _PY_index_d
001144c6   _PY_index_e
001144d6   _PY_index_f
001146c0   _PY_index_g
00114680   _PY_index_h
00114540   _PY_index_j
00114640   _PY_index_k
00114800   _PY_index_l
00114700   _PY_index_m
001147c0   _PY_index_n
001144c2   _PY_index_o
00114600   _PY_index_p
0011451a   _PY_index_q
00114580   _PY_index_r
00114900   _PY_index_s
00114740   _PY_index_t
001144e8   _PY_index_w
0011455c   _PY_index_x
0011459c   _PY_index_y
00114980   _PY_index_z
001144c0   _PY_nMax
001628b4   _PY_num_count
00114840   _PY_path
00115150   _Pa
00115170   _Pabc
00115154   _Pb
0011517e   _Pc
00000ce0   _PieCtrlRegs
00000d00   _PieVectTable
00167e0e   _PieVectTableInit
00153525   _Protocol_head_analysis
0011515c   _Qa
00115172   _Qabc
00115152   _Qb
0011517a   _Qc
0016404f   _RFFT32_brev
00008b41   _RFFT32_mag
00163d5a   _RFFT32_split
00164009   _RFFT32_win
001120c0   _RM_save_data
0015e748   _RTOSINT_ISR
00171246   _RamfuncsLoadEnd
001706e3   _RamfuncsLoadStart
00008000   _RamfuncsRunStart
0015684c   _ReadDL_param_handle
00162e11   _RecNum_OB
00162e35   _RecNum_OB1
0015ea48   _SCIRXINTA_ISR
0015ea62   _SCIRXINTB_ISR
0015ea2e   _SCIRXINTC_ISR
0015ea55   _SCITXINTA_ISR
0015ea6f   _SCITXINTB_ISR
0015ea3b   _SCITXINTC_ISR
0014b696   _SD_cs_disable
0014b68e   _SD_cs_enable
0014b69e   _SD_set_baud
0014b6b1   _SD_spi_config
0015e818   _SEQ1INT_ISR
0015e825   _SEQ2INT_ISR
0015e978   _SPIRXINTA_ISR
0015e985   _SPITXINTA_ISR
00140320   _SPI_list
00111c6e   _SZ_energy_count_end
00111c88   _SZ_energy_count_real
00111c70   _SZ_energy_count_start
00007050   _SciaRegs
00007750   _ScibRegs
00007770   _ScicRegs
0015ebbf   _ServiceDog
00151f2b   _SetPenUpTime
00007040   _SpiaRegs
00007010   _SysCtrlRegs
00167468   _T1
00167470   _T2
0015e85a   _TINT0_ISR
00161518   _USBFS_data_ISR
00161689   _USBFS_fclose
00161685   _USBFS_file_size_obtain
00161606   _USBFS_fopen
001616c6   _USBFS_fread
0016172c   _USBFS_fwrite
00161771   _USB_HID_data_obtain
00161516   _USB_HID_dev_connect
00161517   _USB_dev_move
00161515   _USB_disk_dev_connect
00110f00   _USB_file_buf
001617b4   _USBfs_init
00161527   _USBhid_data_ISR
0015e7f1   _USER10_ISR
0015e7fe   _USER11_ISR
0015e80b   _USER12_ISR
0015e77c   _USER1_ISR
0015e789   _USER2_ISR
0015e796   _USER3_ISR
0015e7a3   _USER4_ISR
0015e7b0   _USER5_ISR
0015e7bd   _USER6_ISR
0015e7ca   _USER7_ISR
0015e7d7   _USER8_ISR
0015e7e4   _USER9_ISR
0015343f   _UTC_Time_convert_BJ_Time
0011515a   _Ua
00115158   _Ub
0011517c   _Uc
00157d19   _Updata_str_view
00157c2f   _Update_Inter_Flash
00153818   _VMCharToHex
00115c00   _VMmeter_data_buf
0015e867   _WAKEINT_ISR
00008b36   _WDog_disable
0014911e   _WIR_record_detail
001490ce   _WIR_record_obtain
00151f07   _WritePanlXY
0015e833   _XINT1_ISR
0015e840   _XINT2_ISR
0015eab0   _XINT3_ISR
0015eabd   _XINT4_ISR
0015eaca   _XINT5_ISR
0015ead7   _XINT6_ISR
0015eae4   _XINT7_ISR
00007070   _XIntruptRegs
00111d92   _XL_account_buf
00111e40   _XL_other_read_buf
00111cc0   _XL_reg_read_buf
00111cc7   _XL_reg_write_buf
00000b20   _XintfRegs
0015bb78   __ABCcode_sys
0014e15d   __ErrExc
0015261c   __Ext_ISR_init
0014dafe   __GetRGB
00171284   __IQ30toF
00100000   __MemLOCK
00115a00   __QP_arry
00115906   __QP_pos
0015b767   __QPcode_sys
00111c78   __RMsave_edit
000003b0   __STACK_SIZE
00149384   __ULV_law
00113c00   __USBstate
0015f4cc   __WINpaint
ffffffff   ___TI_pprof_out_hndl
ffffffff   ___TI_prof_var_size
ffffffff   ___TI_prof_var_start
ffffffff   ___binit__
00000000   ___bss__
ffffffff   ___c_args__
0016f4d5   ___cinit__
00000000   ___data__
00000000   ___edata__
00000000   ___end__
00164226   ___etext__
00164092   ___memcpy_ff
ffffffff   ___pinit__
00140500   ___text__
00164175   __args_main
00150356   __button_do
00150387   __button_invalid
0015039b   __button_invalid_cancle
0015033c   __button_select
001504b6   __checkBox_paint
00111bf8   __cleanup_ptr
0016e98f   __ctypes_
0011652e   __dialogBOX_only
0015085e   __droplist_paint
00111bfa   __dtors_ptr
00111bfe   __lock
001641ff   __nop
0014faec   __print_user_info
0015dc8f   __printfi
001641fb   __register_lock
001641f7   __register_unlock
00151b56   __slider_paint
00000400   __stack
00116385   __task_cmt_id
00111bfc   __unlock
00164147   _abort
00111ca8   _ack_IECmessage_buf
00111cae   _ack_message_buf
00163c1f   _acos
00161d24   _app_BBmod_DLarg_display
00161db5   _app_BBmod_DLmember_add
00161c20   _app_BBmod_add
0016868c   _app_BBmod_dialogbox
00161c1a   _app_BBmod_exit
00161cd7   _app_BBmod_fun_entry
00161ce4   _app_BBmod_fun_exit
00161c12   _app_BBmod_insmod
00140110   _app_BBmod_list
00161c91   _app_BBmod_main_task
00161c2e   _app_BBmod_measure_start
00161c0e   _app_BBmod_resource_init
00161d80   _app_BBmod_state_display
00161e9f   _app_BBmod_user_info_diplay
00161dfa   _app_BBmod_window_creat
00161e99   _app_BBmod_window_destroy
00143954   _app_BCDconvertHEX
0015685a   _app_DLparamJY_Rmeter_init
00156862   _app_DLparamJY_Rmeter_uninstall
00155a17   _app_DLparamJYmod_DLarg_display
0015596d   _app_DLparamJYmod_TreatySelect_callblack
00155323   _app_DLparamJYmod_XNFZ_NOTsteady_handle
0015530a   _app_DLparamJYmod_XNFZ_steady_handle
00155051   _app_DLparamJYmod_add
00155989   _app_DLparamJYmod_control_init
001686bc   _app_DLparamJYmod_dialogbox
0015512e   _app_DLparamJYmod_err1_calc
001551a5   _app_DLparamJYmod_err2_calc
0015521c   _app_DLparamJYmod_err3_calc
00155293   _app_DLparamJYmod_err4_calc
0015504b   _app_DLparamJYmod_exit
00155483   _app_DLparamJYmod_fun_entry
001554a1   _app_DLparamJYmod_fun_exit
00155043   _app_DLparamJYmod_insmod
0015533c   _app_DLparamJYmod_key_handle
00140116   _app_DLparamJYmod_list
00155711   _app_DLparamJYmod_meter1_param_err_display
001557a5   _app_DLparamJYmod_meter2_param_err_display
0015583d   _app_DLparamJYmod_meter3_param_err_display
001558d5   _app_DLparamJYmod_meter4_param_err_display
0015505f   _app_DLparamJYmod_meter_BCD_to_float
001554c3   _app_DLparamJYmod_param_and_err_display
0015503f   _app_DLparamJYmod_resource_init
00155c5a   _app_DLparamJYmod_window_creat
00155e43   _app_DLparamJYmod_window_main_creat
00155e84   _app_DLparamJYmod_window_main_destory
00155b01   _app_DLparam_DLmember_window_init
0014dca8   _app_DLview_task
0014e688   _app_ERR_task
00158bb2   _app_ERRmod_Err_correct_init
00158a81   _app_ERRmod_Err_display
00158b99   _app_ERRmod_Err_edit_init
00158866   _app_ERRmod_Icorrect_DLarg_add
00158274   _app_ERRmod_Icorrect_DLarg_display
0015836f   _app_ERRmod_Icorrect_callback
0015816f   _app_ERRmod_Icorrect_correct_data_display
001583fd   _app_ERRmod_Icorrect_is_lawful
0015862d   _app_ERRmod_Icorrect_task
0015832a   _app_ERRmod_Icorrect_userinfo_display
00158c30   _app_ERRmod_Iwindow_creat
00158cc2   _app_ERRmod_Iwindow_destroy
001590ed   _app_ERRmod_TMRErr_display
00159225   _app_ERRmod_TMR_member_add
001592b7   _app_ERRmod_TMR_setting
00159093   _app_ERRmod_TMRcircle_display
00159329   _app_ERRmod_TMRcorrect_task
00158e0d   _app_ERRmod_TMRwindow_creat
00158e8a   _app_ERRmod_TMRwindow_destroy
00158ebd   _app_ERRmod_UDLarg_display
00158cf0   _app_ERRmod_Ucorrect_arg_add
00158f35   _app_ERRmod_Ucorrect_arg_display
00158f8a   _app_ERRmod_Ucorrect_setting_callback
00158fe3   _app_ERRmod_Ucorrect_task
00158de0   _app_ERRmod_Uwindow_creat
00158e07   _app_ERRmod_Uwindow_destroy
00158c2c   _app_ERRmod_XFNZ_init
00158082   _app_ERRmod_add
00158b0a   _app_ERRmod_circle_display
00158090   _app_ERRmod_correct_step_send
0015807c   _app_ERRmod_exit
001580fc   _app_ERRmod_fun_entry
00158112   _app_ERRmod_fun_exit
00158074   _app_ERRmod_insmod
0014011c   _app_ERRmod_list
001580ac   _app_ERRmod_main_task
00159296   _app_ERRmod_meterARG_view
001589d8   _app_ERRmod_notice_init
00158999   _app_ERRmod_radio_phase_init
0015895d   _app_ERRmod_radio_way_init
00158070   _app_ERRmod_resource_init
00158b3a   _app_ERRmod_user_edit_init
00158e90   _app_ERRmod_window_creat
00158eb7   _app_ERRmod_window_destroy
00157e35   _app_Extapp_Is_exist
001572dc   _app_Extapp_uninstall
00157383   _app_Extapp_uninstall_all
00157f14   _app_Extapp_updata
00162764   _app_FILmod_add
0016275e   _app_FILmod_exit
00162896   _app_FILmod_fun_entry
0016289f   _app_FILmod_fun_exit
00162756   _app_FILmod_insmod
00140122   _app_FILmod_list
00162752   _app_FILmod_resource_init
001617fd   _app_GPS_date_and_time_req
0014f252   _app_LJT_display
0014f405   _app_LJT_init
001610bf   _app_PTCTmod_add
001610b9   _app_PTCTmod_exit
00161340   _app_PTCTmod_fun_entry
00161349   _app_PTCTmod_fun_exit
001610b1   _app_PTCTmod_insmod
00140128   _app_PTCTmod_list
001610ad   _app_PTCTmod_resource_init
00161360   _app_PTCTmod_window_main_creat
0016150f   _app_PTCTmod_window_main_destory
00142a27   _app_RM_DLMS_SNRM_send
00142a4e   _app_RM_DLMS_return_processed
00141fdf   _app_RM_DLarg_display
0014254a   _app_RM_DLmember_window_init
00141b0c   _app_RM_baud_set
00142d50   _app_RM_build_PH_connect
00142d85   _app_RM_communcation_to_meter_by_DLMS
00142995   _app_RM_convert_affirm_msg
00141b13   _app_RM_crc_set
00141ad8   _app_RM_guiyue_set
00142f6b   _app_RM_meter_data_handle
00143335   _app_RM_readout_data_IEC
001432fb   _app_RM_readout_to_meterARG
0014293c   _app_RM_rec_identify_msg
00142982   _app_RM_send_IECack_msg
0014296f   _app_RM_send_ack_msg
00142900   _app_RM_send_req_msg
00141cee   _app_RM_verify_funtion1
00144a53   _app_RM_verify_funtion2
0014592e   _app_RM_verify_funtion3
00146a60   _app_RM_verify_funtion4
00140ccc   _app_RMmod_07_set_meter
00140be5   _app_RMmod_97_set_meter
001420db   _app_RMmod_CRC_display
00140e46   _app_RMmod_CRC_select
00144054   _app_RMmod_FLSD_set_law_decide
00143c7b   _app_RMmod_FL_window_create
00143e7f   _app_RMmod_FL_window_destory
00143e94   _app_RMmod_FLcode_setting
00143f07   _app_RMmod_FLwrite_setting
00146019   _app_RMmod_SZTT_setting
00145ad8   _app_RMmod_SZ_window_create
00145b6a   _app_RMmod_SZ_window_destory
00145fbc   _app_RMmod_SZcode_setting
001463dc   _app_RMmod_SZhandle_guiyue_07
001462c6   _app_RMmod_SZhandle_guiyue_97
001428f3   _app_RMmod_Usart3_FIFO_get
001428b1   _app_RMmod_Usart3_baud_set
001428a2   _app_RMmod_Usart3_read
00140ddc   _app_RMmod_Usart3_send
00144da6   _app_RMmod_XLACC_setting
00144ee8   _app_RMmod_XL_reg_setting
00144b81   _app_RMmod_XL_window_create
00144cc2   _app_RMmod_XL_window_destory
001450e3   _app_RMmod_XLhandle_guiyue_07
00144f92   _app_RMmod_XLhandle_guiyue_97
00140dc3   _app_RMmod_XNFZ_steady_handle
00140b36   _app_RMmod_add
00141881   _app_RMmod_auto_read_data_send
001420d2   _app_RMmod_baud_display
00140de9   _app_RMmod_baud_select
001439e6   _app_RMmod_broadcast_CheckTime_handle
001434c6   _app_RMmod_broadcast_send_time_data
00143407   _app_RMmod_broadcast_time_handle
00143968   _app_RMmod_broadcast_time_lag_judge
0014347d   _app_RMmod_broadcast_time_subb
001422b5   _app_RMmod_clean_display
00141e70   _app_RMmod_data_all_display
00141063   _app_RMmod_dispaly_meter_addr
00140fbf   _app_RMmod_edit_setting
00140b30   _app_RMmod_exit
00141e1b   _app_RMmod_fun_entry
00141e58   _app_RMmod_fun_exit
001420c9   _app_RMmod_guiyue_display
001413f6   _app_RMmod_handle_guiyue_07
001410ac   _app_RMmod_handle_guiyue_97
00140b28   _app_RMmod_insmod
0014012e   _app_RMmod_list
00142124   _app_RMmod_logic_addr_NOTdisplay
00142104   _app_RMmod_logic_addr_display
0014269f   _app_RMmod_main_window_create
00142777   _app_RMmod_main_window_destory
001420e4   _app_RMmod_meter_addr_display
0014214e   _app_RMmod_notice_window_display
00142146   _app_RMmod_protocol_tip_NOTdisplay
0014213e   _app_RMmod_protocol_tip_display
00140b24   _app_RMmod_resource_init
0014220f   _app_RMmod_rev_data_display
001421e7   _app_RMmod_rev_data_ftoa_and_display
00142263   _app_RMmod_rev_tip2_display
0014224b   _app_RMmod_rev_tip_clean
0014222b   _app_RMmod_rev_tip_display
001434b9   _app_RMmod_scia_send
00140f15   _app_RMmod_send_read_meter_cmd_07
00140e89   _app_RMmod_send_read_meter_cmd_97
00140fad   _app_RMmod_send_read_meter_cmd_select
001421d9   _app_RMmod_set_info_display
001433f0   _app_RMmod_time_compare_fun
001437a9   _app_RMmod_time_hms_07_set
00143616   _app_RMmod_time_hms_97_set
001434ae   _app_RMmod_time_obtain
0014387d   _app_RMmod_time_ymdw_07_set
001436de   _app_RMmod_time_ymdw_97_set
001422de   _app_RMmod_window_create
0014253f   _app_RMmod_window_destory
001572a3   _app_SDbmp_init
0015f780   _app_Searchmod_add
0015f77a   _app_Searchmod_exit
0015fe9d   _app_Searchmod_fun_entry
0015feaa   _app_Searchmod_fun_exit
0015f772   _app_Searchmod_insmod
0015f76e   _app_Searchmod_resource_init
[...]
0015bf36   _key_input_method_assign
0015bf41   _key_input_method_obtain
0015bf45   _key_method_input
0015bf66   _key_method_input_char_handle
0015bf9a   _key_method_input_shadow
0015c091   _key_input_method_init
0015c0a1   _GUI_hwin_obtain
0015c0a5   _GUI_CURwin_obtain
0015c0db   _GUI_TopWIN_Set
0015c0ef   _GUI_TopWIN_cancel
0015c12b   _GUI_foucus_dot_divide
0015c175   _GUI_foucus_area_divide
0015c20f   _LCD_Color2Index_565
0015c22c   _LCD_RGB_565
0015c239   _GUI_draw_color_line
0015c249   _GUI_widget_3D_paint
0015c2aa   _GUI_widget_3D_DrawDownRect
0015c30a   _GUI_widget_sink_3D_paint
0015c367   _GUI_windows_paint
0015c3ca   _GUI_childobj_obtian
0015c3f1   _GUI_Getchild
0015c413   _GUI_window_child_creat
0015c4d1   _GUI_window_creat
0015c560   _GUI_WinSize_modify
0015c5cb   _GUI_IS_Topwidget
0015c645   _GUI_window_destory
0015c697   _GUI_window_hwin_req
0015c6b2   _GUI_window_hwin_release
0015c715   _GUI_window_border_decide
0015c71e   _GUI_x_set
0015c72c   _GUI_x_shift
0015c737   _GUI_y_set
0015c745   _GUI_xy_set
0015c75a   _GUI_string_display
0015c794   _GUI_string_display_At
0015c7a0   _GUI_string_window_display_At
0015c7ba   _GUI_string_wide_display_At
0015c7fe   _GUI_float_display
0015c815   _GUI_float_display_At
0015c825   _GUI_int_display
0015c838   _GUI_int_display_At
0015c845   _GUI_window_draw_dot
0015c853   _GUI_window_line_display
0015c883   _GUI_libASC_display_At
0015c898   _GUI_window_angle_line_display
0015c937   _GUI_clean_window
0015c992   _GUI_GetwinFgcor
0015c997   _GUI_GetwinBgcor
0015c99d   _GUI_SetWin_desktop
0015c9a5   _GUI_fill_window_area
0015ca06   _GUI_WINrepaint
0015ca09   _GUI_task
0015ca13   _GUI_resource_req
0015ca57   _GUI_resource_release
0015ca60   _my_dichotomy_algorithm
0015ca8e   _my_sort_algorithm
0015ca94   _shift_filtering_data_algorithm_creat
0015cabc   _shift_filtering_data_obtain
0015cbb6   _integral_average_create
0015cbc9   _integral_average_data_obtain
0015cc99   _period_average_create
0015ccb0   _period_average_data_obtain
0015cce7   _fifo_buffer_init
0015ccf7   _fifo_buffer_shift
0015cd05   _fifo_buffer_push
0015cd30   _fifo_buffer_pop
0015cd4f   _fifo_buffer_get_size
0015cd63   _fifo_buffer_empty
0015cd6b   _global_memcpy
0015cd85   _global_memset
0015cd9c   _global_memcmp
0015cdb7   _global_strlen
0015cdc5   _global_strcat
0015cddb   _global_strcpy
0015cdf3   _global_string_locate_first
0015ce18   _global_string_locate
0015ce36   _global_string_locate_end
0015ce56   _global_string_reversal
0015ce80   _global_itoa
0015cec1   _global_ltoa
0015cf05   _global_ftoa
0015cfb2   _global_atoi
0015cfbb   _global_atof
0015d044   _global_debounce_times_mod
0015d04c   _global_debounce_support
0015d07d   _global_sum_array
0015d0be   _global_udelay
0015d0d4   _hex_convert_bcd
0015d0e8   _bcd_convert_hex
0015d0fc   _global_NtoC
0015d105   _global_CtoN
0015d110   _global_decide_num
0015d11b   _global_decide_letter
0015d12f   _global_switch_letter_module
0015d144   _global_adjust_letter_module
0015d159   _global_float_putoff_point
0015d16f   _global_round_off_float
0015d1a5   _global_string_filter
0015d1d6   _global_ASC_code_search_end
0015d208   _global_sprintf
0015d2d3   _timer_array_lock
0015d2d9   _timer_array_unlock
0015d2df   _timer_array_lock_creat
0015d2e4   _timer_member_create
0015d322   _timer_member_revert_expires
0015d341   _timer_member_mod_expires
0015d357   _timer_member_state_set
0015d369   _timer_jiffies_add
0015d36f   _timer_array_maneger_task
0015d3df   _timer_array_mod_init
0015d3f3   _app_malloc
0015d3fa   _app_free
0015d401   _mem_maneger_init
0015d404   _app_release_all_mem
0015dc8f   __printfi
0015dd95   _app_module_color_select
0015de0e   _app_continuous_event
0015de3b   _app_global_DLarg_obtain
0015de46   _app_global_path1_DLerr_obtain
0015de51   _app_global_path2_DLerr_obtain
0015de5c   _app_global_path3_DLerr_obtain
0015de67   _app_global_DLflag_obtain
0015de72   _app_global_set_user_dl_arg
0015de7d   _app_global_QB_select
0015de90   _app_global_path1_circle_obtain
0015de9c   _app_global_path2_circle_obtain
0015dea8   _app_global_path3_circle_obtain
0015deb4   _app_global_DL_measure_entery
0015debf   _app_global_DL_measure_exit
0015dec7   _app_global_DL_driver_add
0015dede   _app_global_DL_driver_delete
0015dee8   _app_global_resouce_req
0015e1cd   _app_USERinfo_Save
0015e250   _app_Systime_obtain
0015e471   _app_save_PECD
0015e4fc   _app_help_view
0015e5ef   _app_load_eEXE
0015e645   _app_global_resouce_release
0015e650   _app_global_resouce_init
0015e690   _InitCpuTimers
0015e6d4   _ConfigCpuTimer
0015e721   _INT13_ISR
0015e72e   _INT14_ISR
0015e73b   _DATALOG_ISR
0015e748   _RTOSINT_ISR
0015e755   _EMUINT_ISR
0015e762   _NMI_ISR
0015e76f   _ILLEGAL_ISR
0015e77c   _USER1_ISR
0015e789   _USER2_ISR
0015e796   _USER3_ISR
0015e7a3   _USER4_ISR
0015e7b0   _USER5_ISR
0015e7bd   _USER6_ISR
0015e7ca   _USER7_ISR
0015e7d7   _USER8_ISR
0015e7e4   _USER9_ISR
0015e7f1   _USER10_ISR
0015e7fe   _USER11_ISR
0015e80b   _USER12_ISR
0015e818   _SEQ1INT_ISR
0015e825   _SEQ2INT_ISR
0015e833   _XINT1_ISR
0015e840   _XINT2_ISR
0015e84d   _ADCINT_ISR
0015e85a   _TINT0_ISR
0015e867   _WAKEINT_ISR
0015e874   _EPWM1_TZINT_ISR
0015e881   _EPWM2_TZINT_ISR
0015e88e   _EPWM3_TZINT_ISR
0015e89b   _EPWM4_TZINT_ISR
0015e8a8   _EPWM5_TZINT_ISR
0015e8b5   _EPWM6_TZINT_ISR
0015e8c2   _EPWM1_INT_ISR
0015e8cf   _EPWM2_INT_ISR
0015e8dc   _EPWM3_INT_ISR
0015e8e9   _EPWM4_INT_ISR
0015e8f6   _EPWM5_INT_ISR
0015e903   _EPWM6_INT_ISR
0015e910   _ECAP1_INT_ISR
0015e91d   _ECAP2_INT_ISR
0015e92a   _ECAP3_INT_ISR
0015e937   _ECAP4_INT_ISR
0015e944   _ECAP5_INT_ISR
0015e951   _ECAP6_INT_ISR
0015e95e   _EQEP1_INT_ISR
0015e96b   _EQEP2_INT_ISR
0015e978   _SPIRXINTA_ISR
0015e985   _SPITXINTA_ISR
0015e992   _MRINTB_ISR
0015e99f   _MXINTB_ISR
0015e9ac   _MRINTA_ISR
0015e9b9   _MXINTA_ISR
0015e9c6   _DINTCH1_ISR
0015e9d3   _DINTCH2_ISR
0015e9e0   _DINTCH3_ISR
0015e9ed   _DINTCH4_ISR
0015e9fa   _DINTCH5_ISR
0015ea07   _DINTCH6_ISR
0015ea14   _I2CINT1A_ISR
0015ea21   _I2CINT2A_ISR
0015ea2e   _SCIRXINTC_ISR
0015ea3b   _SCITXINTC_ISR
0015ea48   _SCIRXINTA_ISR
0015ea55   _SCITXINTA_ISR
0015ea62   _SCIRXINTB_ISR
0015ea6f   _SCITXINTB_ISR
0015ea7c   _ECAN0INTA_ISR
0015ea89   _ECAN1INTA_ISR
0015ea96   _ECAN0INTB_ISR
0015eaa3   _ECAN1INTB_ISR
0015eab0   _XINT3_ISR
0015eabd   _XINT4_ISR
0015eaca   _XINT5_ISR
0015ead7   _XINT6_ISR
0015eae4   _XINT7_ISR
0015eaf1   _LVF_ISR
0015eafe   _LUF_ISR
0015eb0b   _EMPTY_ISR
0015eb18   _PIE_RESERVED
0015eb25   _rsvd_ISR
0015eb32   _InitPieCtrl
0015eb51   _EnableInterrupts
0015eb5a   _DisenableInterrupts
0015eb60   _InitPieVectTable
0015eb7c   _InitSpi
0015eb7d   _InitSpiGpio
0015eb80   _InitSpiaGpio
0015ebb6   _InitSysCtrl
0015ebbf   _ServiceDog
0015ebc9   _DisableDog
0015ebd1   _InitPll
0015ec24   _InitPeripheralClocks
0015ecd2   _CsmUnlock
0015ed03   _xintf_zone6and7_timing
0015ed8e   _InitXintf32Gpio
0015ee25   _InitXintf16Gpio
0015eeeb   _MemCopy
0015ef02   _BSP_Dly
0015ef09   _BSP_Dly_ms
0015ef1c   _bsp_init
0015ef42   _app_XBmod_resource_init
0015ef46   _app_XBmod_insmod
0015ef4e   _app_XBmod_exit
0015ef54   _app_XBmod_add
0015efd0   _app_XBmod_fun_entry
0015efdf   _app_XBmod_fun_exit
0015eff6   _app_XBmod_graph_display
0015f0b9   _app_XBmod_ruler_clean
0015f0fe   _app_XBmod_THDdisplay
0015f1e1   _app_XBmod_window_create
0015f1ff   _app_XBmod_window_destory
0015f43e   _app_XBmod_GRtask
0015f4cc   __WINpaint
0015f71d   _app_XBmod_Numtask
0015f76e   _app_Searchmod_resource_init
0015f772   _app_Searchmod_insmod
0015f77a   _app_Searchmod_exit
0015f780   _app_Searchmod_add
0015fe9d   _app_Searchmod_fun_entry
0015feaa   _app_Searchmod_fun_exit
0015febf   _app_wavemod_resource_init
0015fec3   _app_wavemod_insmod
0015fecb   _app_wavemod_exit
0015fed1   _app_wavemod_add
00160246   _app_wavemod_fun_entry
00160251   _app_wavemod_fun_exit
00160268   _app_wavemod_window_line_draw
0016046b   _app_wavemod_window_creat
00160500   _app_wavemod_window_destory
00160506   _os_lock
00160510   _os_unlock
00160517   _os_lock_revert
0016051f   _os_lock_creat
0016053a   _os_sem_creat
0016055d   _os_sem_revert
00160571   _os_sem_pend
0016057d   _os_q_creat
0016059f   _os_task_req_pro_array
001605dd   _os_task_release_pro_array
00160602   _os_task_assign_pro_build
0016066f   _os_task_assign_stk_build
001606a2   _os_task_random_build
001606aa   _os_task_delete
001606ba   _os_task_delete_all
001606d8   _os_task_name_set
001606e3   _os_task_name_get
001606f0   _os_connect_init
00160705   _os_driver_add
00160762   _os_driver_delete
0016077e   _os_driver_uninstall
001607a1   _os_driver_init
001607cb   _os_driver_read
001607ec   _os_driver_write
0016080d   _os_driver_ioctl
00160829   _os_driver_open
00160852   _os_driver_close
00160872   _os_driver_maneger_tab_init
0016087e   _app_module_start_hook
00160882   _app_module_stop_hook
00160886   _app_module_start
001608a4   _app_module_exit
001608bf   _app_module_switch
001608ed   _app_module_add
0016092f   _app_module_delete
00160945   _app_module_get_qmsg_box
00160968   _app_module_send_hmsg
00160996   _app_module_switch_last_mod
001609a3   _app_module_assign_mod
001609ae   _app_module_ID_obtain
001609e4   _app_module_set_name
001609fd   _app_module_assignExt
00160a09   _app_module_maneger_exit
00160a14   _app_module_state_handle
00160a46   _app_module_CURmod_OB
00160a6d   _app_module_maneger_init
00160a87   _os_memcpy
00160aa1   _os_memset
00160ab8   _os_memcmp
00160ad3   _os_strlen
00160ae1   _os_strcat
00160af7   _os_strcpy
00160b0f   _os_string_locate_first
00160b34   _OSInit
00160b45   _OSStart
00160b5c   _OSVersion
00160b5f   _OS_Dummy
00160b60   _OS_EventWaitListInit
00160c25   _OS_TaskStatStkChk
00160c40   _OS_TCBInit
00160cd9   _OSMemCreate
00160d1f   _OSMemGet
00160d40   _OSMemPut
00160d5e   _OS_MemInit
00160d84   _OSQFlush
00160d9b   _OS_QInit
00160dc1   _OSTaskCreateExt
00160e15   _OSTaskDel
00160ebb   _OSTaskDelReq
00160eea   _OSTaskNameGet
00160f27   _OSTaskNameSet
00160f6a   _OSTaskResume
00160fb6   _OSTaskStkChk
00161001   _OSTaskSuspend
00161055   _OS_TaskStkClr
0016106b   _OSTimeDly
00161097   _OSTimeGet
001610a2   _OSTimeSet
001610ad   _app_PTCTmod_resource_init
001610b1   _app_PTCTmod_insmod
001610b9   _app_PTCTmod_exit
001610bf   _app_PTCTmod_add
00161340   _app_PTCTmod_fun_entry
00161349   _app_PTCTmod_fun_exit
00161360   _app_PTCTmod_window_main_creat
0016150f   _app_PTCTmod_window_main_destory
00161515   _USB_disk_dev_connect
00161516   _USB_HID_dev_connect
00161517   _USB_dev_move
00161518   _USBFS_data_ISR
00161527   _USBhid_data_ISR
00161535   _GPS_data_ISR
00161606   _USBFS_fopen
00161685   _USBFS_file_size_obtain
00161689   _USBFS_fclose
001616c6   _USBFS_fread
0016172c   _USBFS_fwrite
00161771   _USB_HID_data_obtain
001617b4   _USBfs_init
001617fd   _app_GPS_date_and_time_req
00161844   _app_power_switch_req
0016188b   _FS_task_delete_req
00161894   _fs_lock
0016189a   _fs_unlock
001618a0   _FS_req
001618a7   _FS_release
001618a8   _GUI_set_Fgcolor
001618af   _GUI_set_Bgcolor
001618b6   _GUI_draw_dot
001618c8   _GUI_clean_dot
001618da   _GUI_fill_Rect
001618f3   _GUI_fill_Rect_At
00161914   _GUI_read_block
00161949   _GUI_write_block
0016198d   _GUI_read_block_Extp
001619be   _GUI_write_block_Extp
001619da   _GUI_read_memBlock
001619fa   _GUI_write_memBlock
00161a0e   _GUI_draw_Hline
00161a33   _GUI_draw_Vline
00161a67   _GUI_draw_line
00161af5   _GUI_draw_Rect
00161b24   _GUI_clean_screen
00161b2c   _GUI_libASC_display
00161b6c   _GUI_bmp_display
00161bb1   _GUI_bmp_displayExt
00161c07   _GUI_lcdDEV_Reg
00161c0a   _GUI_lcd_resource_req
00161c0d   _GUI_lcd_resource_release
00161c0e   _app_BBmod_resource_init
00161c12   _app_BBmod_insmod
00161c1a   _app_BBmod_exit
00161c20   _app_BBmod_add
00161c2e   _app_BBmod_measure_start
00161c91   _app_BBmod_main_task
00161cd7   _app_BBmod_fun_entry
00161ce4   _app_BBmod_fun_exit
00161d24   _app_BBmod_DLarg_display
00161d80   _app_BBmod_state_display
00161db5   _app_BBmod_DLmember_add
00161dfa   _app_BBmod_window_creat
00161e99   _app_BBmod_window_destroy
00161e9f   _app_BBmod_user_info_diplay
00162006   _GL_FillPolygon
0016205f   _GUI_polygon_draw
001620b4   _GUI_polygon_fill
001620d0   _GUI_polygon_rotate
00162179   _GUI_drawcircle
001621d4   _GUI_fillcircle
001622b1   _GUI_FillEllipse
001622cd   _GL_DrawEllipse
00162356   _GUI_DrawEllipse
00162372   _GUI_free_cursor_obtain
00162395   _GUI_WIN_cursor_obtain
001623d8   _GUI_CSR_TMR_handle
00162451   _GUI_cursor_shift
00162490   _GUI_cursor_reload
001624b3   _GUI_cursor_state_obtain
001624ba   _GUI_cursor_start
00162539   _GUI_cursor_stop
0016256a   _GUI_cursor_init
00162571   _GUI_memset
00162588   _GUI_strlen
00162596   _GUI_memcmp
001625b1   _GUI_memcpy
001625ce   _GUI_strcat
001625e4   _GUI_string_reversal
0016260e   _GUI_ltoa
00162652   _GUI_strcpy
0016266a   _GUI_float_putoff_point
00162680   _GUI_ftoa
0016272d   _GUI_string_locate
00162752   _app_FILmod_resource_init
00162756   _app_FILmod_insmod
0016275e   _app_FILmod_exit
00162764   _app_FILmod_add
00162896   _app_FILmod_fun_entry
0016289f   _app_FILmod_fun_exit
001628b4   _PY_num_count
001629df   _py_ime
00162aa9   _BLKmem_malloc
00162af7   _BLKmem_free
00162b47   _GUI_L0_DEVReg
00162b5f   _LCD_L0_init
00162c0a   _GUI_MsgFIFO_empty
00162c14   _GUI_MsgFIFO_write
00162c22   _GUI_MsgFIFO_read
00162c3d   _GUI_MsgFIFO_del
00162c46   _GUI_WinID_post
00162c81   _GUI_MsgFIFO_create
00162c93   _GUI_keyMSG_post
00162c9e   _GUI_key_read
00162ca9   _GUI_mbox_post
00162cb4   _GUI_mbox_read
00162cbf   _OSTaskStkInit
00162de4   _OSInitHookBegin
00162de5   _OSInitHookEnd
00162de6   _OSTaskCreateHook
00162dec   _OSTaskDelHook
00162df2   _OSTaskIdleHook
00162df3   _OSTaskStatHook
00162df4   _OSTaskSWHook
00162df5   _OSTCBInitHook
00162dfb   _App_TaskCreateHook
00162e01   _App_TaskDelHook
00162e07   _App_TaskIdleHook
00162e08   _App_TaskStatHook
00162e09   _App_TaskSwHook
00162e0a   _App_TCBInitHook
00162e10   _App_TimeTickHook
00162e11   _RecNum_OB
00162e35   _RecNum_OB1
00162e59   _GUI_FIL_Rbyte
00162f31   _GUI_extlib_init
00162f4e   _GUI_GET_DEFGRONT
00162f51   _GUI_SET_DEFFRONT
00162f56   _GUI_SetFront
00162f66   _GUI_SetLineHigh
00162f6d   _GUI_GetFront
00162f88   _GUI_VASCcode_display
00162fcd   _GUI_HASCcode_display
00163011   _GUI_print_string
00163086   _GUI_lib_init
00163122   _GUI_UNLOCK
00163129   _GUI_msleep
00163130   _GUI_LOCK_state_obtain
00163138   _GUI_LOCK
0016316f   _GUI_os_jiffies_obtain
00163172   _GUI_os_init
001631a8   _GUI_os_exit
00163266   _GUI_Memdev_toLCD
001632a9   _GUI_Memdev_create
001632cd   _GUI_Memdev_destroy
001632d3   _GUI_Memdev_init
001632d7   _CFFT32_calc
001633e1   _app_global_decide_inputkey
00163400   _app_global_decide_Nkey
0016341e   _app_global_decide_PYkey
0016343d   _app_global_Ntokey
00163461   _app_global_keytoletter
0016347f   _app_global_key_control_power_req
00163485   _app_global_key_control_power_release
0016348b   _app_global_key_force_obtain
0016349f   _app_global_key_dummy_press
001634ab   _app_global_key_obtain
001634c9   _app_global_key_FIFO_empty
001634d1   _app_global_key_resource_req
001634e0   _app_global_key_resource_release
001634e9   LL$$DIV
00163525   LL$$MOD
0016355f   ULL$$DIV
0016358e   ULL$$MOD
001635f0   _GUI_edit_start_hook
001635f6   _GUI_edit_end_hook
001635f9   _GUI_edit_run_hook
0016360d   _GUI_edit_setting
0016365e   _GUI_keyExt_Lock
00163661   _GUI_keyExt_unLock
00163664   _GUI_key_empty
00163667   _GUI_dummy_press_Ekey
0016366d   _GUI_SetEXTkey
00163676   _GUI_GetEXTkey
00163686   _GUI_key_create
001636f2   FS$$DIV
001637e2   _mod_err_inlet
001637e3   _os_isr_init
00163803   _support_mod_init
00163808   _app_mod_mount
00163852   _app_get_1th_mod_id
00163857   _app_start_module
00163867   _user_main_task
0016387a   _app_init
00163888   _main
00163891   _atan2
00163976   _app_global_buz_alarm
00163994   _app_global_buz_response
001639af   _app_global_buz_entery
001639cb   _app_global_buz_exit
001639db   FD$$ADD
00163a77   _GUI_malloc
00163ad6   _GUI_free
00163b09   _GUI_mem_maneger_init
00163b11   FD$$DIV
00163b9c   FD$$MPY
00163c1f   _acos
00163c8e   _GUI_local_ASC_data_obtain
00163cf4   _log10
00163d5a   _RFFT32_split
00163dc0   _cos
00163e21   _sin
00163e80   _c_int00
00163ec6   _atol
00163f00   _sprintf
00163f31   _atoi
00163f62   _ltoa
00163f90   L$$DIV
00163f9f   L$$MOD
00163fad   UL$$DIV
00163fb4   UL$$MOD
00163fba   FD$$CMP
00163fe4   FS$$TOULL
00164009   _RFFT32_win
0016402d   I$$DIV
0016403e   I$$MOD
0016404f   _RFFT32_brev
00164071   FD$$TOI
00164092   ___memcpy_ff
001640b3   FD$$TOL
001640d2   _strncpy
001640f1   LL$$CMP
00164103   ULL$$CMP
0016410f   L$$TOFD
0016412b   FS$$TOFD
00164147   C$$EXIT
00164147   _abort
00164149   _exit
0016415f   _frexp
00164175   __args_main
0016418a   LL$$MPY
0016419e   _memccpy
001641b0   FD$$SUB
001641ca   _isalnum
001641d6   _isdigit
001641e2   U$$DIV
001641e7   U$$MOD
001641ed   _strlen
001641f7   __register_unlock
001641fb   __register_lock
001641ff   __nop
00164200   _strcpy
00164209   _strchr
00164212   _memset
0016421b   FD$$NEG
00164224   _GUI_arrow_init
00164225   _GUI_touch_correct
00164226   ___etext__
00164226   etext
00164228   _m_RM_fun
00165814   _m_WIR_fun
00165efa   _m_XCERR_fun
00166b98   _cha96
00167468   _T1
0016746a   _C2
0016746c   _C3
0016746e   _C1
00167470   _T2
001678ac   _cha48
00167a2c   _m_TIME_fun
00167e0e   _PieVectTableInit
00168208   _GUI_F8X16_ASCII
00168228   _GUI_F8X16_ASCII1
00168248   _GUI_F16X32_ASCII
00168258   _GUI_F32X64_ASCII
00168268   _GUI_F16X24_ASCII
00168278   _GUI_F16X32_ASCII1
00168288   _GUI_F8X11_ASCII1
00168298   _GUI_F8X11_ASCII
001682a8   _GUI_F8X13_ASCII
001682b8   _GUI_F8X11_ASCII2
0016843e   _app_errmod_Idialogbox
001685da   _app_errmod_dialogbox
00168656   _GUI_HZK16_EXTASCII
00168666   _GUI_HZK24_EXTASCII
0016868c   _app_BBmod_dialogbox
001686bc   _app_DLparamJYmod_dialogbox
001686ec   _app_XBmod_dialogbox
0016871c   _m_Ulevel_tab
0016878e   _m_WIR_move_step
001687ca   _mERRmod_Itable
001687dc   _m_DLSR_CT_const
001687ee   _app_errmod_Udialogbox
00168878   _m_I_level_Rconst
00168880   _m_U_level_Rconst
00168a2a   _ASC_16X32_code
0016a266   _ASC_16X24_code
0016b406   _gImage_flop
0016c27e   _gImage_file
0016d04e   _ASC_32X64_code
0016d67e   _ASC_8X16_code
0016dc5e   _ASC_8X13_code
0016e124   _ASC_8X11_code
0016e52e   _m_battery2_flag_icon
0016e6ae   _m_battery_flag_icon
0016e82e   _m_ELELIB_BYQ3_4
0016e98f   __ctypes_
0016ea90   _CRCTable
0016eb90   _OSUnMapTbl
0016ec90   _mFCS_crc_tab
0016ed90   _m_ELELIB_BYQ3_3
0016ee87   _m_ELELIB_MP
0016ef35   _m_ELELIB_HGQ
0016efb7   _ASC_16X24_code2
0016efff   _ASC_16X24_code3
0016f047   _ASC_16X32_code1
0016f089   _m_adapter2_flag_icon
0016f0c9   _m_adapter_flag_icon
0016f109   _m_charge2_flag_icon
0016f149   _m_charge_flag_icon
0016f189   _m_extral2_flag_icon
0016f1c9   _m_extral_flag_icon
0016f209   _ASC_16X24_code1
0016f239   _g_Nkey_tab
0016f2ae   _ASC_8X11_code1
0016f34a   _m_pll_DATA
0016f35c   _ASC_8X16_code1
0016f36c   _m_cmd_97_DI0
0016f37c   _m_cmd_97_DI1
0016f3be   _ASC_8X11_code2
0016f3c9   _m_XLcmd_07_DI0
0016f3d3   _m_XLcmd_07_DI1
0016f3dd   _m_XLcmd_07_DI2
0016f3e7   _m_XLcmd_07_DI3
0016f3f1   _m_cmd_07_DI0
0016f3fb   _m_cmd_07_DI1
0016f405   _m_cmd_07_DI2
0016f40f   _m_cmd_07_DI3
0016f419   _m_FLcmd_07_DI0
0016f422   _m_FLcmd_07_DI1
0016f42b   _m_FLcmd_07_DI2
0016f434   _m_FLcmd_07_DI3
0016f43d   _m_FLcmd_97_DI0
0016f446   _m_FLcmd_97_DI1
0016f465   _m_WaveCor
0016f46b   _m_XLcmd_97_DI0
0016f471   _m_XLcmd_97_DI1
0016f499   _m_SZcmd_07_DI0
0016f49e   _m_SZcmd_07_DI1
0016f4a3   _m_SZcmd_07_DI2
0016f4a8   _m_SZcmd_07_DI3
0016f4b1   _m_SZcmd_97_DI0
0016f4b5   _m_SZcmd_97_DI1
0016f4d5   ___cinit__
0016f4d5   cinit
001706e3   _RamfuncsLoadStart
00171246   _RamfuncsLoadEnd
00171284   __IQ30toF
0033fff8   _CsmPwl
00380080   _ADC_cal
ffffffff   ___TI_pprof_out_hndl
ffffffff   ___TI_prof_var_size
ffffffff   ___TI_prof_var_start
ffffffff   ___binit__
ffffffff   ___c_args__
ffffffff   ___pinit__
ffffffff   binit
ffffffff   pinit

[2364 symbols]
