******************************************************************************
        TMS320C2000 COFF Linker PC v5.0.0                      
******************************************************************************
>> Linked Mon Jul 02 15:14:03 2012

OUTPUT FILE NAME:   <./Debug/UFatSystem.out>
ENTRY POINT SYMBOL: "code_start"  address: 00000000


MEMORY CONFIGURATION

         name            origin    length      used     unused   attr    fill
----------------------  --------  ---------  --------  --------  ----  --------
PAGE 0:
  BEGIN                 00000000   00000002  00000002  00000000  RWIX
  BOOT_RSVD             00000002   0000004e  00000000  0000004e  RWIX
  RAMM0                 00000050   000003b0  00000000  000003b0  RWIX
  RAML                  00008000   00002000  00001288  00000d78  RWIX
  program               00160000   00020000  0000d236  00012dca  RWIX
  CSM_RSVD              0033ff80   00000076  00000000  00000076  RWIX
  CSM_PWL               0033fff8   00000008  00000000  00000008  RWIX
  ADC_CAL               00380080   00000009  00000007  00000002  RWIX
  IQTABLES              003fe000   00000b50  00000000  00000b50  RWIX
  IQTABLES2             003feb50   0000008c  00000000  0000008c  RWIX
  FPUTABLES             003febdc   000006a0  00000000  000006a0  RWIX
  BOOTROM               003ff27c   00000d44  00000000  00000d44  RWIX
  RESET                 003fffc0   00000002  00000000  00000002  RWIX

PAGE 1:
  RAMM                  00000400   00000400  000003b0  00000050  RWIX
  DEV_EMU               00000880   00000180  000000d0  000000b0  RWIX
  FLASH_REGS            00000a80   00000060  00000008  00000058  RWIX
  CSM                   00000ae0   00000010  00000010  00000000  RWIX
  ADC_MIRROR            00000b00   00000010  00000010  00000000  RWIX
  XINTF                 00000b20   00000020  0000001e  00000002  RWIX
  CPU_TIMER0            00000c00   00000008  00000008  00000000  RWIX
  CPU_TIMER1            00000c08   00000008  00000008  00000000  RWIX
  CPU_TIMER2            00000c10   00000008  00000008  00000000  RWIX
  PIE_CTRL              00000ce0   00000020  0000001a  00000006  RWIX
  PIE_VECT              00000d00   00000100  00000100  00000000  RWIX
  DMA                   00001000   00000200  000000e0  00000120  RWIX
  MCBSPA                00005000   00000040  00000025  0000001b  RWIX
  MCBSPB                00005040   00000040  00000025  0000001b  RWIX
  ECANA                 00006000   00000040  00000034  0000000c  RWIX
  ECANA_LAM             00006040   00000040  00000040  00000000  RWIX
  ECANA_MOTS            00006080   00000040  00000040  00000000  RWIX
  ECANA_MOTO            000060c0   00000040  00000040  00000000  RWIX
  ECANA_MBOX            00006100   00000100  00000100  00000000  RWIX
  ECANB                 00006200   00000040  00000034  0000000c  RWIX
  ECANB_LAM             00006240   00000040  00000040  00000000  RWIX
  ECANB_MOTS            00006280   00000040  00000040  00000000  RWIX
  ECANB_MOTO            000062c0   00000040  00000040  00000000  RWIX
  ECANB_MBOX            00006300   00000100  00000100  00000000  RWIX
  EPWM1                 00006800   00000022  00000022  00000000  RWIX
  EPWM2                 00006840   00000022  00000022  00000000  RWIX
  EPWM3                 00006880   00000022  00000022  00000000  RWIX
  EPWM4                 000068c0   00000022  00000022  00000000  RWIX
  EPWM5                 00006900   00000022  00000022  00000000  RWIX
  EPWM6                 00006940   00000022  00000022  00000000  RWIX
  ECAP1                 00006a00   00000020  00000020  00000000  RWIX
  ECAP2                 00006a20   00000020  00000020  00000000  RWIX
  ECAP3                 00006a40   00000020  00000020  00000000  RWIX
  ECAP4                 00006a60   00000020  00000020  00000000  RWIX
  ECAP5                 00006a80   00000020  00000020  00000000  RWIX
  ECAP6                 00006aa0   00000020  00000020  00000000  RWIX
  EQEP1                 00006b00   00000040  00000040  00000000  RWIX
  EQEP2                 00006b40   00000040  00000040  00000000  RWIX
  GPIOCTRL              00006f80   00000040  0000002e  00000012  RWIX
  GPIODAT               00006fc0   00000020  00000020  00000000  RWIX
  GPIOINT               00006fe0   00000020  0000000a  00000016  RWIX
  SYSTEM                00007010   00000020  00000020  00000000  RWIX
  SPIA                  00007040   00000010  00000010  00000000  RWIX
  SCIA                  00007050   00000010  00000010  00000000  RWIX
  XINTRUPT              00007070   00000010  00000010  00000000  RWIX
  ADC                   00007100   00000020  0000001e  00000002  RWIX
  SCIB                  00007750   00000010  00000010  00000000  RWIX
  SCIC                  00007770   00000010  00000010  00000000  RWIX
  I2CA                  00007900   00000040  00000022  0000001e  RWIX
  MY_FAST_RAM           0000a000   00004000  000030f6  00000f0a  RWIX
  MY_STACK              0000e000   00002000  00001ee0  00000120  RWIX
  SRAM                  00100000   0005f000  00016277  00048d89  RWIX
  FFT_RAM               0015f000   00000c44  00000c06  0000003e  RWIX
  ZONE7B                0020fc00   00000400  00000000  00000400  RWIX
  CSM_PWL               0033fff8   00000008  00000008  00000000  RWIX


SECTION ALLOCATION MAP

 output                                  attributes/
section   page    origin      length       input sections
--------  ----  ----------  ----------   ----------------
.data      0    00000000    00000000     UNINITIALIZED

codestart 
*          0    00000000    00000002     
                  00000000    00000002     DSP2833x_CodeStartBranch.obj (codestart)

.pinit     0    00008000    00000000     UNINITIALIZED

FAST_PROGRAM 
*          0    00008000    00000000     UNINITIALIZED

ramfuncs   0    00008000    00000d3a     
                  00008000    00000023     bsp.obj (ramfuncs)
                  00008023    00000007     goble.obj (ramfuncs)
                  0000802a    0000072b     measure_GetData.obj (ramfuncs)
                  00008755    000000ef     os_cpu_a.obj (ramfuncs)
                  00008844    00000003     os_cpu_c.obj (ramfuncs)
                  00008847    0000007d     OSdriver.obj (ramfuncs)
                  000088c4    00000450     uCOS_II.obj (ramfuncs)
                  00008d14    00000004     DSP2833x_usDelay.od (ramfuncs)
                  00008d18    00000022     rfft32m.od (ramfuncs)

.cinit     0    00008d3a    00000518     
                  00008d3a    0000000a     rts2800_fpu32.lib : exit.obj (.cinit)
                  00008d44    0000000a                       : _lock.obj (.cinit)
                  00008d4e    0000000e     app_global_buz.obj (.cinit)
                  00008d5c    0000000d     app_global_DLarg.obj (.cinit)
                  00008d69    0000000d     app_global_e2prom.obj (.cinit)
                  00008d76    0000001c     app_global_extend.obj (.cinit)
                  00008d92    0000001a     app_global_help.obj (.cinit)
                  00008dac    00000009     app_global_key.obj (.cinit)
                  00008db5    00000028     app_startmod_fun.obj (.cinit)
                  00008ddd    0000005f     app_startmod_interface.obj (.cinit)
                  00008e3c    0000003e     app_startmod_UIrise.obj (.cinit)
                  00008e7a    0000001c     app_support.obj (.cinit)
                  00008e96    00000004     app_USBmod_fun.obj (.cinit)
                  00008e9a    0000002e     app_USBmod_hzlib_updata.obj (.cinit)
                  00008ec8    00000022     app_USBmod_interface.obj (.cinit)
                  00008eea    00000008     FatFs.obj (.cinit)
                  00008ef2    0000001b     fft_R1024.obj (.cinit)
                  00008f0d    0000000e     GBcode_search.obj (.cinit)
                  00008f1b    00000037     Gui_core.obj (.cinit)
                  00008f52    00000009     Gui_cursor.obj (.cinit)
                  00008f5b    0000000e     Gui_lcd_connect.obj (.cinit)
                  00008f69    0000000e     GUI_lcd_driver.obj (.cinit)
                  00008f77    00000009     Gui_touch.obj (.cinit)
                  00008f80    0000003c     Gui_widget.obj (.cinit)
                  00008fbc    000000e2     hand_write_input.obj (.cinit)
                  0000909e    0000003c     key_input_method.obj (.cinit)
                  000090da    00000008     main.obj (.cinit)
                  000090e2    0000000c     measure_connect.obj (.cinit)
                  000090ee    00000005     measure_correct.obj (.cinit)
                  000090f3    00000004     measure_correct_self.obj (.cinit)
                  000090f7    00000004     measure_CTScale.obj (.cinit)
                  000090fb    0000000d     measure_error.obj (.cinit)
                  00009108    00000020     measure_GetData.obj (.cinit)
                  00009128    00000034     os_connect.obj (.cinit)
                  0000915c    000000ce     OSdriver.obj (.cinit)
                  0000922a    00000023     USB_connect.obj (.cinit)
                  0000924d    00000004     rts2800_fpu32.lib : errno.obj (.cinit)
                  00009251    00000001     --HOLE-- [fill = 0]

.switch    0    00009252    00000020     
                  00009252    00000020     OSdriver.obj (.switch)

IQmath     0    00009272    00000016     
                  00009272    00000016     IQmath_fpu32.lib : IQ30toF.obj (IQmath)

.text      0    00160000    0000d236     
                  00160000    00000604     cfft32i.od (.text)
                  00160604    00000020     rts2800_fpu32.lib : sqrt.obj (.text)
                  00160624    00001ee6     FatFs.obj (.text)
                  0016250a    000013a9     Gui_widget.obj (.text)
                  001638b3    00000c4a     OSdriver.obj (.text)
                  001644fd    0000095f     app_support.obj (.text)
                  00164e5c    000008a8     bsp.obj (.text)
                  00165704    0000077e     Gui_core.obj (.text)
                  00165e82    00000739     measure_correct.obj (.text)
                  001665bb    0000066e     measure_count.obj (.text)
                  00166c29    0000061e     app_startmod_interface.obj (.text)
                  00167247    00000605     app_startmod_UIrise.obj (.text)
                  0016784c    000005f1     key_input_method.obj (.text)
                  00167e3d    000005e6     uCOS_II.obj (.text)
                  00168423    000005aa     app_USBmod_hzlib_updata.obj (.text)
                  001689cd    00000539     GUI_lcd_driver.obj (.text)
                  00168f06    000004eb     Gui_lcd_connect.obj (.text)
                  001693f1    000004d2     app_global_flash.obj (.text)
                  001698c3    000004d1     Gui_touch.obj (.text)
                  00169d94    000004d0     os_connect.obj (.text)
                  0016a264    000004a0     hand_write_input.obj (.text)
                  0016a704    0000046a     app_startmod_fun.obj (.text)
                  0016ab6e    0000043c     measure_connect.obj (.text)
                  0016afaa    000003b7     app_global_e2prom.obj (.text)
                  0016b361    0000034a     app_startmod_LJT.obj (.text)
                  0016b6ab    000002f4     USB_connect.obj (.text)
                  0016b99f    000001a3     fft_R1024.obj (.text)
                  0016bb42    00000193     Gui_cursor.obj (.text)
                  0016bcd5    00000176     measure_CTScale.obj (.text)
                  0016be4b    00000152     os_cpu_c.obj (.text)
                  0016bf9d    0000014b     GBcode_search.obj (.text)
                  0016c0e8    0000014a     measure_error.obj (.text)
                  0016c232    0000013e     app_global_key.obj (.text)
                  0016c370    00000139     app_USBmod_data_handle.obj (.text)
                  0016c4a9    0000012f     app_USBmod_interface.obj (.text)
                  0016c5d8    0000012f     app_global_help.obj (.text)
                  0016c707    00000127     app_USBmod_help.obj (.text)
                  0016c82e    0000010a     cfft32c.od (.text)
                  0016c938    000000f0     rts2800_fpu32.lib : fs_div.obj (.text)
                  0016ca28    000000ce     measure_correct_self.obj (.text)
                  0016caf6    000000c9     app_global_extend.obj (.text)
                  0016cbbf    000000a7     rts2800_fpu32.lib : atan2.obj (.text)
                  0016cc66    00000094     main.obj (.text)
                  0016ccfa    00000093     app_global_buz.obj (.text)
                  0016cd8d    0000008b     Gui_lib_connect.obj (.text)
                  0016ce18    0000007c     app_global_DLarg.obj (.text)
                  0016ce94    00000066     rfft32s.od (.text)
                  0016cefa    00000061     rts2800_fpu32.lib : cos.obj (.text)
                  0016cf5b    0000005f                       : sin.obj (.text)
                  0016cfba    00000058     app_USBmod_fun.obj (.text)
                  0016d012    00000046     rts2800_fpu32.lib : boot.obj (.text)
                  0016d058    0000003a                       : atol.obj (.text)
                  0016d092    00000031                       : atoi.obj (.text)
                  0016d0c3    0000002a                       : l_div.obj (.text)
                  0016d0ed    00000025     app_startmod_connect.obj (.text)
                  0016d112    00000024     rfft32w.od (.text)
                  0016d136    00000022     rts2800_fpu32.lib : i_div.obj (.text)
                  0016d158    00000022     rfft32br.od (.text)
                  0016d17a    00000020     rts2800_fpu32.lib : ll_tofs.obj (.text)
                  0016d19a    0000001f                       : strncpy.obj (.text)
                  0016d1b9    0000001d     app_USBmod_connect.obj (.text)
                  0016d1d6    00000018     rts2800_fpu32.lib : exit.obj (.text)
                  0016d1ee    00000015                       : args_main.obj (.text)
                  0016d203    0000000c     DSP2833x_CodeStartBranch.obj (.text)
                  0016d20f    0000000b     rts2800_fpu32.lib : u_div.obj (.text)
                  0016d21a    0000000a                       : strlen.obj (.text)
                  0016d224    00000009                       : _lock.obj (.text)
                  0016d22d    00000009                       : memset.obj (.text)

csm_rsvd   0    0033ff80    00000000     DSECT

csmpasswds 
*          0    0033fff8    00000000     DSECT

.adc_cal   0    00380080    00000007     NOLOAD SECTION
                  00380080    00000007     DSP2833x_ADC_cal.od (.adc_cal)

IQmathTables 
*          0    003fe000    00000000     NOLOAD SECTION

IQmathTables2 
*          0    003feb50    00000000     NOLOAD SECTION

FPUmathTables 
*          0    003febdc    00000000     NOLOAD SECTION

.reset     0    003fffc0    00000002     DSECT
                  003fffc0    00000002     rts2800_fpu32.lib : boot.obj (.reset)

.esysmem   1    00000400    00000000     UNINITIALIZED

.stack     1    00000400    000003b0     UNINITIALIZED

DevEmuRegsFile 
*          1    00000880    000000d0     UNINITIALIZED
                  00000880    000000d0     bsp.obj (DevEmuRegsFile)

FlashRegsFile 
*          1    00000a80    00000008     UNINITIALIZED
                  00000a80    00000008     bsp.obj (FlashRegsFile)

CsmRegsFile 
*          1    00000ae0    00000010     UNINITIALIZED
                  00000ae0    00000010     bsp.obj (CsmRegsFile)

AdcMirrorFile 
*          1    00000b00    00000010     UNINITIALIZED
                  00000b00    00000010     bsp.obj (AdcMirrorFile)

XintfRegsFile 
*          1    00000b20    0000001e     UNINITIALIZED
                  00000b20    0000001e     bsp.obj (XintfRegsFile)

CpuTimer0RegsFile 
*          1    00000c00    00000008     UNINITIALIZED
                  00000c00    00000008     bsp.obj (CpuTimer0RegsFile)

CpuTimer1RegsFile 
*          1    00000c08    00000008     UNINITIALIZED
                  00000c08    00000008     bsp.obj (CpuTimer1RegsFile)

CpuTimer2RegsFile 
*          1    00000c10    00000008     UNINITIALIZED
                  00000c10    00000008     bsp.obj (CpuTimer2RegsFile)

PieCtrlRegsFile 
*          1    00000ce0    0000001a     UNINITIALIZED
                  00000ce0    0000001a     bsp.obj (PieCtrlRegsFile)

PieVectTableFile 
*          1    00000d00    00000100     UNINITIALIZED
                  00000d00    00000100     bsp.obj (PieVectTableFile)

DmaRegsFile 
*          1    00001000    000000e0     UNINITIALIZED
                  00001000    000000e0     bsp.obj (DmaRegsFile)

McbspaRegsFile 
*          1    00005000    00000025     UNINITIALIZED
                  00005000    00000025     bsp.obj (McbspaRegsFile)

McbspbRegsFile 
*          1    00005040    00000025     UNINITIALIZED
                  00005040    00000025     bsp.obj (McbspbRegsFile)

ECanaRegsFile 
*          1    00006000    00000034     UNINITIALIZED
                  00006000    00000034     bsp.obj (ECanaRegsFile)

ECanaLAMRegsFile 
*          1    00006040    00000040     UNINITIALIZED
                  00006040    00000040     bsp.obj (ECanaLAMRegsFile)

ECanaMOTSRegsFile 
*          1    00006080    00000040     UNINITIALIZED
                  00006080    00000040     bsp.obj (ECanaMOTSRegsFile)

ECanaMOTORegsFile 
*          1    000060c0    00000040     UNINITIALIZED
                  000060c0    00000040     bsp.obj (ECanaMOTORegsFile)

ECanaMboxesFile 
*          1    00006100    00000100     UNINITIALIZED
                  00006100    00000100     bsp.obj (ECanaMboxesFile)

ECanbRegsFile 
*          1    00006200    00000034     UNINITIALIZED
                  00006200    00000034     bsp.obj (ECanbRegsFile)

ECanbLAMRegsFile 
*          1    00006240    00000040     UNINITIALIZED
                  00006240    00000040     bsp.obj (ECanbLAMRegsFile)

ECanbMOTSRegsFile 
*          1    00006280    00000040     UNINITIALIZED
                  00006280    00000040     bsp.obj (ECanbMOTSRegsFile)

ECanbMOTORegsFile 
*          1    000062c0    00000040     UNINITIALIZED
                  000062c0    00000040     bsp.obj (ECanbMOTORegsFile)

ECanbMboxesFile 
*          1    00006300    00000100     UNINITIALIZED
                  00006300    00000100     bsp.obj (ECanbMboxesFile)

EPwm1RegsFile 
*          1    00006800    00000022     UNINITIALIZED
                  00006800    00000022     bsp.obj (EPwm1RegsFile)

EPwm2RegsFile 
*          1    00006840    00000022     UNINITIALIZED
                  00006840    00000022     bsp.obj (EPwm2RegsFile)

EPwm3RegsFile 
*          1    00006880    00000022     UNINITIALIZED
                  00006880    00000022     bsp.obj (EPwm3RegsFile)

EPwm4RegsFile 
*          1    000068c0    00000022     UNINITIALIZED
                  000068c0    00000022     bsp.obj (EPwm4RegsFile)

EPwm5RegsFile 
*          1    00006900    00000022     UNINITIALIZED
                  00006900    00000022     bsp.obj (EPwm5RegsFile)

EPwm6RegsFile 
*          1    00006940    00000022     UNINITIALIZED
                  00006940    00000022     bsp.obj (EPwm6RegsFile)

ECap1RegsFile 
*          1    00006a00    00000020     UNINITIALIZED
                  00006a00    00000020     bsp.obj (ECap1RegsFile)

ECap2RegsFile 
*          1    00006a20    00000020     UNINITIALIZED
                  00006a20    00000020     bsp.obj (ECap2RegsFile)

ECap3RegsFile 
*          1    00006a40    00000020     UNINITIALIZED
                  00006a40    00000020     bsp.obj (ECap3RegsFile)

ECap4RegsFile 
*          1    00006a60    00000020     UNINITIALIZED
                  00006a60    00000020     bsp.obj (ECap4RegsFile)

ECap5RegsFile 
*          1    00006a80    00000020     UNINITIALIZED
                  00006a80    00000020     bsp.obj (ECap5RegsFile)

ECap6RegsFile 
*          1    00006aa0    00000020     UNINITIALIZED
                  00006aa0    00000020     bsp.obj (ECap6RegsFile)

EQep1RegsFile 
*          1    00006b00    00000040     UNINITIALIZED
                  00006b00    00000040     bsp.obj (EQep1RegsFile)

EQep2RegsFile 
*          1    00006b40    00000040     UNINITIALIZED
                  00006b40    00000040     bsp.obj (EQep2RegsFile)

GpioCtrlRegsFile 
*          1    00006f80    0000002e     UNINITIALIZED
                  00006f80    0000002e     bsp.obj (GpioCtrlRegsFile)

GpioDataRegsFile 
*          1    00006fc0    00000020     UNINITIALIZED
                  00006fc0    00000020     bsp.obj (GpioDataRegsFile)

GpioIntRegsFile 
*          1    00006fe0    0000000a     UNINITIALIZED
                  00006fe0    0000000a     bsp.obj (GpioIntRegsFile)

SysCtrlRegsFile 
*          1    00007010    00000020     UNINITIALIZED
                  00007010    00000020     bsp.obj (SysCtrlRegsFile)

SpiaRegsFile 
*          1    00007040    00000010     UNINITIALIZED
                  00007040    00000010     bsp.obj (SpiaRegsFile)

SciaRegsFile 
*          1    00007050    00000010     UNINITIALIZED
                  00007050    00000010     bsp.obj (SciaRegsFile)

XIntruptRegsFile 
*          1    00007070    00000010     UNINITIALIZED
                  00007070    00000010     bsp.obj (XIntruptRegsFile)

AdcRegsFile 
*          1    00007100    0000001e     UNINITIALIZED
                  00007100    0000001e     bsp.obj (AdcRegsFile)

ScibRegsFile 
*          1    00007750    00000010     UNINITIALIZED
                  00007750    00000010     bsp.obj (ScibRegsFile)

ScicRegsFile 
*          1    00007770    00000010     UNINITIALIZED
                  00007770    00000010     bsp.obj (ScicRegsFile)

I2caRegsFile 
*          1    00007900    00000022     UNINITIALIZED
                  00007900    00000022     bsp.obj (I2caRegsFile)

.bss       1    0000a000    00000000     UNINITIALIZED

FAST_RAM   1    0000a000    000030f6     UNINITIALIZED
                  0000a000    000030c0     measure_GetData.obj (FAST_RAM)
                  0000d0c0    00000036     measure_correct.obj (FAST_RAM)

MY_MEM     1    0000e000    00001ee0     UNINITIALIZED
                  0000e000    00001ee0     os_connect.obj (MY_MEM)

.ebss      1    00100000    00014610     UNINITIALIZED
                  00100000    0000cac9     app_support.obj (.ebss)
                  0010cac9    00000001     app_USBmod_fun.obj (.ebss)
                  0010caca    00000034     Gui_cursor.obj (.ebss)
                  0010cafe    00000002     main.obj (.ebss)
                  0010cb00    00001040     measure_GetData.obj (.ebss)
                  0010db40    00000fc8     measure_count.obj (.ebss)
                  0010eb08    00000038     measure_error.obj (.ebss)
                  0010eb40    00000d8a     Gui_core.obj (.ebss)
                  0010f8ca    00000032     key_input_method.obj (.ebss)
                  0010f8fc    00000004     rts2800_fpu32.lib : _lock.obj (.ebss)
                  0010f900    00000ce4     FatFs.obj (.ebss)
                  001105e4    00000018     app_USBmod_hzlib_updata.obj (.ebss)
                  001105fc    00000004     rts2800_fpu32.lib : exit.obj (.ebss)
                  00110600    000009fc     uCOS_II.obj (.ebss)
                  00110ffc    00000004     app_global_key.obj (.ebss)
                  00111000    00000880     USB_connect.obj (.ebss)
                  00111880    000003c0     OSdriver.obj (.ebss)
                  00111c40    000003be     os_connect.obj (.ebss)
                  00111ffe    00000001     measure_CTScale.obj (.ebss)
                  00111fff    00000001     rts2800_fpu32.lib : errno.obj (.ebss)
                  00112000    00000372     measure_correct.obj (.ebss)
                  00112372    0000000c     Gui_touch.obj (.ebss)
                  00112380    000002b0     fft_R1024.obj (.ebss)
                  00112630    00000010     app_startmod_LJT.obj (.ebss)
                  00112640    00000257     app_startmod_fun.obj (.ebss)
                  00112898    00000027     app_global_help.obj (.ebss)
                  001128c0    00000250     Gui_widget.obj (.ebss)
                  00112b10    0000001e     app_USBmod_interface.obj (.ebss)
                  00112b2e    00000011     measure_connect.obj (.ebss)
                  00112b40    00000208     GUI_lcd_driver.obj (.ebss)
                  00112d48    00000018     bsp.obj (.ebss)
                  00112d60    0000000a     Gui_lcd_connect.obj (.ebss)
                  00112d6a    00000009     app_global_buz.obj (.ebss)
                  00112d80    000001cc     app_global_DLarg.obj (.ebss)
                  00112f4c    0000001b     app_global_extend.obj (.ebss)
                  00112f80    000001cc     app_global_e2prom.obj (.ebss)
                  00113180    0000014a     hand_write_input.obj (.ebss)
                  00113300    00000141     GBcode_search.obj (.ebss)
                  00113480    00000092     app_startmod_UIrise.obj (.ebss)
                  00113540    00000050     app_startmod_interface.obj (.ebss)
                  001135c0    00000840     measure_correct_self.obj (.ebss)
                  00113e00    00000810     app_USBmod_data_handle.obj (.ebss)

.econst    1    00114610    00001c67     
                  00114610    0000029f     app_startmod_interface.obj (.econst)
                  001148af    00000001     --HOLE-- [fill = 0]
                  001148b0    0000027a     app_USBmod_hzlib_updata.obj (.econst)
                  00114b2a    0000012c     hand_write_input.obj (.econst)
                  00114c56    00000100     bsp.obj (.econst)
                  00114d56    00000100     app_startmod_interface.obj (.econst:_app_startmod_dialogbox)
                  00114e56    000000ba     app_USBmod_interface.obj (.econst)
                  00114f10    00000084     OSdriver.obj (.econst)
                  00114f94    00000034     GBcode_search.obj (.econst:_PY_index_pointer)
                  00114fc8    00000032     app_global_help.obj (.econst)
                  00114ffa    00000030     Gui_lcd_connect.obj (.econst)
                  0011502a    0000002f     FatFs.obj (.econst)
                  00115059    00000001     --HOLE-- [fill = 0]
                  0011505a    00000020     measure_connect.obj (.econst:_m_Ulevel_change_tab)
                  0011507a    0000001f     app_startmod_LJT.obj (.econst)
                  00115099    00000001     --HOLE-- [fill = 0]
                  0011509a    0000001e     app_USBmod_help.obj (.econst)
                  001150b8    0000001c     key_input_method.obj (.econst)
                  001150d4    0000001c     uCOS_II.obj (.econst)
                  001150f0    00000019     app_support.obj (.econst)
                  00115109    00000001     --HOLE-- [fill = 0]
                  0011510a    00000018     measure_correct.obj (.econst)
                  00115122    00000016     main.obj (.econst)
                  00115138    00000015     app_USBmod_fun.obj (.econst)
                  0011514d    00000001     --HOLE-- [fill = 0]
                  0011514e    00000014     GBcode_search.obj (.econst)
                  00115162    00000013     app_global_extend.obj (.econst)
                  00115175    00000001     --HOLE-- [fill = 0]
                  00115176    00000011     Gui_touch.obj (.econst)
                  00115187    00000001     --HOLE-- [fill = 0]
                  00115188    00000011     Gui_widget.obj (.econst)
                  00115199    00000001     --HOLE-- [fill = 0]
                  0011519a    0000000c     app_global_buz.obj (.econst)
                  001151a6    0000000a     app_startmod_fun.obj (.econst:_m_xnfz_J_data)
                  001151b0    00000008     rts2800_fpu32.lib : atan2.obj (.econst:_a$1)
                  001151b8    00000008     measure_correct.obj (.econst:_m_U_level_Rconst)
                  001151c0    00000008     app_startmod_fun.obj (.econst:_m_xnfz_BL_data)
                  001151c8    00000008     app_startmod_fun.obj (.econst:_m_xnfz_I_data)
                  001151d0    00000006     app_startmod_fun.obj (.econst:_m_xnfz_U_data)
                  001151d6    00000004     measure_correct.obj (.econst:_m_I_level_Rconst)
                  001151da    00000003     Gui_core.obj (.econst)
                  001151dd    00000400     Gui_lib_connect.obj (.econst:_ArrayOfNum16x32Lib)
                  001155dd    00000101     rts2800_fpu32.lib : ctype.obj (.econst:__ctypes_)
                  001156de    00000100     OSdriver.obj (.econst:_CRCTable)
                  001157de    00000100     uCOS_II.obj (.econst:_OSUnMapTbl)
                  001158de    000000d8     GBcode_search.obj (.econst:_PY_index_z)
                  001159b6    000000cc     GBcode_search.obj (.econst:_PY_index_s)
                  00115a82    000000c6     GBcode_search.obj (.econst:_PY_index_c)
                  00115b48    00000090     GBcode_search.obj (.econst:_PY_index_l)
                  00115bd8    0000008a     GBcode_search.obj (.econst:_PY_index_n)
                  00115c62    00000078     GBcode_search.obj (.econst:_PY_index_d)
                  00115cda    00000072     GBcode_search.obj (.econst:_PY_index_g)
                  00115d4c    00000072     GBcode_search.obj (.econst:_PY_index_h)
                  00115dbe    00000072     GBcode_search.obj (.econst:_PY_index_m)
                  00115e30    00000072     GBcode_search.obj (.econst:_PY_index_t)
                  00115ea2    0000006c     GBcode_search.obj (.econst:_PY_index_k)
                  00115f0e    00000066     GBcode_search.obj (.econst:_PY_index_p)
                  00115f74    00000060     GBcode_search.obj (.econst:_PY_index_b)
                  00115fd4    0000005a     GBcode_search.obj (.econst:_PY_index_y)
                  0011602e    00000054     GBcode_search.obj (.econst:_PY_index_j)
                  00116082    00000054     GBcode_search.obj (.econst:_PY_index_q)
                  001160d6    00000054     GBcode_search.obj (.econst:_PY_index_r)
                  0011612a    00000054     GBcode_search.obj (.econst:_PY_index_x)
                  0011617e    00000036     GBcode_search.obj (.econst:_PY_index_f)
                  001161b4    00000036     GBcode_search.obj (.econst:_PY_index_w)
                  001161ea    00000024     app_global_key.obj (.econst:_g_Nkey_tab)
                  0011620e    0000001e     GBcode_search.obj (.econst:_PY_index_a)
                  0011622c    00000012     GBcode_search.obj (.econst:_PY_index_e)
                  0011623e    00000012     measure_CTScale.obj (.econst:_m_pll_DATA)
                  00116250    00000010     Gui_lib_connect.obj (.econst:_m_Num16x32_C)
                  00116260    0000000c     GBcode_search.obj (.econst:_PY_index_o)
                  0011626c    00000008     measure_correct.obj (.econst:_m_DLSR_CT_const)
                  00116274    00000003     GBcode_search.obj (.econst:_PY_mb_space)

FFTipcb    1    0015f000    00000804     UNINITIALIZED
                  0015f000    00000804     fft_R1024.obj (FFTipcb)

FFTmag     1    0015f840    00000402     UNINITIALIZED
                  0015f840    00000402     fft_R1024.obj (FFTmag)

ZONE7DATA 
*          1    0020fc00    00000000     UNINITIALIZED

CsmPwlFile 
*          1    0033fff8    00000008     UNINITIALIZED
                  0033fff8    00000008     bsp.obj (CsmPwlFile)


GLOBAL SYMBOLS: SORTED ALPHABETICALLY BY Name 

address    name
--------   ----
0000a000   .bss
00000000   .data
00160000   .text
0016d1d6   C$$EXIT
0016c938   FS$$DIV
0016d136   I$$DIV
0016d147   I$$MOD
0016d0c3   L$$DIV
0016d0d2   L$$MOD
0016d17a   LL$$TOFS
0016d20f   U$$DIV
0016d214   U$$MOD
0016d0e0   UL$$DIV
0016d0e7   UL$$MOD
00165019   _ADCINT_ISR
00380080   _ADC_cal
00111882   _AX_E
00111880   _AX_S
00111888   _AY_E
00111885   _AY_S
00000b00   _AdcMirror
00007100   _AdcRegs
0016bf96   _App_TCBInitHook
0016bf87   _App_TaskCreateHook
0016bf8d   _App_TaskDelHook
0016bf93   _App_TaskIdleHook
0016bf94   _App_TaskStatHook
0016bf95   _App_TaskSwHook
0016bf9c   _App_TimeTickHook
001656ce   _BSP_Dly
001656d6   _BSP_Dly_ms
0016c82e   _CFFT32_calc
00160000   _CFFT32_init
001156de   _CRCTable
0016977e   _Check_Toggle_Ready
00164ea0   _ConfigCpuTimer
0016b9e3   _CountHarm
00112d58   _CpuTimer0
00000c00   _CpuTimer0Regs
00112d50   _CpuTimer1
00000c08   _CpuTimer1Regs
00112d48   _CpuTimer2
00000c10   _CpuTimer2Regs
0033fff8   _CsmPwl
00000ae0   _CsmRegs
0016549e   _CsmUnlock
00164f07   _DATALOG_ISR
0011238e   _DC_Harm
00165192   _DINTCH1_ISR
0016519f   _DINTCH2_ISR
001651ac   _DINTCH3_ISR
001651b9   _DINTCH4_ISR
001651c6   _DINTCH5_ISR
001651d3   _DINTCH6_ISR
00008d14   _DSP28x_usDelay
00000880   _DevEmuRegs
00165395   _DisableDog
00165326   _DisenableInterrupts
00001000   _DmaRegs
00165248   _ECAN0INTA_ISR
00165262   _ECAN0INTB_ISR
00165255   _ECAN1INTA_ISR
0016526f   _ECAN1INTB_ISR
001650dc   _ECAP1_INT_ISR
001650e9   _ECAP2_INT_ISR
001650f6   _ECAP3_INT_ISR
00165103   _ECAP4_INT_ISR
00165110   _ECAP5_INT_ISR
0016511d   _ECAP6_INT_ISR
00006040   _ECanaLAMRegs
000060c0   _ECanaMOTORegs
00006080   _ECanaMOTSRegs
00006100   _ECanaMboxes
00006000   _ECanaRegs
00006240   _ECanbLAMRegs
000062c0   _ECanbMOTORegs
00006280   _ECanbMOTSRegs
00006300   _ECanbMboxes
00006200   _ECanbRegs
00006a00   _ECap1Regs
00006a20   _ECap2Regs
00006a40   _ECap3Regs
00006a60   _ECap4Regs
00006a80   _ECap5Regs
00006aa0   _ECap6Regs
001652d7   _EMPTY_ISR
00164f21   _EMUINT_ISR
0016508e   _EPWM1_INT_ISR
00165040   _EPWM1_TZINT_ISR
0016509b   _EPWM2_INT_ISR
0016504d   _EPWM2_TZINT_ISR
001650a8   _EPWM3_INT_ISR
0016505a   _EPWM3_TZINT_ISR
001650b5   _EPWM4_INT_ISR
00165067   _EPWM4_TZINT_ISR
001650c2   _EPWM5_INT_ISR
00165074   _EPWM5_TZINT_ISR
001650cf   _EPWM6_INT_ISR
00165081   _EPWM6_TZINT_ISR
00006800   _EPwm1Regs
00006840   _EPwm2Regs
00006880   _EPwm3Regs
000068c0   _EPwm4Regs
00006900   _EPwm5Regs
00006940   _EPwm6Regs
0016512a   _EQEP1_INT_ISR
00165137   _EQEP2_INT_ISR
00006b00   _EQep1Regs
00006b40   _EQep2Regs
0016bcf8   _EXTIO_Bitrenew
00163915   _EXTIO_buf_obtain
0016bcd5   _EXTIO_buff_Bitrenew
0016bd02   _EXTIO_init
001638f7   _EXTIO_send_Ndata
0016531d   _EnableInterrupts
001697ed   _Erase_Entire_Chip
0016b99e   _FS_release
0016b997   _FS_req
0016b982   _FS_task_delete_req
001123c0   _F_Harm
0010f908   _FatFs
0016c00f   _FindHanZiMB
00000a80   _FlashRegs
00162fa4   _GUI_3D_window_ontouch
00162f23   _GUI_3D_window_title_mod
00162b67   _GUI_MsgBox_creat
00162b0e   _GUI_MsgBox_draw_frame
00162b5e   _GUI_MsgBox_exit_req
0016cde8   _GUI_bigStr_display_At
0016cdfd   _GUI_bigfloat_display_At
0016cd8d   _GUI_bmp_flash_display
00162cb9   _GUI_button_callback_mount
00162d29   _GUI_button_id_mod
00162e81   _GUI_button_init
00162e66   _GUI_button_ontouch
00162cc2   _GUI_button_title_display
001634d0   _GUI_checkBox_create
0016352d   _GUI_checkBox_select
001635f6   _GUI_check_box_ontouch
00163526   _GUI_checkbox_state_obtain
0016914c   _GUI_clean_screen
00165d10   _GUI_clean_window
0016bca5   _GUI_cursor_init
0016bbe4   _GUI_cursor_reload
0016bba6   _GUI_cursor_shift
0016bc0a   _GUI_cursor_start
0016bc04   _GUI_cursor_state_obtain
0016bc69   _GUI_cursor_stop
0016378d   _GUI_dialogBox_create
001638b2   _GUI_dialogBox_init
00163767   _GUI_dialogBox_member_obtain
00168f45   _GUI_draw_Rect
00168f14   _GUI_draw_dot
00168f2a   _GUI_draw_line
0016905b   _GUI_drawcircle
00163415   _GUI_drop_list_member_assign
0016349e   _GUI_drop_list_ontouch
0016335b   _GUI_drop_list_unfold
001691d9   _GUI_drop_msg_obtain_hook
001627d0   _GUI_edit_Boffset_obtain
001625ef   _GUI_edit_allmember_release
0016280b   _GUI_edit_clean
00162613   _GUI_edit_creat
0016296f   _GUI_edit_csr_check
00162940   _GUI_edit_csr_shift
001691c0   _GUI_edit_end_hook
001628db   _GUI_edit_float_display_at
001627ed   _GUI_edit_id_obtain
00162ab1   _GUI_edit_init
001628c2   _GUI_edit_int_display_At
001625d6   _GUI_edit_mem_req
00162630   _GUI_edit_memeber_add
00162704   _GUI_edit_memeber_destroy
00162a79   _GUI_edit_ontouch
001691c5   _GUI_edit_run_hook
0016274e   _GUI_edit_select
00162783   _GUI_edit_shift
001629a3   _GUI_edit_start
001691ba   _GUI_edit_start_hook
00162831   _GUI_edit_string_display
001628a1   _GUI_edit_string_display_At
001628ae   _GUI_edit_string_modCor_display_At
00162937   _GUI_edit_string_redisplay
00168f60   _GUI_fill_Rect
00168f7b   _GUI_fill_Rect_At
00165d48   _GUI_fill_window_area
001690ad   _GUI_fillcircle
00165b47   _GUI_float_display
00165b56   _GUI_float_display_At
00169b51   _GUI_form_creat
0016bb42   _GUI_free_cursor_obtain
00165704   _GUI_hwin_obtain
00165b27   _GUI_int_display
00165b3a   _GUI_int_display_At
001691b9   _GUI_lcd_resource_release
001691b2   _GUI_lcd_resource_req
0016cd94   _GUI_libASC_display
0016cdb2   _GUI_libASC_display_At
0016ce17   _GUI_lib_init
0016919d   _GUI_print_string
0016917e   _GUI_print_string_ext
00163619   _GUI_radio_create
001636a3   _GUI_radio_curmember_obtain
00163636   _GUI_radio_memeber_add
0016373e   _GUI_radio_ontouch
001636ab   _GUI_radio_select
00168f9a   _GUI_read_block
00168fd0   _GUI_read_block_Ext
00165e6f   _GUI_resource_release
00165e1e   _GUI_resource_req
00162ae4   _GUI_set_3D
00168f0d   _GUI_set_Bgcolor
00168f06   _GUI_set_Fgcolor
00165a94   _GUI_string_display
00165ac1   _GUI_string_display_At
00165ae7   _GUI_string_wide_display_At
00165acd   _GUI_string_window_display_At
00165db1   _GUI_task
0016a690   _GUI_task_hook
00169bb5   _GUI_touch_correct
00169ae9   _GUI_touch_read
00169d8b   _GUI_touch_resource_release
00169d7b   _GUI_touch_resource_req
0016300b   _GUI_txtbox_print
00162d41   _GUI_wait_touch_release
0016251c   _GUI_widget_3D_paint
0016250a   _GUI_widget_key_cnt_reload
00162510   _GUI_widget_key_cnt_wait
0016257b   _GUI_widget_sink_3D_paint
00165ba1   _GUI_window_angle_line_display
00165d8e   _GUI_window_bmp_display
00165a4f   _GUI_window_border_decide
001657a0   _GUI_window_child_creat
0016583e   _GUI_window_creat
001658b1   _GUI_window_destory
00165cf1   _GUI_window_draw_Rect
00165b66   _GUI_window_draw_dot
001659e1   _GUI_window_hwin_force_release
001659b8   _GUI_window_hwin_force_req
0016598e   _GUI_window_hwin_release
00165936   _GUI_window_hwin_req
00165b76   _GUI_window_line_display
00168fb3   _GUI_write_block
00168fed   _GUI_write_block_Ext
00165a58   _GUI_x_set
00165a66   _GUI_x_shift
00165a7f   _GUI_xy_set
00165a71   _GUI_y_set
00163b0f   _GenerateCRC
00006f80   _GpioCtrlRegs
00006fc0   _GpioDataRegs
00006fe0   _GpioIntRegs
00162e82   _Gui_3D_window_creat
00162c06   _Gui_MsgBox_init
00162c0c   _Gui_button_creat
00162c85   _Gui_button_dye
00162c55   _Gui_button_insert_icon
001630b8   _Gui_drop_list_creat
0016316f   _Gui_drop_list_select
00163063   _Gui_progress_bar_advance
00163023   _Gui_progress_bar_creat
0016309c   _Gui_progress_bar_empty
00163052   _Gui_progress_mod_setp
00162ff2   _Gui_txtbox_creat
00113302   _Hz_UseSpace_InM25P80
001651e0   _I2CINT1A_ISR
001651ed   _I2CINT2A_ISR
00007900   _I2caRegs
00164f3b   _ILLEGAL_ISR
00164eed   _INT13_ISR
00164efa   _INT14_ISR
00008847   _ISR_Extint_entery
0000802a   _ISR_read_fpga_data
0000850d   _ISR_self_correct_read_fpga_data
00164e5c   _InitCpuTimers
00008000   _InitFlash
001653f0   _InitPeripheralClocks
001652fe   _InitPieCtrl
0016532c   _InitPieVectTable
0016539d   _InitPll
00165348   _InitSpi
00165349   _InitSpiGpio
0016534c   _InitSpiaGpio
00165382   _InitSysCtrl
001655f1   _InitXintf16Gpio
0016555a   _InitXintf32Gpio
00168ec9   _LCD_Color2Index_565
001652ca   _LUF_ISR
001652bd   _LVF_ISR
0016c370   _LoadProgramFromSPIFlash
00165178   _MRINTA_ISR
0016515e   _MRINTB_ISR
00165185   _MXINTA_ISR
0016516b   _MXINTB_ISR
00113300   _Max_PingYing_Num
00005000   _McbspaRegs
00005040   _McbspbRegs
001656b7   _MemCopy
001692fe   _MsgBox
001693b8   _MsgPasswordBox
00169318   _MsgPasswordBox_edit_callback
00164f2e   _NMI_ISR
00110604   _OSCPUUsage
000087f5   _OSCtxSw
00110618   _OSCtxSwCtr
00110614   _OSEventFreeList
00110700   _OSEventTbl
0011060e   _OSIdleCtr
00110620   _OSIdleCtrMax
0011061e   _OSIdleCtrRun
00167e3d   _OSInit
0016bf70   _OSInitHookBegin
0016bf71   _OSInitHookEnd
0000879d   _OSIntCtxSw
000088c4   _OSIntEnter
000088ce   _OSIntExit
00110606   _OSIntNesting
00110601   _OSLockNesting
0016804f   _OSMemCreate
0011060c   _OSMemFreeList
00168095   _OSMemGet
001680b6   _OSMemPut
0011062a   _OSMemTbl
00110600   _OSPrioCur
00110603   _OSPrioHighRdy
00008a8e   _OSQCreate
001680fa   _OSQFlush
0011061c   _OSQFreeList
00008adc   _OSQPend
00008b60   _OSQPost
00110640   _OSQTbl
00110608   _OSRdyGrp
00110622   _OSRdyTbl
00110602   _OSRunning
000088f3   _OSSchedLock
00008902   _OSSchedUnlock
00008ba0   _OSSemAccept
00008bb4   _OSSemCreate
00008bd8   _OSSemDel
00008c3e   _OSSemPend
00008c9c   _OSSemPost
00008cc2   _OSSemQuery
00008cf0   _OSSemSet
00167e50   _OSStart
000087d0   _OSStartHighRdy
00167e67   _OSStatInit
00110607   _OSStatRdy
00110612   _OSTCBCur
0011061a   _OSTCBFreeList
0011060a   _OSTCBHighRdy
0016bf81   _OSTCBInitHook
00110610   _OSTCBList
00110680   _OSTCBPrioTbl
00110a80   _OSTCBTbl
00168137   _OSTaskCreateExt
0016bf72   _OSTaskCreateHook
00110605   _OSTaskCtr
0016818b   _OSTaskDel
0016bf78   _OSTaskDelHook
00168231   _OSTaskDelReq
0016bf7e   _OSTaskIdleHook
0000e080   _OSTaskIdleStk
00168260   _OSTaskNameGet
0016829d   _OSTaskNameSet
001682e0   _OSTaskResume
0016bf80   _OSTaskSWHook
0016bf7f   _OSTaskStatHook
0000e000   _OSTaskStatStk
0016832c   _OSTaskStkChk
0016be4b   _OSTaskStkInit
00168377   _OSTaskSuspend
00008755   _OSTickISR
00110616   _OSTime
001683e1   _OSTimeDly
0016840d   _OSTimeGet
00168418   _OSTimeSet
0000891b   _OSTimeTick
00008844   _OSTimeTickHook
001157de   _OSUnMapTbl
00167e7e   _OSVersion
00167e81   _OS_Dummy
0000896a   _OS_EventTaskRdy
000089ea   _OS_EventTaskRemove
000089b5   _OS_EventTaskWait
00167e82   _OS_EventWaitListInit
00008a09   _OS_MemClr
00008a18   _OS_MemCopy
001680d4   _OS_MemInit
00168111   _OS_QInit
00008a2b   _OS_Sched
00008a5d   _OS_StrCopy
00008a73   _OS_StrLen
00167fb6   _OS_TCBInit
00008a81   _OS_TaskIdle
00167f68   _OS_TaskStat
00167f9b   _OS_TaskStatStkChk
001683cb   _OS_TaskStkClr
001652e4   _PIE_RESERVED
0011620e   _PY_index_a
00115f74   _PY_index_b
00115a82   _PY_index_c
00115c62   _PY_index_d
0011622c   _PY_index_e
0011617e   _PY_index_f
00115cda   _PY_index_g
00115d4c   _PY_index_h
0011602e   _PY_index_j
00115ea2   _PY_index_k
00115b48   _PY_index_l
00115dbe   _PY_index_m
00115bd8   _PY_index_n
00116260   _PY_index_o
00115f0e   _PY_index_p
00114f94   _PY_index_pointer
00116082   _PY_index_q
001160d6   _PY_index_r
001159b6   _PY_index_s
00115e30   _PY_index_t
001161b4   _PY_index_w
0011612a   _PY_index_x
00115fd4   _PY_index_y
001158de   _PY_index_z
00116274   _PY_mb_space
00000ce0   _PieCtrlRegs
00000d00   _PieVectTable
00114c56   _PieVectTableInit
00113e00   _ProgressBarCol
0016d158   _RFFT32_brev
00008d18   _RFFT32_mag
0016ce94   _RFFT32_split
0016d112   _RFFT32_win
00164f14   _RTOSINT_ISR
0016c00a   _ReadInitHanZi
00113340   _Rrturn_HanZi
00165214   _SCIRXINTA_ISR
0016522e   _SCIRXINTB_ISR
001651fa   _SCIRXINTC_ISR
00165221   _SCITXINTA_ISR
0016523b   _SCITXINTB_ISR
00165207   _SCITXINTC_ISR
00162025   _SD_GetCID
00162037   _SD_GetCSD
00162049   _SD_GetCapacity
00161f0f   _SD_Init
00162117   _SD_ReadMultiBlock
0016209d   _SD_ReadSingleBlock
00161feb   _SD_ReceiveData
0010f901   _SD_Type
00162147   _SD_WriteMultiBlock
001620bb   _SD_WriteSingleBlock
00161e36   _SD_cs_disable
00161e2e   _SD_cs_enable
00161ea2   _SD_send_cmd
00161edb   _SD_send_cmd_Nodeassert
00161e3e   _SD_set_baud
00161e52   _SD_spi_config
00161e7b   _SD_spi_read_write_byte
00161e63   _SD_spi_speed_select
00161e8d   _SD_wait_ready
00164fe4   _SEQ1INT_ISR
00164ff1   _SEQ2INT_ISR
00165144   _SPIRXINTA_ISR
00165151   _SPITXINTA_ISR
0016984e   _SSTflash_erase_on_block
00169841   _SSTflash_erase_on_sector
0016985b   _SSTflash_read_bytes
0016987b   _SSTflash_read_int
001698a2   _SSTflash_write_bytes
00007050   _SciaRegs
00007750   _ScibRegs
00007770   _ScicRegs
0016538b   _ServiceDog
00163b4d   _SetPenUpTime
00007040   _SpiaRegs
00113304   _Start_HanZi_MaB_address
00007010   _SysCtrlRegs
00165026   _TINT0_ISR
00113e40   _UARTBUF
0016b6b9   _USBFS_data_ISR
0016b81a   _USBFS_fclose
0016b816   _USBFS_file_size_obtain
0016b798   _USBFS_fopen
0016b856   _USBFS_fread
0016b8bc   _USBFS_fwrite
0016b901   _USB_HID_data_obtain
0016b6b0   _USB_HID_dev_connect
0016b6b4   _USB_dev_move
0016b6ab   _USB_disk_dev_connect
0016b97c   _USB_main_task
0016b940   _USBfs_init
0016b6c7   _USBhid_data_ISR
00164fbd   _USER10_ISR
00164fca   _USER11_ISR
00164fd7   _USER12_ISR
00164f48   _USER1_ISR
00164f55   _USER2_ISR
00164f62   _USER3_ISR
00164f6f   _USER4_ISR
00164f7c   _USER5_ISR
00164f89   _USER6_ISR
00164f96   _USER7_ISR
00164fa3   _USER8_ISR
00164fb0   _USER9_ISR
00165033   _WAKEINT_ISR
00008023   _WDog_disable
00163b29   _WritePanlXY
00164fff   _XINT1_ISR
0016500c   _XINT2_ISR
0016527c   _XINT3_ISR
00165289   _XINT4_ISR
00165296   _XINT5_ISR
001652a3   _XINT6_ISR
001652b0   _XINT7_ISR
00007070   _XIntruptRegs
00000b20   _XintfRegs
00009272   __IQ30toF
000003b0   __STACK_SIZE
ffffffff   ___TI_pprof_out_hndl
ffffffff   ___TI_prof_var_size
ffffffff   ___TI_prof_var_start
ffffffff   ___binit__
0000a000   ___bss__
ffffffff   ___c_args__
00008d3a   ___cinit__
00000000   ___data__
00000000   ___edata__
0000a000   ___end__
0016d236   ___etext__
ffffffff   ___pinit__
00160000   ___text__
0016d1ee   __args_main
001105fc   __cleanup_ptr
001155dd   __ctypes_
001105fe   __dtors_ptr
0010f8fe   __lock
0016d22c   __nop
0016d228   __register_lock
0016d224   __register_unlock
00000400   __stack
0010f8fc   __unlock
0016d1d6   _abort
0016b519   _app_LJT_display
0016b693   _app_LJT_init
00168527   _app_MB_info_creat
00167805   _app_UIout_entery
00167837   _app_UIout_exit
0016d1c8   _app_USBmod_add
0016d1c2   _app_USBmod_exit
0016cff9   _app_USBmod_fun_entry
0016d006   _app_USBmod_fun_exit
0016d1ba   _app_USBmod_insmod
0016cfba   _app_USBmod_main_task
0016d1b9   _app_USBmod_resource_init
0016c539   _app_USBmod_search_window_creat
0016c4a9   _app_USBmod_window_creat
0016c533   _app_USBmod_window_destroy
00164db9   _app_free
0016ccb7   _app_get_1th_mod_id
0016ce73   _app_global_DL_driver_add
0016ce8a   _app_global_DL_driver_delete
0016ce63   _app_global_DL_measure_entery
0016ce6b   _app_global_DL_measure_exit
0016ce18   _app_global_DLarg_obtain
0016ce23   _app_global_DLerr_obtain
0016ce2e   _app_global_DLflag_obtain
0016caf6   _app_global_DLuser_arg_read
0016cb60   _app_global_DLuser_arg_write
0016ce57   _app_global_ERR_circle_obtain
0016c27d   _app_global_Ntokey
0016ce44   _app_global_QB_select
0016cd28   _app_global_buz_alarm
0016cd61   _app_global_buz_entery
0016cd7d   _app_global_buz_exit
0016cd46   _app_global_buz_response
0016c26e   _app_global_decide_Dkey
0016c250   _app_global_decide_Nkey
0016c232   _app_global_decide_inputkey
0016b012   _app_global_e2prom_fill
0016b12e   _app_global_e2prom_read_bytes
0016b08a   _app_global_e2prom_read_char
0016b0ba   _app_global_e2prom_read_int
0016b0b6   _app_global_e2prom_switch_disk
0016b124   _app_global_e2prom_write_bytes
0016b04c   _app_global_e2prom_write_char
0016b0e6   _app_global_e2prom_write_int
001696f1   _app_global_flash_erase_all
001696e0   _app_global_flash_erase_sector
00169767   _app_global_flash_read_bytes
001696fe   _app_global_flash_read_char
00169713   _app_global_flash_read_int
0016977d   _app_global_flash_resouce_release
0016977c   _app_global_flash_resouce_req
00169752   _app_global_flash_write_bytes
00169728   _app_global_flash_write_char
0016973d   _app_global_flash_write_int
0016c34c   _app_global_key_FIFO_empty
0016c2c5   _app_global_key_control_power_release
0016c2bf   _app_global_key_control_power_req
0016c2ea   _app_global_key_dummy_press
0016c2cb   _app_global_key_force_obtain
0016c323   _app_global_key_obtain
0016c367   _app_global_key_resource_release
0016c354   _app_global_key_resource_req
0016c2f6   _app_global_key_wait
0016c2a1   _app_global_keytoletter
0016cb93   _app_global_ram_init
00167796   _app_global_real_UI_obtain
0016cb9a   _app_global_resouce_init
0016cb86   _app_global_resouce_release
0016cb78   _app_global_resouce_req
001677e3   _app_global_rise_UI_is_open
001677fb   _app_global_select_UI
001677ee   _app_global_select_phase
0016ce39   _app_global_set_user_dl_arg
001677c3   _app_global_user_UI_obtain
0016c6c1   _app_help_abnomal_display
0016c645   _app_help_callblack
0016c732   _app_help_file_paging
0016c5d8   _app_help_file_string_obtain
0016c6d1   _app_help_fun
0016c6af   _app_help_nomal_display
0016c611   _app_helpmod_contens_display
0016c704   _app_helpmod_entery
00168606   _app_hzlib_updata_HZLIB
00168587   _app_hzlib_updata_MB
0016892c   _app_hzlib_updata_entery
0016cce3   _app_init
00168423   _app_local_file_write
00164d5f   _app_malloc
0016ccac   _app_mod_mount
0016a12f   _app_module_add
0016a1d5   _app_module_assign_mod
0016a15f   _app_module_delete
0016a0eb   _app_module_exit
0016a258   _app_module_get_cur_id
0016a25c   _app_module_get_last_id
0016a175   _app_module_get_qmsg_box
0016a260   _app_module_get_reboot_flag
0016ccab   _app_module_handle_hook
0016a1e0   _app_module_maneger_exit
0016a23f   _app_module_maneger_init
0016a233   _app_module_pos_name_obtain
0016a21f   _app_module_pos_name_set
0016a198   _app_module_send_hmsg
0016a0cd   _app_module_start
0016a0c5   _app_module_start_hook
0016a1eb   _app_module_state_handle
0016a0c9   _app_module_stop_hook
0016a106   _app_module_switch
0016a1c6   _app_module_switch_last_mod
001687a2   _app_plan_info_display
001623cc   _app_plan_record_obtain
00164df0   _app_release_all_mem
0016ccbb   _app_start_module
00166ce0   _app_startmod_B1_window_init
00166d6e   _app_startmod_B2_window_init
0016a75e   _app_startmod_DL_ftostr
00166eb8   _app_startmod_DLarg_display
00166fa9   _app_startmod_DLmember_window_init
00166dcf   _app_startmod_ERR_window_init
00166e3f   _app_startmod_Err_display
00166dbc   _app_startmod_LJT_window_init
0016d104   _app_startmod_add
0016a704   _app_startmod_callblack
00166de8   _app_startmod_circle_display
00114d56   _app_startmod_dialogbox
0016d0fe   _app_startmod_exit
0016ab40   _app_startmod_fun_entry
0016ab55   _app_startmod_fun_exit
0016d0f6   _app_startmod_insmod
0016aa45   _app_startmod_main_key_task
0016a9fa   _app_startmod_main_task
0016d0ed   _app_startmod_resource_init
0016a7a6   _app_startmod_save_data_handle
001670d1   _app_startmod_step_up_init
0016a981   _app_startmod_task_switch_function
00166c29   _app_startmod_time_display
001671fb   _app_startmod_user_cs_info_diplay
001671bd   _app_startmod_user_info_diplay
0016a7c6   _app_startmod_user_set_setting
00166c4d   _app_startmod_user_window_init
0016723d   _app_startmod_userinfo_all_diplay
0016a889   _app_startmod_userinfo_setting
00167186   _app_startmod_window_main_creat
001671a9   _app_startmod_window_main_destory
001689a2   _app_updata_bootconfig
00168863   _app_updata_help
001687c1   _app_updata_plan
0016cbbf   _atan2
0016d092   _atoi
0016d058   _atol
00164a54   _bcd_convert_hex
001656e9   _bsp_init
0016d012   _c_int00
00160856   _clust2sect
0016cefa   _cos
00160624   _disk_initialize
001606b8   _disk_ioctl
00160651   _disk_read
00160648   _disk_status
00160685   _disk_write
0016b269   _e2p_file_check
0016b22a   _e2p_file_creat
0016b28a   _e2p_file_delete
0016b207   _e2p_file_max_size_obtain
0016b2be   _e2p_file_read
0016b1e4   _e2p_file_size_obtain
0016b345   _e2p_file_to_init
0016b2fc   _e2p_file_write
001128c0   _edit_csr_task_pro
001128c3   _edit_is_start
00112980   _edit_mem_array
00111fff   _errno
0016d1d8   _exit
00161b2d   _f_chmod
00161653   _f_close
00161875   _f_getfree
00161c64   _f_gets
00161661   _f_lseek
00161a20   _f_mkdir
001611c8   _f_mount
001611fc   _f_open
001617b6   _f_opendir
00161cc4   _f_printf
00161c91   _f_putc
00161caa   _f_puts
00161310   _f_read
0016180e   _f_readdir
00161baa   _f_rename
0016184c   _f_stat
001615b8   _f_sync
00161935   _f_truncate
001619a4   _f_unlink
00161b67   _f_utime
00161453   _f_write
001621ea   _fatfs_FIobj_obtain
001621fa   _fatfs_FIobj_put
0016228a   _fatfs_close
001622f1   _fatfs_file_locate_icon
001622ce   _fatfs_init
00162274   _fatfs_open
0016223d   _fatfs_read_bytes
00162205   _fatfs_write_bytes
001621ad   _ff_cre_syncobj
001621be   _ff_del_syncobj
001621e3   _ff_rel_grant
001621d2   _ff_req_grant
0011239a   _fft
0016b99f   _fft_R1024
001646cf   _fifo_buffer_empty
001646bb   _fifo_buffer_get_size
00164653   _fifo_buffer_init
0016469c   _fifo_buffer_pop
00164671   _fifo_buffer_push
00164663   _fifo_buffer_shift
0016afb9   _fm25c164_WP_disenable
0016afb8   _fm25c164_WP_enable
0016afce   _fm25c164_driver_cs_dis
0016afba   _fm25c164_driver_cs_en
0016afe4   _fm25c164_driver_read_byte
0016afd6   _fm25c164_driver_write_byte
0016aff3   _fm25c164_driver_write_state
0016afb1   _fm25c164_write_disenable
0016afaa   _fm25c164_write_enable
0016b98b   _fs_lock
0016b991   _fs_unlock
00112d80   _g_DL_dev
00112dc0   _g_DL_param
001161ea   _g_Nkey_tab
00112f4c   _g_cur_pc_pos
00112f4d   _g_gpio_dev
001118d8   _g_key_fifo
001118b4   _g_key_fifo_tcb_body
0010f8ca   _g_key_input_keep_secret
00112f4f   _g_language
0010cafe   _g_mod_branch
00112f54   _g_module_id_array
00112f52   _g_module_mount_flag
00112f50   _g_piccom_dev
0010caff   _g_select_branch
00112f51   _g_spi_dev_id
00111001   _g_usb_state
00112e40   _g_user_arg
0016086e   _get_fat
001606e6   _get_fattime
00164b42   _global_ASC_code_search_end
00164a71   _global_CtoN
00164a68   _global_NtoC
00164ab0   _global_adjust_letter_module
00164927   _global_atof
0016491e   _global_atoi
001649b8   _global_debounce_support
001649b0   _global_debounce_times_mod
00164a87   _global_decide_letter
00164a7c   _global_decide_num
00164ac5   _global_float_putoff_point
00164871   _global_ftoa
001647ec   _global_itoa
0016482d   _global_ltoa
00164708   _global_memcmp
001646d7   _global_memcpy
001646f1   _global_memset
00164adb   _global_round_off_float
00164b74   _global_sprintf
00164731   _global_strcat
00164747   _global_strcpy
00164b11   _global_string_filter
00164784   _global_string_locate
001647a2   _global_string_locate_end
0016475f   _global_string_locate_first
001647c2   _global_string_reversal
00164723   _global_strlen
001649e9   _global_sum_array
00164a9b   _global_switch_letter_module
00164a2a   _global_udelay
0016393a   _gpio_driver_init
0016391f   _gpio_driver_ioctl
00163918   _gpio_driver_read
00163972   _gpio_driver_register
00163939   _gpio_driver_uninstall
00163932   _gpio_driver_write
00113190   _hand_HZ_box
00113184   _hand_HZ_box_dis_enable
00113186   _hand_HZ_box_start_input
0011318c   _hand_area_key
0011318e   _hand_area_write
00113185   _hand_mode_flag
0016a6bb   _hand_wirte_input_box_pos_set
00113182   _hand_write_box_x
00113181   _hand_write_box_y
0016a6ac   _hand_write_input_GB_obtain
0016a6c6   _hand_write_input_entery
0016a6f1   _hand_write_input_exit
0016a703   _hand_write_input_init
0011318a   _hand_write_win
00164a40   _hex_convert_bcd
00112380   _ii
001678da   _input_button_call
0015f000   _ipcb
001644da   _key_driver_init
00164490   _key_driver_ioctl
001644be   _key_driver_read
001644e4   _key_driver_register
001644e3   _key_driver_uninstall
001644ab   _key_driver_write
001679a6   _key_input_method_assign
00167966   _key_input_method_filter
0016784c   _key_input_method_hzbox_creat
00167871   _key_input_method_hzbox_destory
00167944   _key_input_method_icon_close
00167900   _key_input_method_icon_open
00167e2b   _key_input_method_init
001678d2   _key_input_method_is_run
001679b1   _key_input_method_obtain
0016797b   _key_input_method_switch
00167e21   _key_input_method_xy_set
00167d1b   _key_method_input
00167dd6   _key_method_input_shadow
001644b2   _key_read_isr
0016915c   _lcd_display_ASClib
00168c80   _lcd_driver_ASCcode_display
00168cc2   _lcd_driver_HZASC_display
00168d1f   _lcd_driver_HZ_ASC_obtain
00168d06   _lcd_driver_ZF_ASC_obtain
00168ee6   _lcd_driver_bmp_display
00168a1c   _lcd_driver_clear_screen
001689cd   _lcd_driver_coord_lawful
001689dd   _lcd_driver_draw_dot
00168a3a   _lcd_driver_draw_line
00168c4b   _lcd_driver_draw_rectangle
00168a05   _lcd_driver_fill_rectangle
00168eed   _lcd_driver_init
00168e7c   _lcd_driver_read_block
00168e4e   _lcd_driver_read_block_Ext
001689ef   _lcd_driver_read_dot
00168d67   _lcd_driver_string_print
00168e9c   _lcd_driver_write_block
00168e65   _lcd_driver_write_block_Ext
00168a28   _lcd_get_line_type
00169559   _m25p80_driver_chip_erase
00169422   _m25p80_driver_cs_dis
0016940e   _m25p80_driver_cs_en
001693ff   _m25p80_driver_read_byte
0016942d   _m25p80_driver_read_char
00169588   _m25p80_driver_read_int
0016950d   _m25p80_driver_sector_erase
001693f1   _m25p80_driver_write_byte
001694a6   _m25p80_driver_write_char
0016962f   _m25p80_driver_write_int
00169487   _m25p80_driver_write_state
00112d62   _m_Bcolor
0000a010   _m_DC_Idx
0000a016   _m_DC_Udx
0000a01c   _m_DDS_PQk
00112b32   _m_DDS_contain
0000a00a   _m_DDS_data
0010cb00   _m_DDS_path1_mod
0000a002   _m_DDS_way
0011626c   _m_DLSR_CT_const
00113554   _m_DL_LJT
00113550   _m_DL_edit
00112680   _m_DL_save_data
001118a9   _m_EXTIO_state
0010e240   _m_FLIa_buf
0010dd40   _m_FLIb_buf
0010dc40   _m_FLIc_buf
0010e340   _m_FLJa_buf
0010e640   _m_FLJb_buf
0010e540   _m_FLJc_buf
0010df40   _m_FLPa_buf
0010de40   _m_FLPb_buf
0010e740   _m_FLPc_buf
0010ea40   _m_FLQa_buf
0010e940   _m_FLQb_buf
0010e440   _m_FLQc_buf
0010e140   _m_FLUa_buf
0010e040   _m_FLUb_buf
0010e840   _m_FLUc_buf
00112d60   _m_Fcolor
0010eb4e   _m_Gui_hwin
0010eb46   _m_Gui_locked_offset
0010eb60   _m_Gui_locked_win
0010eb44   _m_Gui_win_cnt
0010eb4c   _m_Guiwin_lock
00111002   _m_HID_fifo_tcb
00111008   _m_HID_fifo_tcb_body
00111040   _m_HID_rev_fifo
001151d6   _m_I_level_Rconst
0000a8c0   _m_Ia_buf
0010db6a   _m_Ia_filtering_ctl
0000a0c0   _m_Ib_buf
0010db5c   _m_Ib_filtering_ctl
0000b0c0   _m_Ic_buf
0010dbc0   _m_Ic_filtering_ctl
0010db8e   _m_Ja_filtering_ctl
0010db80   _m_Jb_filtering_ctl
0010dbaa   _m_Jc_filtering_ctl
00112b42   _m_LIBpos
00116250   _m_Num16x32_C
0010dc1c   _m_Pa_filtering_ctl
0010dc00   _m_Pb_filtering_ctl
0010dc0e   _m_Pc_filtering_ctl
00112b2e   _m_Q_count_way
0010dbea   _m_Qa_filtering_ctl
0010dbce   _m_Qb_filtering_ctl
0010dbdc   _m_Qc_filtering_ctl
00111004   _m_USB_fifo_tcb
0011100e   _m_USB_fifo_tcb_body
00111080   _m_USB_rev_fifo
00111000   _m_USB_task_pro
00112b10   _m_USB_win
001151b8   _m_U_level_Rconst
0000c8c0   _m_Ua_buf
0010db9c   _m_Ua_filtering_ctl
0000b8c0   _m_Ub_buf
0010db4e   _m_Ub_filtering_ctl
0000c0c0   _m_Uc_buf
0010db40   _m_Uc_filtering_ctl
0011505a   _m_Ulevel_change_tab
0000a008   _m_ad_32bit
0000a00c   _m_ad_64bit
00112634   _m_angle_shadow
00112382   _m_angle_start
00112631   _m_angle_timecnt
0010eb5b   _m_bgcolor_bak
00111887   _m_cnt
0010eb43   _m_color_bak_cnt
0010f8de   _m_con_box_buf
00112b38   _m_correct_level_arg
0010eb0a   _m_count_err_value
00112648   _m_counter_ch
0010caca   _m_csr_lock
0010eb48   _m_cur_hwin
00111c43   _m_cur_mod_id
0010cb04   _m_dds_fdataQ
0010cb02   _m_dds_fdatap
0010cb0c   _m_dds_fsendp
0010cb06   _m_dds_fsendq
0010cb0e   _m_dds_sumP
0010cb0a   _m_dds_sumQ
00111c4a   _m_driver_manege_lock
00111d40   _m_driver_manege_tab
001128ca   _m_drop_list_cnt
001130c0   _m_e2p_list
00112f80   _m_e2pblock_lock
00112fc0   _m_e2pblock_occupy
00113040   _m_e2pblock_pdest
001128d0   _m_edit_csr
001128d2   _m_edit_lock
001128c2   _m_eidt_end_flag
0010eb22   _m_err_Sdata
0010eb0c   _m_err_ave_counter
0000d0c0   _m_err_correct_data
0010eb09   _m_err_force_refresh
0010eb08   _m_err_is_refresh
0010eb14   _m_err_last_counter
00111c40   _m_event_stat_cnt
0010eb56   _m_fgcolor_bak
0010eb45   _m_force_bcolor
0010eb41   _m_force_fcolor
0010eb42   _m_force_flag
0010eb4a   _m_force_last_win
00111014   _m_fp_ctl
00111006   _m_fs_lock
00113195   _m_hand_hzbox
00113180   _m_hand_hzbox_size
001131c0   _m_hand_input_HZbuf
00113183   _m_hand_write
00113188   _m_hand_write_input_cnt
0011289a   _m_help_file
00112899   _m_help_main_task_pro
0011289e   _m_helpmod_display_win
0011289c   _m_hlep_title_2
0010eb54   _m_hwin_list_end
0010eb50   _m_hwin_list_head
0010f8d4   _m_hz_ctl
001105e4   _m_hzlib_local_file
001105f4   _m_hzlib_updata_err
001105f0   _m_hzlib_updata_finish
001105f8   _m_hzlib_updata_runing
0010f8e2   _m_input_button_win
0010f8d6   _m_input_hzbox
0010f8e0   _m_input_icon_win
0010f8da   _m_input_lock
0010f8d0   _m_input_pybox
0010f8d8   _m_input_tmr_id
0010f8d2   _m_input_win
0010f8ce   _m_input_win_posx
0010f8cb   _m_input_win_posy
0010eb80   _m_interface_page_array
00112898   _m_is_help_file_EOF
00112000   _m_kconst
00110ffc   _m_key_dev_id
001118a0   _m_key_fifo_tcb
0010f8cc   _m_key_fsec
0010f8e4   _m_key_input_ctl
0010f8cd   _m_key_input_edit_memeber
00110ffe   _m_key_lock
00111c41   _m_last_mod_id
00113192   _m_last_touch_data
00112d68   _m_lcd_driver_lock
001002c9   _m_malloc_mem
001118cc   _m_measure_correct_step
001118c0   _m_measure_flag
0011189e   _m_measure_lock
001119c0   _m_measure_param
00112b30   _m_measure_task_pro
00100200   _m_mem_ctl
00100004   _m_mem_lock
00100008   _m_mem_maneger
00100100   _m_mem_pdest
00112b40   _m_memblock_lock
00112b80   _m_memblock_occupy
00112c80   _m_memblock_pdest
0010eb10   _m_meter1_fpga_addr
0010eb0e   _m_meter2_fpga_addr
0010eb12   _m_meter_real_value
00111c52   _m_mod_hmsg_box
00111c44   _m_mod_hmsg_qevent
00111c46   _m_mod_hmsg_sem
00111c4c   _m_mod_hqmsg_buf
00111cc0   _m_mod_maneger_array
00111c5e   _m_mod_pos_name
00100000   _m_os_pmem
001118a5   _m_pic_buf
00111890   _m_pic_sd
00111892   _m_pic_wd
0011623e   _m_pll_DATA
00111ffe   _m_pll_pos
001128c8   _m_progress_cur_pos
001128c6   _m_progress_dischange
001128c9   _m_progress_max_pos
001128c7   _m_progress_setp_size
00112f4e   _m_protect
0010f8dc   _m_py_box_buf
0010f8f0   _m_py_ctl
0000a003   _m_read_ad_finish
00111c42   _m_reboot_flag
00112002   _m_sUI_kr
00112040   _m_save_correct_data
0010f902   _m_sd_state
001128c4   _m_select_drop_member
0010d340   _m_selfI_buf
0010cb40   _m_selfU_buf
001135c0   _m_self_is_runing
00113600   _m_self_wave_buf
00113a00   _m_self_wave_buf_shadow
00111894   _m_serialB_fifo_tcb
001118ba   _m_serialB_fifo_tcb_body
00111896   _m_serialB_read_lock
00111b40   _m_serialB_rev_fifo
00111898   _m_serialB_write_lock
0011188a   _m_serialC_fifo_tcb
001118ae   _m_serialC_fifo_tcb_body
0011189a   _m_serialC_read_lock
00111a40   _m_serialC_rev_fifo
0011189c   _m_serialC_write_lock
0011188e   _m_spi_lock
00113564   _m_start_DL_option
0011355a   _m_start_FZXZ_option
00113574   _m_start_cos_option
0011356c   _m_start_current_option
00113580   _m_start_dlsr_option
00112641   _m_start_main_key_task_pro
0011355e   _m_start_voltage_option
00113558   _m_startmod_drop_B1_QB
00113548   _m_startmod_drop_B1_way
0011354a   _m_startmod_drop_B2_QB
00113552   _m_startmod_drop_B2_way
0011354c   _m_startmod_drop_FZXZ
00113546   _m_startmod_drop_cos
00113540   _m_startmod_drop_current
00113542   _m_startmod_drop_voltage
00112646   _m_startmod_lock
00112643   _m_startmod_measure_dev
00113556   _m_startmod_win
00113544   _m_startmod_win_radio
0000e180   _m_stk_array
0000a040   _m_sum_data_ext
0000a080   _m_sum_data_int
00111c48   _m_task_lock
001128ab   _m_task_name_DIR
001128a0   _m_task_name_shadow
00111c80   _m_task_pro_array
0010cb08   _m_temp_32bit
00112642   _m_test_disk_1_task_pro
00112640   _m_test_disk_2_task_pro
00112645   _m_test_main_task_pro
00112644   _m_test_read_correct_task_pro
0010f906   _m_test_sector
00100040   _m_timer_array
00100002   _m_timer_array_jiffies
00100006   _m_timer_lock
00113200   _m_touch_BLkey_box
0011319a   _m_touch_FUNKEY
00113280   _m_touch_SLkey_box
001118a2   _m_touch_data
00112372   _m_touch_dev_id
00111900   _m_touch_hz_box
00111881   _m_touch_hz_flag
00112374   _m_touch_read_lock
00112376   _m_touch_scale
0010cac9   _m_usb_main_task_pro
00112b16   _m_usb_option
00112b12   _m_usb_title
0011354e   _m_user_edit
00111883   _m_write_is_finish
001151c0   _m_xnfz_BL_data
001151c8   _m_xnfz_I_data
001151a6   _m_xnfz_J_data
001151d0   _m_xnfz_U_data
0015f840   _mag
0016ccf1   _main
0016be34   _measure_CTScale_init
0016bd8b   _measure_CTScale_select_I_level
0016bd1d   _measure_CTScale_select_PLL
0016bde9   _measure_CTScale_select_U_level
0016693b   _measure_DLarg_angle_trans
0016ae62   _measure_auto_select_PLL
00166205   _measure_correct_K_renew
001664c4   _measure_correct_clean_data
001665a9   _measure_correct_data_module_init
00165eb2   _measure_correct_data_save
00165fda   _measure_correct_disk_init
00165e8e   _measure_correct_read_from_disk
00165e82   _measure_correct_write_to_disk
00166b51   _measure_data_obtain
001665fd   _measure_driver_COSangle_count
001663a5   _measure_driver_Icorrect
0016ac92   _measure_driver_JXmod_sys
001663f9   _measure_driver_Jcorrect
0016632d   _measure_driver_Ucorrect
0016ac2a   _measure_driver_auto_change_Ulevel
00166475   _measure_driver_correct_handle
00166689   _measure_driver_count_COS
0016c1df   _measure_driver_count_ERR
0016c126   _measure_driver_count_ERR_handle
0016c0e8   _measure_driver_path1_count_ERR
0016c107   _measure_driver_path2_count_ERR
00166b66   _measure_driver_read_DLarg_init
001641b2   _measure_driver_register
0016caa4   _measure_driver_self_correct_finish
0016ca9f   _measure_driver_self_correct_start
001640a7   _measure_driver_set_user_DL_arg
0016af0e   _measure_driver_start
0016af20   _measure_driver_stop
0016af7a   _measure_entery
0016c22b   _measure_error_count_init
0016c211   _measure_error_path1_dx_counter_obtain
0016c21e   _measure_error_path2_dx_counter_obtain
0016afa4   _measure_exit
0016af2d   _measure_hardware_set
0016ad14   _measure_identity_check
0016ad16   _measure_lostUI_sys
0016caa8   _measure_self_DLdata_count
001665dc   _measure_sqrt_64bit_data
0016ae9b   _measure_task
0016abcd   _meausre_DDS_out_select
00166aa7   _meausre_angle_data_obtain
0016ab6e   _meausre_set_DDS_PQk
00164e04   _mem_block_create
00164e44   _mem_maneger_init
00168e31   _mem_sector_free
00168de9   _mem_sector_malloc
0016d22d   _memset
0016cc6b   _mod_err_inlet
0016cc66   _mod_switch_hook
001644fd   _my_dichotomy_algorithm
00111980   _my_serialB_baud_tab
00111940   _my_serialC_baud_tab
0016452b   _my_sort_algorithm
00169f85   _os_connect_init
00169f9a   _os_driver_add
0016a000   _os_driver_delete
0016a042   _os_driver_init
0016a09a   _os_driver_ioctl
0016a0b6   _os_driver_maneger_tab_init
0016a05a   _os_driver_read
0016a027   _os_driver_uninstall
0016a07a   _os_driver_write
0016cc74   _os_is_first_boot
0016cc84   _os_isr_init
00169d94   _os_lock
00169dad   _os_lock_creat
00169da5   _os_lock_revert
00169e0b   _os_q_creat
0016cc6c   _os_reboot_hook
00169dc8   _os_sem_creat
00169dff   _os_sem_pend
00169deb   _os_sem_revert
00169e90   _os_task_assign_pro_build
00169efd   _os_task_assign_stk_build
00169f38   _os_task_delete
00169f4f   _os_task_delete_all
00169f78   _os_task_name_get
00169f6d   _os_task_name_set
00169f30   _os_task_random_build
00169e6b   _os_task_release_pro_array
00169e2d   _os_task_req_pro_array
00169d9e   _os_unlock
0016cca4   _pec_os_msg
0016cca5   _pec_product_msg
001128cc   _pedit_free
0016404a   _pic32_driver_WSD_obtain
0016408a   _pic_driver_init
0016408e   _pic_driver_register
00160919   _put_fat
00113306   _py_Head_aToz_NUm
0016c066   _py_ime
0016bf9d   _py_index_aToz_NUm
001652f1   _rsvd_ISR
00163e3e   _serialB1_driver_init
00163e73   _serialB1_driver_register
00163e27   _serialB_driver_init
00163d04   _serialB_driver_ioctl
00163d52   _serialB_driver_read
00163e5a   _serialB_driver_register
00163e55   _serialB_driver_uninstall
00163ceb   _serialB_driver_write
00163c52   _serialB_rx_isr
00163caa   _serialB_set_baud
00163cd2   _serialB_set_check
00163fdf   _serialC_driver_init
00163f3d   _serialC_driver_ioctl
00163f8b   _serialC_driver_read
00164031   _serialC_driver_register
0016402c   _serialC_driver_uninstall
00163f25   _serialC_driver_write
00163e8c   _serialC_rx_isr
00163ee4   _serialC_set_baud
00163f0c   _serialC_set_check
00164531   _shift_filtering_data_algorithm_creat
00164559   _shift_filtering_data_obtain
0016cf5b   _sin
00163a9a   _spi_driver_register
001639e0   _spi_driver_set_baud
0016398b   _spi_write_read_byte
00160604   _sqrt
001128d4   _start_edit_win
0016d21a   _strlen
0016d19a   _strncpy
0016cca6   _support_mod_init
00164c3f   _timer_array_lock
00164c4b   _timer_array_lock_creat
00164cdb   _timer_array_maneger_task
00164d4b   _timer_array_mod_init
00164c45   _timer_array_unlock
00164477   _timer_driver_register
00164cd5   _timer_jiffies_add
00164c50   _timer_member_create
00164cad   _timer_member_mod_expires
00164c8e   _timer_member_revert_expires
00164cc3   _timer_member_state_set
00163c06   _touch_driver_init
00163ac3   _touch_driver_ioctl
00111889   _touch_driver_is_start
00163ab3   _touch_driver_open
00163be0   _touch_driver_read
00163b71   _touch_driver_read_touch_data
00163c39   _touch_driver_register
00163c33   _touch_driver_uninstall
00163b08   _touch_driver_write
00163bfa   _touch_rest_gpio_init
0016ccc8   _user_main_task
0016cae5   _wave_creat_test
001654cf   _xintf_zone6and7_timing
ffffffff   binit
00008d3a   cinit
00000000   code_start
00000000   edata
0000a000   end
0016d236   etext
ffffffff   pinit


GLOBAL SYMBOLS: SORTED BY Symbol Address 

address    name
--------   ----
00000000   .data
00000000   ___data__
00000000   ___edata__
00000000   code_start
00000000   edata
000003b0   __STACK_SIZE
00000400   __stack
00000880   _DevEmuRegs
00000a80   _FlashRegs
00000ae0   _CsmRegs
00000b00   _AdcMirror
00000b20   _XintfRegs
00000c00   _CpuTimer0Regs
00000c08   _CpuTimer1Regs
00000c10   _CpuTimer2Regs
00000ce0   _PieCtrlRegs
00000d00   _PieVectTable
00001000   _DmaRegs
00005000   _McbspaRegs
00005040   _McbspbRegs
00006000   _ECanaRegs
00006040   _ECanaLAMRegs
00006080   _ECanaMOTSRegs
000060c0   _ECanaMOTORegs
00006100   _ECanaMboxes
00006200   _ECanbRegs
00006240   _ECanbLAMRegs
00006280   _ECanbMOTSRegs
000062c0   _ECanbMOTORegs
00006300   _ECanbMboxes
00006800   _EPwm1Regs
00006840   _EPwm2Regs
00006880   _EPwm3Regs
000068c0   _EPwm4Regs
00006900   _EPwm5Regs
00006940   _EPwm6Regs
00006a00   _ECap1Regs
00006a20   _ECap2Regs
00006a40   _ECap3Regs
00006a60   _ECap4Regs
00006a80   _ECap5Regs
00006aa0   _ECap6Regs
00006b00   _EQep1Regs
00006b40   _EQep2Regs
00006f80   _GpioCtrlRegs
00006fc0   _GpioDataRegs
00006fe0   _GpioIntRegs
00007010   _SysCtrlRegs
00007040   _SpiaRegs
00007050   _SciaRegs
00007070   _XIntruptRegs
00007100   _AdcRegs
00007750   _ScibRegs
00007770   _ScicRegs
00007900   _I2caRegs
00008000   _InitFlash
00008023   _WDog_disable
0000802a   _ISR_read_fpga_data
0000850d   _ISR_self_correct_read_fpga_data
00008755   _OSTickISR
0000879d   _OSIntCtxSw
000087d0   _OSStartHighRdy
000087f5   _OSCtxSw
00008844   _OSTimeTickHook
00008847   _ISR_Extint_entery
000088c4   _OSIntEnter
000088ce   _OSIntExit
000088f3   _OSSchedLock
00008902   _OSSchedUnlock
0000891b   _OSTimeTick
0000896a   _OS_EventTaskRdy
000089b5   _OS_EventTaskWait
000089ea   _OS_EventTaskRemove
00008a09   _OS_MemClr
00008a18   _OS_MemCopy
00008a2b   _OS_Sched
00008a5d   _OS_StrCopy
00008a73   _OS_StrLen
00008a81   _OS_TaskIdle
00008a8e   _OSQCreate
00008adc   _OSQPend
00008b60   _OSQPost
00008ba0   _OSSemAccept
00008bb4   _OSSemCreate
00008bd8   _OSSemDel
00008c3e   _OSSemPend
00008c9c   _OSSemPost
00008cc2   _OSSemQuery
00008cf0   _OSSemSet
00008d14   _DSP28x_usDelay
00008d18   _RFFT32_mag
00008d3a   ___cinit__
00008d3a   cinit
00009272   __IQ30toF
0000a000   .bss
0000a000   ___bss__
0000a000   ___end__
0000a000   end
0000a002   _m_DDS_way
0000a003   _m_read_ad_finish
0000a008   _m_ad_32bit
0000a00a   _m_DDS_data
0000a00c   _m_ad_64bit
0000a010   _m_DC_Idx
0000a016   _m_DC_Udx
0000a01c   _m_DDS_PQk
0000a040   _m_sum_data_ext
0000a080   _m_sum_data_int
0000a0c0   _m_Ib_buf
0000a8c0   _m_Ia_buf
0000b0c0   _m_Ic_buf
0000b8c0   _m_Ub_buf
0000c0c0   _m_Uc_buf
0000c8c0   _m_Ua_buf
0000d0c0   _m_err_correct_data
0000e000   _OSTaskStatStk
0000e080   _OSTaskIdleStk
0000e180   _m_stk_array
00100000   _m_os_pmem
00100002   _m_timer_array_jiffies
00100004   _m_mem_lock
00100006   _m_timer_lock
00100008   _m_mem_maneger
00100040   _m_timer_array
00100100   _m_mem_pdest
00100200   _m_mem_ctl
001002c9   _m_malloc_mem
0010cac9   _m_usb_main_task_pro
0010caca   _m_csr_lock
0010cafe   _g_mod_branch
0010caff   _g_select_branch
0010cb00   _m_DDS_path1_mod
0010cb02   _m_dds_fdatap
0010cb04   _m_dds_fdataQ
0010cb06   _m_dds_fsendq
0010cb08   _m_temp_32bit
0010cb0a   _m_dds_sumQ
0010cb0c   _m_dds_fsendp
0010cb0e   _m_dds_sumP
0010cb40   _m_selfU_buf
0010d340   _m_selfI_buf
0010db40   _m_Uc_filtering_ctl
0010db4e   _m_Ub_filtering_ctl
0010db5c   _m_Ib_filtering_ctl
0010db6a   _m_Ia_filtering_ctl
0010db80   _m_Jb_filtering_ctl
0010db8e   _m_Ja_filtering_ctl
0010db9c   _m_Ua_filtering_ctl
0010dbaa   _m_Jc_filtering_ctl
0010dbc0   _m_Ic_filtering_ctl
0010dbce   _m_Qb_filtering_ctl
0010dbdc   _m_Qc_filtering_ctl
0010dbea   _m_Qa_filtering_ctl
0010dc00   _m_Pb_filtering_ctl
0010dc0e   _m_Pc_filtering_ctl
0010dc1c   _m_Pa_filtering_ctl
0010dc40   _m_FLIc_buf
0010dd40   _m_FLIb_buf
0010de40   _m_FLPb_buf
0010df40   _m_FLPa_buf
0010e040   _m_FLUb_buf
0010e140   _m_FLUa_buf
0010e240   _m_FLIa_buf
0010e340   _m_FLJa_buf
0010e440   _m_FLQc_buf
0010e540   _m_FLJc_buf
0010e640   _m_FLJb_buf
0010e740   _m_FLPc_buf
0010e840   _m_FLUc_buf
0010e940   _m_FLQb_buf
0010ea40   _m_FLQa_buf
0010eb08   _m_err_is_refresh
0010eb09   _m_err_force_refresh
0010eb0a   _m_count_err_value
0010eb0c   _m_err_ave_counter
0010eb0e   _m_meter2_fpga_addr
0010eb10   _m_meter1_fpga_addr
0010eb12   _m_meter_real_value
0010eb14   _m_err_last_counter
0010eb22   _m_err_Sdata
0010eb41   _m_force_fcolor
0010eb42   _m_force_flag
0010eb43   _m_color_bak_cnt
0010eb44   _m_Gui_win_cnt
0010eb45   _m_force_bcolor
0010eb46   _m_Gui_locked_offset
0010eb48   _m_cur_hwin
0010eb4a   _m_force_last_win
0010eb4c   _m_Guiwin_lock
0010eb4e   _m_Gui_hwin
0010eb50   _m_hwin_list_head
0010eb54   _m_hwin_list_end
0010eb56   _m_fgcolor_bak
0010eb5b   _m_bgcolor_bak
0010eb60   _m_Gui_locked_win
0010eb80   _m_interface_page_array
0010f8ca   _g_key_input_keep_secret
0010f8cb   _m_input_win_posy
0010f8cc   _m_key_fsec
0010f8cd   _m_key_input_edit_memeber
0010f8ce   _m_input_win_posx
0010f8d0   _m_input_pybox
0010f8d2   _m_input_win
0010f8d4   _m_hz_ctl
0010f8d6   _m_input_hzbox
0010f8d8   _m_input_tmr_id
0010f8da   _m_input_lock
0010f8dc   _m_py_box_buf
0010f8de   _m_con_box_buf
0010f8e0   _m_input_icon_win
0010f8e2   _m_input_button_win
0010f8e4   _m_key_input_ctl
0010f8f0   _m_py_ctl
0010f8fc   __unlock
0010f8fe   __lock
0010f901   _SD_Type
0010f902   _m_sd_state
0010f906   _m_test_sector
0010f908   _FatFs
001105e4   _m_hzlib_local_file
001105f0   _m_hzlib_updata_finish
001105f4   _m_hzlib_updata_err
001105f8   _m_hzlib_updata_runing
001105fc   __cleanup_ptr
001105fe   __dtors_ptr
00110600   _OSPrioCur
00110601   _OSLockNesting
00110602   _OSRunning
00110603   _OSPrioHighRdy
00110604   _OSCPUUsage
00110605   _OSTaskCtr
00110606   _OSIntNesting
00110607   _OSStatRdy
00110608   _OSRdyGrp
0011060a   _OSTCBHighRdy
0011060c   _OSMemFreeList
0011060e   _OSIdleCtr
00110610   _OSTCBList
00110612   _OSTCBCur
00110614   _OSEventFreeList
00110616   _OSTime
00110618   _OSCtxSwCtr
0011061a   _OSTCBFreeList
0011061c   _OSQFreeList
0011061e   _OSIdleCtrRun
00110620   _OSIdleCtrMax
00110622   _OSRdyTbl
0011062a   _OSMemTbl
00110640   _OSQTbl
00110680   _OSTCBPrioTbl
00110700   _OSEventTbl
00110a80   _OSTCBTbl
00110ffc   _m_key_dev_id
00110ffe   _m_key_lock
00111000   _m_USB_task_pro
00111001   _g_usb_state
00111002   _m_HID_fifo_tcb
00111004   _m_USB_fifo_tcb
00111006   _m_fs_lock
00111008   _m_HID_fifo_tcb_body
0011100e   _m_USB_fifo_tcb_body
00111014   _m_fp_ctl
00111040   _m_HID_rev_fifo
00111080   _m_USB_rev_fifo
00111880   _AX_S
00111881   _m_touch_hz_flag
00111882   _AX_E
00111883   _m_write_is_finish
00111885   _AY_S
00111887   _m_cnt
00111888   _AY_E
00111889   _touch_driver_is_start
0011188a   _m_serialC_fifo_tcb
0011188e   _m_spi_lock
00111890   _m_pic_sd
00111892   _m_pic_wd
00111894   _m_serialB_fifo_tcb
00111896   _m_serialB_read_lock
00111898   _m_serialB_write_lock
0011189a   _m_serialC_read_lock
0011189c   _m_serialC_write_lock
0011189e   _m_measure_lock
001118a0   _m_key_fifo_tcb
001118a2   _m_touch_data
001118a5   _m_pic_buf
001118a9   _m_EXTIO_state
001118ae   _m_serialC_fifo_tcb_body
001118b4   _g_key_fifo_tcb_body
001118ba   _m_serialB_fifo_tcb_body
001118c0   _m_measure_flag
001118cc   _m_measure_correct_step
001118d8   _g_key_fifo
00111900   _m_touch_hz_box
00111940   _my_serialC_baud_tab
00111980   _my_serialB_baud_tab
001119c0   _m_measure_param
00111a40   _m_serialC_rev_fifo
00111b40   _m_serialB_rev_fifo
00111c40   _m_event_stat_cnt
00111c41   _m_last_mod_id
00111c42   _m_reboot_flag
00111c43   _m_cur_mod_id
00111c44   _m_mod_hmsg_qevent
00111c46   _m_mod_hmsg_sem
00111c48   _m_task_lock
00111c4a   _m_driver_manege_lock
00111c4c   _m_mod_hqmsg_buf
00111c52   _m_mod_hmsg_box
00111c5e   _m_mod_pos_name
00111c80   _m_task_pro_array
00111cc0   _m_mod_maneger_array
00111d40   _m_driver_manege_tab
00111ffe   _m_pll_pos
00111fff   _errno
00112000   _m_kconst
00112002   _m_sUI_kr
00112040   _m_save_correct_data
00112372   _m_touch_dev_id
00112374   _m_touch_read_lock
00112376   _m_touch_scale
00112380   _ii
00112382   _m_angle_start
0011238e   _DC_Harm
0011239a   _fft
001123c0   _F_Harm
00112631   _m_angle_timecnt
00112634   _m_angle_shadow
00112640   _m_test_disk_2_task_pro
00112641   _m_start_main_key_task_pro
00112642   _m_test_disk_1_task_pro
00112643   _m_startmod_measure_dev
00112644   _m_test_read_correct_task_pro
00112645   _m_test_main_task_pro
00112646   _m_startmod_lock
00112648   _m_counter_ch
00112680   _m_DL_save_data
00112898   _m_is_help_file_EOF
00112899   _m_help_main_task_pro
0011289a   _m_help_file
0011289c   _m_hlep_title_2
0011289e   _m_helpmod_display_win
001128a0   _m_task_name_shadow
001128ab   _m_task_name_DIR
001128c0   _edit_csr_task_pro
001128c2   _m_eidt_end_flag
001128c3   _edit_is_start
001128c4   _m_select_drop_member
001128c6   _m_progress_dischange
001128c7   _m_progress_setp_size
001128c8   _m_progress_cur_pos
001128c9   _m_progress_max_pos
001128ca   _m_drop_list_cnt
001128cc   _pedit_free
001128d0   _m_edit_csr
001128d2   _m_edit_lock
001128d4   _start_edit_win
00112980   _edit_mem_array
00112b10   _m_USB_win
00112b12   _m_usb_title
00112b16   _m_usb_option
00112b2e   _m_Q_count_way
00112b30   _m_measure_task_pro
00112b32   _m_DDS_contain
00112b38   _m_correct_level_arg
00112b40   _m_memblock_lock
00112b42   _m_LIBpos
00112b80   _m_memblock_occupy
00112c80   _m_memblock_pdest
00112d48   _CpuTimer2
00112d50   _CpuTimer1
00112d58   _CpuTimer0
00112d60   _m_Fcolor
00112d62   _m_Bcolor
00112d68   _m_lcd_driver_lock
00112d80   _g_DL_dev
00112dc0   _g_DL_param
00112e40   _g_user_arg
00112f4c   _g_cur_pc_pos
00112f4d   _g_gpio_dev
00112f4e   _m_protect
00112f4f   _g_language
00112f50   _g_piccom_dev
00112f51   _g_spi_dev_id
00112f52   _g_module_mount_flag
00112f54   _g_module_id_array
00112f80   _m_e2pblock_lock
00112fc0   _m_e2pblock_occupy
00113040   _m_e2pblock_pdest
001130c0   _m_e2p_list
00113180   _m_hand_hzbox_size
00113181   _hand_write_box_y
00113182   _hand_write_box_x
00113183   _m_hand_write
00113184   _hand_HZ_box_dis_enable
00113185   _hand_mode_flag
00113186   _hand_HZ_box_start_input
00113188   _m_hand_write_input_cnt
0011318a   _hand_write_win
0011318c   _hand_area_key
0011318e   _hand_area_write
00113190   _hand_HZ_box
00113192   _m_last_touch_data
00113195   _m_hand_hzbox
0011319a   _m_touch_FUNKEY
001131c0   _m_hand_input_HZbuf
00113200   _m_touch_BLkey_box
00113280   _m_touch_SLkey_box
00113300   _Max_PingYing_Num
00113302   _Hz_UseSpace_InM25P80
00113304   _Start_HanZi_MaB_address
00113306   _py_Head_aToz_NUm
00113340   _Rrturn_HanZi
00113540   _m_startmod_drop_current
00113542   _m_startmod_drop_voltage
[...]
001644b2   _key_read_isr
001644be   _key_driver_read
001644da   _key_driver_init
001644e3   _key_driver_uninstall
001644e4   _key_driver_register
001644fd   _my_dichotomy_algorithm
0016452b   _my_sort_algorithm
00164531   _shift_filtering_data_algorithm_creat
00164559   _shift_filtering_data_obtain
00164653   _fifo_buffer_init
00164663   _fifo_buffer_shift
00164671   _fifo_buffer_push
0016469c   _fifo_buffer_pop
001646bb   _fifo_buffer_get_size
001646cf   _fifo_buffer_empty
001646d7   _global_memcpy
001646f1   _global_memset
00164708   _global_memcmp
00164723   _global_strlen
00164731   _global_strcat
00164747   _global_strcpy
0016475f   _global_string_locate_first
00164784   _global_string_locate
001647a2   _global_string_locate_end
001647c2   _global_string_reversal
001647ec   _global_itoa
0016482d   _global_ltoa
00164871   _global_ftoa
0016491e   _global_atoi
00164927   _global_atof
001649b0   _global_debounce_times_mod
001649b8   _global_debounce_support
001649e9   _global_sum_array
00164a2a   _global_udelay
00164a40   _hex_convert_bcd
00164a54   _bcd_convert_hex
00164a68   _global_NtoC
00164a71   _global_CtoN
00164a7c   _global_decide_num
00164a87   _global_decide_letter
00164a9b   _global_switch_letter_module
00164ab0   _global_adjust_letter_module
00164ac5   _global_float_putoff_point
00164adb   _global_round_off_float
00164b11   _global_string_filter
00164b42   _global_ASC_code_search_end
00164b74   _global_sprintf
00164c3f   _timer_array_lock
00164c45   _timer_array_unlock
00164c4b   _timer_array_lock_creat
00164c50   _timer_member_create
00164c8e   _timer_member_revert_expires
00164cad   _timer_member_mod_expires
00164cc3   _timer_member_state_set
00164cd5   _timer_jiffies_add
00164cdb   _timer_array_maneger_task
00164d4b   _timer_array_mod_init
00164d5f   _app_malloc
00164db9   _app_free
00164df0   _app_release_all_mem
00164e04   _mem_block_create
00164e44   _mem_maneger_init
00164e5c   _InitCpuTimers
00164ea0   _ConfigCpuTimer
00164eed   _INT13_ISR
00164efa   _INT14_ISR
00164f07   _DATALOG_ISR
00164f14   _RTOSINT_ISR
00164f21   _EMUINT_ISR
00164f2e   _NMI_ISR
00164f3b   _ILLEGAL_ISR
00164f48   _USER1_ISR
00164f55   _USER2_ISR
00164f62   _USER3_ISR
00164f6f   _USER4_ISR
00164f7c   _USER5_ISR
00164f89   _USER6_ISR
00164f96   _USER7_ISR
00164fa3   _USER8_ISR
00164fb0   _USER9_ISR
00164fbd   _USER10_ISR
00164fca   _USER11_ISR
00164fd7   _USER12_ISR
00164fe4   _SEQ1INT_ISR
00164ff1   _SEQ2INT_ISR
00164fff   _XINT1_ISR
0016500c   _XINT2_ISR
00165019   _ADCINT_ISR
00165026   _TINT0_ISR
00165033   _WAKEINT_ISR
00165040   _EPWM1_TZINT_ISR
0016504d   _EPWM2_TZINT_ISR
0016505a   _EPWM3_TZINT_ISR
00165067   _EPWM4_TZINT_ISR
00165074   _EPWM5_TZINT_ISR
00165081   _EPWM6_TZINT_ISR
0016508e   _EPWM1_INT_ISR
0016509b   _EPWM2_INT_ISR
001650a8   _EPWM3_INT_ISR
001650b5   _EPWM4_INT_ISR
001650c2   _EPWM5_INT_ISR
001650cf   _EPWM6_INT_ISR
001650dc   _ECAP1_INT_ISR
001650e9   _ECAP2_INT_ISR
001650f6   _ECAP3_INT_ISR
00165103   _ECAP4_INT_ISR
00165110   _ECAP5_INT_ISR
0016511d   _ECAP6_INT_ISR
0016512a   _EQEP1_INT_ISR
00165137   _EQEP2_INT_ISR
00165144   _SPIRXINTA_ISR
00165151   _SPITXINTA_ISR
0016515e   _MRINTB_ISR
0016516b   _MXINTB_ISR
00165178   _MRINTA_ISR
00165185   _MXINTA_ISR
00165192   _DINTCH1_ISR
0016519f   _DINTCH2_ISR
001651ac   _DINTCH3_ISR
001651b9   _DINTCH4_ISR
001651c6   _DINTCH5_ISR
001651d3   _DINTCH6_ISR
001651e0   _I2CINT1A_ISR
001651ed   _I2CINT2A_ISR
001651fa   _SCIRXINTC_ISR
00165207   _SCITXINTC_ISR
00165214   _SCIRXINTA_ISR
00165221   _SCITXINTA_ISR
0016522e   _SCIRXINTB_ISR
0016523b   _SCITXINTB_ISR
00165248   _ECAN0INTA_ISR
00165255   _ECAN1INTA_ISR
00165262   _ECAN0INTB_ISR
0016526f   _ECAN1INTB_ISR
0016527c   _XINT3_ISR
00165289   _XINT4_ISR
00165296   _XINT5_ISR
001652a3   _XINT6_ISR
001652b0   _XINT7_ISR
001652bd   _LVF_ISR
001652ca   _LUF_ISR
001652d7   _EMPTY_ISR
001652e4   _PIE_RESERVED
001652f1   _rsvd_ISR
001652fe   _InitPieCtrl
0016531d   _EnableInterrupts
00165326   _DisenableInterrupts
0016532c   _InitPieVectTable
00165348   _InitSpi
00165349   _InitSpiGpio
0016534c   _InitSpiaGpio
00165382   _InitSysCtrl
0016538b   _ServiceDog
00165395   _DisableDog
0016539d   _InitPll
001653f0   _InitPeripheralClocks
0016549e   _CsmUnlock
001654cf   _xintf_zone6and7_timing
0016555a   _InitXintf32Gpio
001655f1   _InitXintf16Gpio
001656b7   _MemCopy
001656ce   _BSP_Dly
001656d6   _BSP_Dly_ms
001656e9   _bsp_init
00165704   _GUI_hwin_obtain
001657a0   _GUI_window_child_creat
0016583e   _GUI_window_creat
001658b1   _GUI_window_destory
00165936   _GUI_window_hwin_req
0016598e   _GUI_window_hwin_release
001659b8   _GUI_window_hwin_force_req
001659e1   _GUI_window_hwin_force_release
00165a4f   _GUI_window_border_decide
00165a58   _GUI_x_set
00165a66   _GUI_x_shift
00165a71   _GUI_y_set
00165a7f   _GUI_xy_set
00165a94   _GUI_string_display
00165ac1   _GUI_string_display_At
00165acd   _GUI_string_window_display_At
00165ae7   _GUI_string_wide_display_At
00165b27   _GUI_int_display
00165b3a   _GUI_int_display_At
00165b47   _GUI_float_display
00165b56   _GUI_float_display_At
00165b66   _GUI_window_draw_dot
00165b76   _GUI_window_line_display
00165ba1   _GUI_window_angle_line_display
00165cf1   _GUI_window_draw_Rect
00165d10   _GUI_clean_window
00165d48   _GUI_fill_window_area
00165d8e   _GUI_window_bmp_display
00165db1   _GUI_task
00165e1e   _GUI_resource_req
00165e6f   _GUI_resource_release
00165e82   _measure_correct_write_to_disk
00165e8e   _measure_correct_read_from_disk
00165eb2   _measure_correct_data_save
00165fda   _measure_correct_disk_init
00166205   _measure_correct_K_renew
0016632d   _measure_driver_Ucorrect
001663a5   _measure_driver_Icorrect
001663f9   _measure_driver_Jcorrect
00166475   _measure_driver_correct_handle
001664c4   _measure_correct_clean_data
001665a9   _measure_correct_data_module_init
001665dc   _measure_sqrt_64bit_data
001665fd   _measure_driver_COSangle_count
00166689   _measure_driver_count_COS
0016693b   _measure_DLarg_angle_trans
00166aa7   _meausre_angle_data_obtain
00166b51   _measure_data_obtain
00166b66   _measure_driver_read_DLarg_init
00166c29   _app_startmod_time_display
00166c4d   _app_startmod_user_window_init
00166ce0   _app_startmod_B1_window_init
00166d6e   _app_startmod_B2_window_init
00166dbc   _app_startmod_LJT_window_init
00166dcf   _app_startmod_ERR_window_init
00166de8   _app_startmod_circle_display
00166e3f   _app_startmod_Err_display
00166eb8   _app_startmod_DLarg_display
00166fa9   _app_startmod_DLmember_window_init
001670d1   _app_startmod_step_up_init
00167186   _app_startmod_window_main_creat
001671a9   _app_startmod_window_main_destory
001671bd   _app_startmod_user_info_diplay
001671fb   _app_startmod_user_cs_info_diplay
0016723d   _app_startmod_userinfo_all_diplay
00167796   _app_global_real_UI_obtain
001677c3   _app_global_user_UI_obtain
001677e3   _app_global_rise_UI_is_open
001677ee   _app_global_select_phase
001677fb   _app_global_select_UI
00167805   _app_UIout_entery
00167837   _app_UIout_exit
0016784c   _key_input_method_hzbox_creat
00167871   _key_input_method_hzbox_destory
001678d2   _key_input_method_is_run
001678da   _input_button_call
00167900   _key_input_method_icon_open
00167944   _key_input_method_icon_close
00167966   _key_input_method_filter
0016797b   _key_input_method_switch
001679a6   _key_input_method_assign
001679b1   _key_input_method_obtain
00167d1b   _key_method_input
00167dd6   _key_method_input_shadow
00167e21   _key_input_method_xy_set
00167e2b   _key_input_method_init
00167e3d   _OSInit
00167e50   _OSStart
00167e67   _OSStatInit
00167e7e   _OSVersion
00167e81   _OS_Dummy
00167e82   _OS_EventWaitListInit
00167f68   _OS_TaskStat
00167f9b   _OS_TaskStatStkChk
00167fb6   _OS_TCBInit
0016804f   _OSMemCreate
00168095   _OSMemGet
001680b6   _OSMemPut
001680d4   _OS_MemInit
001680fa   _OSQFlush
00168111   _OS_QInit
00168137   _OSTaskCreateExt
0016818b   _OSTaskDel
00168231   _OSTaskDelReq
00168260   _OSTaskNameGet
0016829d   _OSTaskNameSet
001682e0   _OSTaskResume
0016832c   _OSTaskStkChk
00168377   _OSTaskSuspend
001683cb   _OS_TaskStkClr
001683e1   _OSTimeDly
0016840d   _OSTimeGet
00168418   _OSTimeSet
00168423   _app_local_file_write
00168527   _app_MB_info_creat
00168587   _app_hzlib_updata_MB
00168606   _app_hzlib_updata_HZLIB
001687a2   _app_plan_info_display
001687c1   _app_updata_plan
00168863   _app_updata_help
0016892c   _app_hzlib_updata_entery
001689a2   _app_updata_bootconfig
001689cd   _lcd_driver_coord_lawful
001689dd   _lcd_driver_draw_dot
001689ef   _lcd_driver_read_dot
00168a05   _lcd_driver_fill_rectangle
00168a1c   _lcd_driver_clear_screen
00168a28   _lcd_get_line_type
00168a3a   _lcd_driver_draw_line
00168c4b   _lcd_driver_draw_rectangle
00168c80   _lcd_driver_ASCcode_display
00168cc2   _lcd_driver_HZASC_display
00168d06   _lcd_driver_ZF_ASC_obtain
00168d1f   _lcd_driver_HZ_ASC_obtain
00168d67   _lcd_driver_string_print
00168de9   _mem_sector_malloc
00168e31   _mem_sector_free
00168e4e   _lcd_driver_read_block_Ext
00168e65   _lcd_driver_write_block_Ext
00168e7c   _lcd_driver_read_block
00168e9c   _lcd_driver_write_block
00168ec9   _LCD_Color2Index_565
00168ee6   _lcd_driver_bmp_display
00168eed   _lcd_driver_init
00168f06   _GUI_set_Fgcolor
00168f0d   _GUI_set_Bgcolor
00168f14   _GUI_draw_dot
00168f2a   _GUI_draw_line
00168f45   _GUI_draw_Rect
00168f60   _GUI_fill_Rect
00168f7b   _GUI_fill_Rect_At
00168f9a   _GUI_read_block
00168fb3   _GUI_write_block
00168fd0   _GUI_read_block_Ext
00168fed   _GUI_write_block_Ext
0016905b   _GUI_drawcircle
001690ad   _GUI_fillcircle
0016914c   _GUI_clean_screen
0016915c   _lcd_display_ASClib
0016917e   _GUI_print_string_ext
0016919d   _GUI_print_string
001691b2   _GUI_lcd_resource_req
001691b9   _GUI_lcd_resource_release
001691ba   _GUI_edit_start_hook
001691c0   _GUI_edit_end_hook
001691c5   _GUI_edit_run_hook
001691d9   _GUI_drop_msg_obtain_hook
001692fe   _MsgBox
00169318   _MsgPasswordBox_edit_callback
001693b8   _MsgPasswordBox
001693f1   _m25p80_driver_write_byte
001693ff   _m25p80_driver_read_byte
0016940e   _m25p80_driver_cs_en
00169422   _m25p80_driver_cs_dis
0016942d   _m25p80_driver_read_char
00169487   _m25p80_driver_write_state
001694a6   _m25p80_driver_write_char
0016950d   _m25p80_driver_sector_erase
00169559   _m25p80_driver_chip_erase
00169588   _m25p80_driver_read_int
0016962f   _m25p80_driver_write_int
001696e0   _app_global_flash_erase_sector
001696f1   _app_global_flash_erase_all
001696fe   _app_global_flash_read_char
00169713   _app_global_flash_read_int
00169728   _app_global_flash_write_char
0016973d   _app_global_flash_write_int
00169752   _app_global_flash_write_bytes
00169767   _app_global_flash_read_bytes
0016977c   _app_global_flash_resouce_req
0016977d   _app_global_flash_resouce_release
0016977e   _Check_Toggle_Ready
001697ed   _Erase_Entire_Chip
00169841   _SSTflash_erase_on_sector
0016984e   _SSTflash_erase_on_block
0016985b   _SSTflash_read_bytes
0016987b   _SSTflash_read_int
001698a2   _SSTflash_write_bytes
00169ae9   _GUI_touch_read
00169b51   _GUI_form_creat
00169bb5   _GUI_touch_correct
00169d7b   _GUI_touch_resource_req
00169d8b   _GUI_touch_resource_release
00169d94   _os_lock
00169d9e   _os_unlock
00169da5   _os_lock_revert
00169dad   _os_lock_creat
00169dc8   _os_sem_creat
00169deb   _os_sem_revert
00169dff   _os_sem_pend
00169e0b   _os_q_creat
00169e2d   _os_task_req_pro_array
00169e6b   _os_task_release_pro_array
00169e90   _os_task_assign_pro_build
00169efd   _os_task_assign_stk_build
00169f30   _os_task_random_build
00169f38   _os_task_delete
00169f4f   _os_task_delete_all
00169f6d   _os_task_name_set
00169f78   _os_task_name_get
00169f85   _os_connect_init
00169f9a   _os_driver_add
0016a000   _os_driver_delete
0016a027   _os_driver_uninstall
0016a042   _os_driver_init
0016a05a   _os_driver_read
0016a07a   _os_driver_write
0016a09a   _os_driver_ioctl
0016a0b6   _os_driver_maneger_tab_init
0016a0c5   _app_module_start_hook
0016a0c9   _app_module_stop_hook
0016a0cd   _app_module_start
0016a0eb   _app_module_exit
0016a106   _app_module_switch
0016a12f   _app_module_add
0016a15f   _app_module_delete
0016a175   _app_module_get_qmsg_box
0016a198   _app_module_send_hmsg
0016a1c6   _app_module_switch_last_mod
0016a1d5   _app_module_assign_mod
0016a1e0   _app_module_maneger_exit
0016a1eb   _app_module_state_handle
0016a21f   _app_module_pos_name_set
0016a233   _app_module_pos_name_obtain
0016a23f   _app_module_maneger_init
0016a258   _app_module_get_cur_id
0016a25c   _app_module_get_last_id
0016a260   _app_module_get_reboot_flag
0016a690   _GUI_task_hook
0016a6ac   _hand_write_input_GB_obtain
0016a6bb   _hand_wirte_input_box_pos_set
0016a6c6   _hand_write_input_entery
0016a6f1   _hand_write_input_exit
0016a703   _hand_write_input_init
0016a704   _app_startmod_callblack
0016a75e   _app_startmod_DL_ftostr
0016a7a6   _app_startmod_save_data_handle
0016a7c6   _app_startmod_user_set_setting
0016a889   _app_startmod_userinfo_setting
0016a981   _app_startmod_task_switch_function
0016a9fa   _app_startmod_main_task
0016aa45   _app_startmod_main_key_task
0016ab40   _app_startmod_fun_entry
0016ab55   _app_startmod_fun_exit
0016ab6e   _meausre_set_DDS_PQk
0016abcd   _meausre_DDS_out_select
0016ac2a   _measure_driver_auto_change_Ulevel
0016ac92   _measure_driver_JXmod_sys
0016ad14   _measure_identity_check
0016ad16   _measure_lostUI_sys
0016ae62   _measure_auto_select_PLL
0016ae9b   _measure_task
0016af0e   _measure_driver_start
0016af20   _measure_driver_stop
0016af2d   _measure_hardware_set
0016af7a   _measure_entery
0016afa4   _measure_exit
0016afaa   _fm25c164_write_enable
0016afb1   _fm25c164_write_disenable
0016afb8   _fm25c164_WP_enable
0016afb9   _fm25c164_WP_disenable
0016afba   _fm25c164_driver_cs_en
0016afce   _fm25c164_driver_cs_dis
0016afd6   _fm25c164_driver_write_byte
0016afe4   _fm25c164_driver_read_byte
0016aff3   _fm25c164_driver_write_state
0016b012   _app_global_e2prom_fill
0016b04c   _app_global_e2prom_write_char
0016b08a   _app_global_e2prom_read_char
0016b0b6   _app_global_e2prom_switch_disk
0016b0ba   _app_global_e2prom_read_int
0016b0e6   _app_global_e2prom_write_int
0016b124   _app_global_e2prom_write_bytes
0016b12e   _app_global_e2prom_read_bytes
0016b1e4   _e2p_file_size_obtain
0016b207   _e2p_file_max_size_obtain
0016b22a   _e2p_file_creat
0016b269   _e2p_file_check
0016b28a   _e2p_file_delete
0016b2be   _e2p_file_read
0016b2fc   _e2p_file_write
0016b345   _e2p_file_to_init
0016b519   _app_LJT_display
0016b693   _app_LJT_init
0016b6ab   _USB_disk_dev_connect
0016b6b0   _USB_HID_dev_connect
0016b6b4   _USB_dev_move
0016b6b9   _USBFS_data_ISR
0016b6c7   _USBhid_data_ISR
0016b798   _USBFS_fopen
0016b816   _USBFS_file_size_obtain
0016b81a   _USBFS_fclose
0016b856   _USBFS_fread
0016b8bc   _USBFS_fwrite
0016b901   _USB_HID_data_obtain
0016b940   _USBfs_init
0016b97c   _USB_main_task
0016b982   _FS_task_delete_req
0016b98b   _fs_lock
0016b991   _fs_unlock
0016b997   _FS_req
0016b99e   _FS_release
0016b99f   _fft_R1024
0016b9e3   _CountHarm
0016bb42   _GUI_free_cursor_obtain
0016bba6   _GUI_cursor_shift
0016bbe4   _GUI_cursor_reload
0016bc04   _GUI_cursor_state_obtain
0016bc0a   _GUI_cursor_start
0016bc69   _GUI_cursor_stop
0016bca5   _GUI_cursor_init
0016bcd5   _EXTIO_buff_Bitrenew
0016bcf8   _EXTIO_Bitrenew
0016bd02   _EXTIO_init
0016bd1d   _measure_CTScale_select_PLL
0016bd8b   _measure_CTScale_select_I_level
0016bde9   _measure_CTScale_select_U_level
0016be34   _measure_CTScale_init
0016be4b   _OSTaskStkInit
0016bf70   _OSInitHookBegin
0016bf71   _OSInitHookEnd
0016bf72   _OSTaskCreateHook
0016bf78   _OSTaskDelHook
0016bf7e   _OSTaskIdleHook
0016bf7f   _OSTaskStatHook
0016bf80   _OSTaskSWHook
0016bf81   _OSTCBInitHook
0016bf87   _App_TaskCreateHook
0016bf8d   _App_TaskDelHook
0016bf93   _App_TaskIdleHook
0016bf94   _App_TaskStatHook
0016bf95   _App_TaskSwHook
0016bf96   _App_TCBInitHook
0016bf9c   _App_TimeTickHook
0016bf9d   _py_index_aToz_NUm
0016c00a   _ReadInitHanZi
0016c00f   _FindHanZiMB
0016c066   _py_ime
0016c0e8   _measure_driver_path1_count_ERR
0016c107   _measure_driver_path2_count_ERR
0016c126   _measure_driver_count_ERR_handle
0016c1df   _measure_driver_count_ERR
0016c211   _measure_error_path1_dx_counter_obtain
0016c21e   _measure_error_path2_dx_counter_obtain
0016c22b   _measure_error_count_init
0016c232   _app_global_decide_inputkey
0016c250   _app_global_decide_Nkey
0016c26e   _app_global_decide_Dkey
0016c27d   _app_global_Ntokey
0016c2a1   _app_global_keytoletter
0016c2bf   _app_global_key_control_power_req
0016c2c5   _app_global_key_control_power_release
0016c2cb   _app_global_key_force_obtain
0016c2ea   _app_global_key_dummy_press
0016c2f6   _app_global_key_wait
0016c323   _app_global_key_obtain
0016c34c   _app_global_key_FIFO_empty
0016c354   _app_global_key_resource_req
0016c367   _app_global_key_resource_release
0016c370   _LoadProgramFromSPIFlash
0016c4a9   _app_USBmod_window_creat
0016c533   _app_USBmod_window_destroy
0016c539   _app_USBmod_search_window_creat
0016c5d8   _app_help_file_string_obtain
0016c611   _app_helpmod_contens_display
0016c645   _app_help_callblack
0016c6af   _app_help_nomal_display
0016c6c1   _app_help_abnomal_display
0016c6d1   _app_help_fun
0016c704   _app_helpmod_entery
0016c732   _app_help_file_paging
0016c82e   _CFFT32_calc
0016c938   FS$$DIV
0016ca9f   _measure_driver_self_correct_start
0016caa4   _measure_driver_self_correct_finish
0016caa8   _measure_self_DLdata_count
0016cae5   _wave_creat_test
0016caf6   _app_global_DLuser_arg_read
0016cb60   _app_global_DLuser_arg_write
0016cb78   _app_global_resouce_req
0016cb86   _app_global_resouce_release
0016cb93   _app_global_ram_init
0016cb9a   _app_global_resouce_init
0016cbbf   _atan2
0016cc66   _mod_switch_hook
0016cc6b   _mod_err_inlet
0016cc6c   _os_reboot_hook
0016cc74   _os_is_first_boot
0016cc84   _os_isr_init
0016cca4   _pec_os_msg
0016cca5   _pec_product_msg
0016cca6   _support_mod_init
0016ccab   _app_module_handle_hook
0016ccac   _app_mod_mount
0016ccb7   _app_get_1th_mod_id
0016ccbb   _app_start_module
0016ccc8   _user_main_task
0016cce3   _app_init
0016ccf1   _main
0016cd28   _app_global_buz_alarm
0016cd46   _app_global_buz_response
0016cd61   _app_global_buz_entery
0016cd7d   _app_global_buz_exit
0016cd8d   _GUI_bmp_flash_display
0016cd94   _GUI_libASC_display
0016cdb2   _GUI_libASC_display_At
0016cde8   _GUI_bigStr_display_At
0016cdfd   _GUI_bigfloat_display_At
0016ce17   _GUI_lib_init
0016ce18   _app_global_DLarg_obtain
0016ce23   _app_global_DLerr_obtain
0016ce2e   _app_global_DLflag_obtain
0016ce39   _app_global_set_user_dl_arg
0016ce44   _app_global_QB_select
0016ce57   _app_global_ERR_circle_obtain
0016ce63   _app_global_DL_measure_entery
0016ce6b   _app_global_DL_measure_exit
0016ce73   _app_global_DL_driver_add
0016ce8a   _app_global_DL_driver_delete
0016ce94   _RFFT32_split
0016cefa   _cos
0016cf5b   _sin
0016cfba   _app_USBmod_main_task
0016cff9   _app_USBmod_fun_entry
0016d006   _app_USBmod_fun_exit
0016d012   _c_int00
0016d058   _atol
0016d092   _atoi
0016d0c3   L$$DIV
0016d0d2   L$$MOD
0016d0e0   UL$$DIV
0016d0e7   UL$$MOD
0016d0ed   _app_startmod_resource_init
0016d0f6   _app_startmod_insmod
0016d0fe   _app_startmod_exit
0016d104   _app_startmod_add
0016d112   _RFFT32_win
0016d136   I$$DIV
0016d147   I$$MOD
0016d158   _RFFT32_brev
0016d17a   LL$$TOFS
0016d19a   _strncpy
0016d1b9   _app_USBmod_resource_init
0016d1ba   _app_USBmod_insmod
0016d1c2   _app_USBmod_exit
0016d1c8   _app_USBmod_add
0016d1d6   C$$EXIT
0016d1d6   _abort
0016d1d8   _exit
0016d1ee   __args_main
0016d20f   U$$DIV
0016d214   U$$MOD
0016d21a   _strlen
0016d224   __register_unlock
0016d228   __register_lock
0016d22c   __nop
0016d22d   _memset
0016d236   ___etext__
0016d236   etext
0033fff8   _CsmPwl
00380080   _ADC_cal
ffffffff   ___TI_pprof_out_hndl
ffffffff   ___TI_prof_var_size
ffffffff   ___TI_prof_var_start
ffffffff   ___binit__
ffffffff   ___c_args__
ffffffff   ___pinit__
ffffffff   binit
ffffffff   pinit

[1313 symbols]
